t 0x562f6a060970 childCount 17 color 923304772 key 1- Init START
561ffbcf6eba:108979:108979 [0] NCCL INFO ncclTopoGetCpuAffinity: Affinity for GPU 0 is 0-47,96-143. (GPU affinity = 0-47,96-143 ; CPU affinity = 0-47,96-143).
561ffbcf6eba:108979:108979 [0] NCCL INFO NVLS multicast support is not available on dev 0 (NVLS_NCHANNELS 0)
561ffbcf6eba:108983:108983 [4] NCCL INFO ncclTopoGetCpuAffinity: Affinity for GPU 4 is 48-95,144-191. (GPU affinity = 48-95,144-191 ; CPU affinity = 48-95,144-191).
561ffbcf6eba:108983:108983 [4] NCCL INFO NVLS multicast support is not available on dev 4 (NVLS_NCHANNELS 0)
561ffbcf6eba:108979:108979 [0] NCCL INFO comm 0x612c0eaff1c0 rank 0 nRanks 2 nNodes 1 localRanks 2 localRank 0 MNNVL 0
561ffbcf6eba:108983:108983 [4] NCCL INFO comm 0x562f6ef2b630 rank 1 nRanks 2 nNodes 1 localRanks 2 localRank 1 MNNVL 0
561ffbcf6eba:108979:108979 [0] NCCL INFO Channel 00/02 : 0 1
561ffbcf6eba:108979:108979 [0] NCCL INFO Channel 01/02 : 0 1
561ffbcf6eba:108983:108983 [4] NCCL INFO Trees [0] -1/-1/-1->1->0 [1] -1/-1/-1->1->0
561ffbcf6eba:108979:108979 [0] NCCL INFO Trees [0] 1/-1/-1->0->-1 [1] 1/-1/-1->0->-1
561ffbcf6eba:108983:108983 [4] NCCL INFO P2P Chunksize set to 131072
561ffbcf6eba:108979:108979 [0] NCCL INFO P2P Chunksize set to 131072
561ffbcf6eba:108983:108983 [4] NCCL INFO Check P2P Type isAllDirectP2p 0 directMode 0 isAllCudaP2p 0
561ffbcf6eba:108979:108979 [0] NCCL INFO Check P2P Type isAllDirectP2p 0 directMode 0 isAllCudaP2p 0
561ffbcf6eba:108983:109320 [0] NCCL INFO [Proxy Service] Device 4 CPU core 87
561ffbcf6eba:108979:109321 [0] NCCL INFO [Proxy Service] Device 0 CPU core 109
561ffbcf6eba:108983:109322 [0] NCCL INFO [Proxy Service UDS] Device 4 CPU core 190
561ffbcf6eba:108979:109323 [0] NCCL INFO [Proxy Service UDS] Device 0 CPU core 2
561ffbcf6eba:108983:108983 [4] NCCL INFO threadThresholds 8/8/64 | 16/8/64 | 512 | 512
561ffbcf6eba:108983:108983 [4] NCCL INFO 2 coll channels, 2 collnet channels, 0 nvls channels, 2 p2p channels, 2 p2p channels per peer
561ffbcf6eba:108983:108983 [4] NCCL INFO Symmetric memory is not supported. cuMemEnable 1, globalGinSupport 0, globalNicFused 0 cuMemGdrSupport 0
561ffbcf6eba:108979:108979 [0] NCCL INFO threadThresholds 8/8/64 | 16/8/64 | 512 | 512
561ffbcf6eba:108979:108979 [0] NCCL INFO 2 coll channels, 2 collnet channels, 0 nvls channels, 2 p2p channels, 2 p2p channels per peer
561ffbcf6eba:108979:108979 [0] NCCL INFO Symmetric memory is not supported. cuMemEnable 1, globalGinSupport 0, globalNicFused 0 cuMemGdrSupport 0
561ffbcf6eba:108979:108979 [0] NCCL INFO CC Off, workFifoBytes 1048576
561ffbcf6eba:108983:108983 [4] NCCL INFO ncclCommSplit comm 0x562f6ef2b630 rank 1 nranks 2 cudaDev 4 nvmlDev 4 busId 81000 parent 0x562f6a060970 childCount 17 color 923304772 key 1 - Init COMPLETE
561ffbcf6eba:108983:108983 [4] NCCL INFO Init timings - ncclCommSplit: rank 1 nranks 2 total 0.03 (kernels 0.00, alloc 0.00, bootstrap 0.00, allgathers 0.00, topo 0.01, graphs 0.00, connections 0.00, rest 0.01)
561ffbcf6eba:108979:108979 [0] NCCL INFO ncclCommSplit comm 0x612c0eaff1c0 rank 0 nranks 2 cudaDev 0 nvmlDev 0 busId 1000 parent 0x612c09c36bf0 childCount 17 color 923304772 key 0 - Init COMPLETE
561ffbcf6eba:108979:108979 [0] NCCL INFO Init timings - ncclCommSplit: rank 0 nranks 2 total 0.03 (kernels 0.00, alloc 0.00, bootstrap 0.00, allgathers 0.00, topo 0.01, graphs 0.00, connections 0.00, rest 0.01)
561ffbcf6eba:108979:108979 [0] NCCL INFO Rank 0 has color with NCCL_SPLIT_NOCOLOR, not creating a new communicator
561ffbcf6eba:108983:108983 [4] NCCL INFO Rank 4 has color with NCCL_SPLIT_NOCOLOR, not creating a new communicator
561ffbcf6eba:108980:108980 [1] NCCL INFO Initialized NET plugin Socket
561ffbcf6eba:108984:108984 [5] NCCL INFO Initialized NET plugin Socket
561ffbcf6eba:108982:108982 [3] NCCL INFO Rank 3 has color with NCCL_SPLIT_NOCOLOR, not creating a new communicator
561ffbcf6eba:108986:108986 [7] NCCL INFO Rank 7 has color with NCCL_SPLIT_NOCOLOR, not creating a new communicator
561ffbcf6eba:108979:108979 [0] NCCL INFO Rank 0 has color with NCCL_SPLIT_NOCOLOR, not creating a new communicator
561ffbcf6eba:108983:108983 [4] NCCL INFO Rank 4 has color with NCCL_SPLIT_NOCOLOR, not creating a new communicator
561ffbcf6eba:108980:108980 [1] NCCL INFO Assigned NET plugin Socket to comm
561ffbcf6eba:108980:108980 [1] NCCL INFO Failed to initialize any GIN plugin
561ffbcf6eba:108984:108984 [5] NCCL INFO Assigned NET plugin Socket to comm
561ffbcf6eba:108980:108980 [1] NCCL INFO Using network Socket
561ffbcf6eba:108984:108984 [5] NCCL INFO Failed to initialize any GIN plugin
561ffbcf6eba:108984:108984 [5] NCCL INFO Using network Socket
561ffbcf6eba:108980:108980 [1] NCCL INFO ncclCommSplit comm 0x597dd32869a0 rank 0 nranks 2 cudaDev 1 nvmlDev 1 busId 23000 parent 0x597dce3bc000 childCount 18 color 1449462471 key 0- Init START
561ffbcf6eba:108984:108984 [5] NCCL INFO ncclCommSplit comm 0x5ab8e42c4f60 rank 1 nranks 2 cudaDev 5 nvmlDev 5 busId a1000 parent 0x5ab8df3fa750 childCount 18 color 1449462471 key 1- Init START
561ffbcf6eba:108980:108980 [1] NCCL INFO ncclTopoGetCpuAffinity: Affinity for GPU 1 is 0-47,96-143. (GPU affinity = 0-47,96-143 ; CPU affinity = 0-47,96-143).
561ffbcf6eba:108980:108980 [1] NCCL INFO NVLS multicast support is not available on dev 1 (NVLS_NCHANNELS 0)
561ffbcf6eba:108984:108984 [5] NCCL INFO ncclTopoGetCpuAffinity: Affinity for GPU 5 is 48-95,144-191. (GPU affinity = 48-95,144-191 ; CPU affinity = 48-95,144-191).
561ffbcf6eba:108984:108984 [5] NCCL INFO NVLS multicast support is not available on dev 5 (NVLS_NCHANNELS 0)
561ffbcf6eba:108980:108980 [1] NCCL INFO comm 0x597dd32869a0 rank 0 nRanks 2 nNodes 1 localRanks 2 localRank 0 MNNVL 0
561ffbcf6eba:108984:108984 [5] NCCL INFO comm 0x5ab8e42c4f60 rank 1 nRanks 2 nNodes 1 localRanks 2 localRank 1 MNNVL 0
561ffbcf6eba:108980:108980 [1] NCCL INFO Channel 00/02 : 0 1
561ffbcf6eba:108980:108980 [1] NCCL INFO Channel 01/02 : 0 1
561ffbcf6eba:108984:108984 [5] NCCL INFO Trees [0] -1/-1/-1->1->0 [1] -1/-1/-1->1->0
561ffbcf6eba:108980:108980 [1] NCCL INFO Trees [0] 1/-1/-1->0->-1 [1] 1/-1/-1->0->-1
561ffbcf6eba:108984:108984 [5] NCCL INFO P2P Chunksize set to 131072
561ffbcf6eba:108980:108980 [1] NCCL INFO P2P Chunksize set to 131072
561ffbcf6eba:108984:108984 [5] NCCL INFO Check P2P Type isAllDirectP2p 0 directMode 0 isAllCudaP2p 0
561ffbcf6eba:108980:108980 [1] NCCL INFO Check P2P Type isAllDirectP2p 0 directMode 0 isAllCudaP2p 0
561ffbcf6eba:108980:109335 [0] NCCL INFO [Proxy Service] Device 1 CPU core 127
561ffbcf6eba:108984:109334 [0] NCCL INFO [Proxy Service] Device 5 CPU core 59
561ffbcf6eba:108980:109337 [0] NCCL INFO [Proxy Service UDS] Device 1 CPU core 10
561ffbcf6eba:108984:109336 [0] NCCL INFO [Proxy Service UDS] Device 5 CPU core 74
561ffbcf6eba:108984:108984 [5] NCCL INFO threadThresholds 8/8/64 | 16/8/64 | 512 | 512
561ffbcf6eba:108984:108984 [5] NCCL INFO 2 coll channels, 2 collnet channels, 0 nvls channels, 2 p2p channels, 2 p2p channels per peer
561ffbcf6eba:108984:108984 [5] NCCL INFO Symmetric memory is not supported. cuMemEnable 1, globalGinSupport 0, globalNicFused 0 cuMemGdrSupport 0
561ffbcf6eba:108980:108980 [1] NCCL INFO threadThresholds 8/8/64 | 16/8/64 | 512 | 512
561ffbcf6eba:108980:108980 [1] NCCL INFO 2 coll channels, 2 collnet channels, 0 nvls channels, 2 p2p channels, 2 p2p channels per peer
561ffbcf6eba:108980:108980 [1] NCCL INFO Symmetric memory is not supported. cuMemEnable 1, globalGinSupport 0, globalNicFused 0 cuMemGdrSupport 0
561ffbcf6eba:108980:108980 [1] NCCL INFO CC Off, workFifoBytes 1048576
561ffbcf6eba:108984:108984 [5] NCCL INFO ncclCommSplit comm 0x5ab8e42c4f60 rank 1 nranks 2 cudaDev 5 nvmlDev 5 busId a1000 parent 0x5ab8df3fa750 childCount 18 color 1449462471 key 1 - Init COMPLETE
561ffbcf6eba:108984:108984 [5] NCCL INFO Init timings - ncclCommSplit: rank 1 nranks 2 total 0.03 (kernels 0.00, alloc 0.00, boo561ffbcf6eba:108980:108980 [1] NCCL INFO ncclCommSplit comm 0x597dd32869a0 rank 0 nranks 2 cudaDev 1 nvmlDev 1 busId 23000 parentstrap 0.00, allgathers 0.00, topo 0.01, graphs 0.00, connections 0.00, rest 0.01)
t 0x597dce3bc000 childCount 18 color 1449462471 key 0 - Init COMPLETE
561ffbcf6eba:108980:108980 [1] NCCL INFO Init timings - ncclCommSplit: rank 0 nranks 2 total 0.03 (kernels 0.00, alloc 0.00, bootstrap 0.00, allgathers 0.00, topo 0.01, graphs 0.00, connections 0.00, rest 0.01)
561ffbcf6eba:108980:108980 [1] NCCL INFO Rank 1 has color with NCCL_SPLIT_NOCOLOR, not creating a new communicator
561ffbcf6eba:108984:108984 [5] NCCL INFO Rank 5 has color with NCCL_SPLIT_NOCOLOR, not creating a new communicator
561ffbcf6eba:108985:108985 [6] NCCL INFO Initialized NET plugin Socket
561ffbcf6eba:108981:108981 [2] NCCL INFO Initialized NET plugin Socket
561ffbcf6eba:108980:108980 [1] NCCL INFO Rank 1 has color with NCCL_SPLIT_NOCOLOR, not creating a new communicator
561ffbcf6eba:108983:108983 [4] NCCL INFO Rank 4 has color with NCCL_SPLIT_NOCOLOR, not creating a new communicator
561ffbcf6eba:108984:108984 [5] NCCL INFO Rank 5 has color with NCCL_SPLIT_NOCOLOR, not creating a new communicator
561ffbcf6eba:108979:108979 [0] NCCL INFO Rank 0 has color with NCCL_SPLIT_NOCOLOR, not creating a new communicator
561ffbcf6eba:108985:108985 [6] NCCL INFO Assigned NET plugin Socket to comm
561ffbcf6eba:108981:108981 [2] NCCL INFO Assigned NET plugin Socket to comm
561ffbcf6eba:108985:108985 [6] NCCL INFO Failed to initialize any GIN plugin
561ffbcf6eba:108981:108981 [2] NCCL INFO Failed to initialize any GIN plugin
561ffbcf6eba:108985:108985 [6] NCCL INFO Using network Socket
561ffbcf6eba:108981:108981 [2] NCCL INFO Using network Socket
561ffbcf6eba:108985:108985 [6] NCCL INFO ncclCommSplit comm 0x57c0980f1120 rank 1 nranks 2 cudaDev 6 nvmlDev 6 busId c1000 paren561ffbcf6eba:108981:108981 [2] NCCL INFO ncclCommSplit comm 0x5a0a08e8da00 rank 0 nranks 2 cudaDev 2 nvmlDev 2 busId 41000 parent 0x57c093226b10 childCount 19 color 120142604 key 1- Init START
t 0x5a0a03fc3500 childCount 19 color 120142604 key 0- Init START
561ffbcf6eba:108981:108981 [2] NCCL INFO ncclTopoGetCpuAffinity: Affinity for GPU 2 is 0-47,96-143. (GPU affinity = 0-47,96-143 ; CPU affinity = 0-47,96-143).
561ffbcf6eba:108981:108981 [2] NCCL INFO NVLS multicast support is not available on dev 2 (NVLS_NCHANNELS 0)
561ffbcf6eba:108985:108985 [6] NCCL INFO ncclTopoGetCpuAffinity: Affinity for GPU 6 is 48-95,144-191. (GPU affinity = 48-95,144-191 ; CPU affinity = 48-95,144-191).
561ffbcf6eba:108985:108985 [6] NCCL INFO NVLS multicast support is not available on dev 6 (NVLS_NCHANNELS 0)
561ffbcf6eba:108981:108981 [2] NCCL INFO comm 0x5a0a08e8da00 rank 0 nRanks 2 nNodes 1 localRanks 2 localRank 0 MNNVL 0
561ffbcf6eba:108985:108985 [6] NCCL INFO comm 0x57c0980f1120 rank 1 nRanks 2 nNodes 1 localRanks 2 localRank 1 MNNVL 0
561ffbcf6eba:108981:108981 [2] NCCL INFO Channel 00/02 : 0 1
561ffbcf6eba:108981:108981 [2] NCCL INFO Channel 01/02 : 0 1
561ffbcf6eba:108985:108985 [6] NCCL INFO Trees [0] -1/-1/-1->1->0 [1] -1/-1/-1->1->0
561ffbcf6eba:108981:108981 [2] NCCL INFO Trees [0] 1/-1/-1->0->-1 [1] 1/-1/-1->0->-1
561ffbcf6eba:108985:108985 [6] NCCL INFO P2P Chunksize set to 131072
561ffbcf6eba:108981:108981 [2] NCCL INFO P2P Chunksize set to 131072
561ffbcf6eba:108985:108985 [6] NCCL INFO Check P2P Type isAllDirectP2p 0 directMode 0 isAllCudaP2p 0
561ffbcf6eba:108981:108981 [2] NCCL INFO Check P2P Type isAllDirectP2p 0 directMode 0 isAllCudaP2p 0
561ffbcf6eba:108985:109348 [0] NCCL INFO [Proxy Service] Device 6 CPU core 190
561ffbcf6eba:108981:109349 [0] NCCL INFO [Proxy Service] Device 2 CPU core 37
561ffbcf6eba:108985:109350 [0] NCCL INFO [Proxy Service UDS] Device 6 CPU core 80
561ffbcf6eba:108981:109351 [0] NCCL INFO [Proxy Service UDS] Device 2 CPU core 30
561ffbcf6eba:108985:108985 [6] NCCL INFO threadThresholds 8/8/64 | 16/8/64 | 512 | 512
561ffbcf6eba:108985:108985 [6] NCCL INFO 2 coll channels, 2 collnet channels, 0 nvls channels, 2 p2p channels, 2 p2p channels per peer
561ffbcf6eba:108985:108985 [6] NCCL INFO Symmetric memory is not supported. cuMemEnable 1, globalGinSupport 0, globalNicFused 0 cuMemGdrSupport 0
561ffbcf6eba:108981:108981 [2] NCCL INFO threadThresholds 8/8/64 | 16/8/64 | 512 | 512
561ffbcf6eba:108981:108981 [2] NCCL INFO 2 coll channels, 2 collnet channels, 0 nvls channels, 2 p2p channels, 2 p2p channels per peer
561ffbcf6eba:108981:108981 [2] NCCL INFO Symmetric memory is not supported. cuMemEnable 1, globalGinSupport 0, globalNicFused 0 cuMemGdrSupport 0
561ffbcf6eba:108981:108981 [2] NCCL INFO CC Off, workFifoBytes 1048576
561ffbcf6eba:108985:108985 [6] NCCL INFO ncclCommSplit comm 0x57c0980f1120 rank 1 nranks 2 cudaDev 6 nvmlDev 6 busId c1000 parent 0x57c093226b10 childCount 19 color 120142604 key 1 - Init COMPLETE
561ffbcf6eba:108985:108985 [6] NCCL INFO Init timings - ncclCommSplit: rank 1 nranks 2 total 0.03 (kernels 0.00, alloc 0.00, bootstrap 0.00, allgathers 0.00, topo 0.01, graphs 0.00, connections 0.00, rest 0.01)
561ffbcf6eba:108981:108981 [2] NCCL INFO ncclCommSplit comm 0x5a0a08e8da00 rank 0 nranks 2 cudaDev 2 nvmlDev 2 busId 41000 parent 0x5a0a03fc3500 childCount 19 color 120142604 key 0 - Init COMPLETE
561ffbcf6eba:108981:108981 [2] NCCL INFO Init timings - ncclCommSplit: rank 0 nranks 2 total 0.03 (kernels 0.00, alloc 0.00, bootstrap 0.00, allgathers 0.00, topo 0.01, graphs 0.00, connections 0.00, rest 0.01)
561ffbcf6eba:108985:108985 [6] NCCL INFO Rank 6 has color with NCCL_SPLIT_NOCOLOR, not creating a new communicator
561ffbcf6eba:108981:108981 [2] NCCL INFO Rank 2 has color with NCCL_SPLIT_NOCOLOR, not creating a new communicator
561ffbcf6eba:108982:108982 [3] NCCL INFO Initialized NET plugin Socket
561ffbcf6eba:108986:108986 [7] NCCL INFO Initialized NET plugin Socket
561ffbcf6eba:108982:108982 [3] NCCL INFO Assigned NET plugin Socket to comm
561ffbcf6eba:108982:108982 [3] NCCL INFO Failed to initialize any GIN plugin
561ffbcf6eba:108986:108986 [7] NCCL INFO Assigned NET plugin Socket to comm
561ffbcf6eba:108982:108982 [3] NCCL INFO Using network Socket
561ffbcf6eba:108985:108985 [6] NCCL INFO Rank 6 has color with NCCL_SPLIT_NOCOLOR, not creating a new communicator
561ffbcf6eba:108980:108980 [1] NCCL INFO Rank 1 has color with NCCL_SPLIT_NOCOLOR, not creating a new communicator
561ffbcf6eba:108981:108981 [2] NCCL INFO Rank 2 has color with NCCL_SPLIT_NOCOLOR, not creating a new communicator
561ffbcf6eba:108986:108986 [7] NCCL INFO Failed to initialize any GIN plugin
561ffbcf6eba:108984:108984 [5] NCCL INFO Rank 5 has color with NCCL_SPLIT_NOCOLOR, not creating a new communicator
561ffbcf6eba:108986:108986 [7] NCCL INFO Using network Socket
561ffbcf6eba:108982:108982 [3] NCCL INFO ncclCommSplit comm 0x58d68bde5ad0 rank 0 nranks 2 cudaDev 3 nvmlDev 3 busId 61000 parent 0x58d686f1b450 childCount 20 color 1211335945 key 0- Init START
561ffbcf6eba:108986:108986 [7] NCCL INFO ncclCommSplit comm 0x5ffc64500c30 rank 1 nranks 2 cudaDev 7 nvmlDev 7 busId e1000 parent 0x5ffc5f6369b0 childCount 20 color 1211335945 key 1- Init START
561ffbcf6eba:108986:108986 [7] NCCL INFO ncclTopoGetCpuAffinity: Affinity for GPU 7 is 48-95,144-191. (GPU affinity = 48-95,144-191 ; CPU affinity = 48-95,144-191).
561ffbcf6eba:108982:108982 [3] NCCL INFO ncclTopoGetCpuAffinity: Affinity for GPU 3 is 0-47,96-143. (GPU affinity = 0-47,96-143 561ffbcf6eba:108986:108986 [7] NCCL INFO NVLS multicast support is not available on dev 7 (NVLS_NCHANNELS 0)
; CPU affinity = 0-47,96-143).
561ffbcf6eba:108982:108982 [3] NCCL INFO NVLS multicast support is not available on dev 3 (NVLS_NCHANNELS 0)
561ffbcf6eba:108982:108982 [3] NCCL INFO comm 0x58d68bde5ad0 rank 0 nRanks 2 nNodes 1 localRanks 2 localRank 0 MNNVL 0
561ffbcf6eba:108986:108986 [7] NCCL INFO comm 0x5ffc64500c30 rank 1 nRanks 2 nNodes 1 localRanks 2 localRank 1 MNNVL 0
561ffbcf6eba:108982:108982 [3] NCCL INFO Channel 00/02 : 0 1
561ffbcf6eba:108982:108982 [3] NCCL INFO Channel 01/02 : 0 1
561ffbcf6eba:108986:108986 [7] NCCL INFO Trees [0] -1/-1/-1->1->0 [1] -1/-1/-1->1->0
561ffbcf6eba:108982:108982 [3] NCCL INFO Trees [0] 1/-1/-1->0->-1 [1] 1/-1/-1->0->-1
561ffbcf6eba:108986:108986 [7] NCCL INFO P2P Chunksize set to 131072
561ffbcf6eba:108982:108982 [3] NCCL INFO P2P Chunksize set to 131072
561ffbcf6eba:108986:108986 [7] NCCL INFO Check P2P Type isAllDirectP2p 0 directMode 0 isAllCudaP2p 0
561ffbcf6eba:108982:108982 [3] NCCL INFO Check P2P Type isAllDirectP2p 0 directMode 0 isAllCudaP2p 0
561ffbcf6eba:108986:109362 [0] NCCL INFO [Proxy Service] Device 7 CPU core 165
561ffbcf6eba:108982:109363 [0] NCCL INFO [Proxy Service] Device 3 CPU core 21
561ffbcf6eba:108986:109364 [0] NCCL INFO [Proxy Service UDS] Device 7 CPU core 183
561ffbcf6eba:108982:109365 [0] NCCL INFO [Proxy Service UDS] Device 3 CPU core 122
561ffbcf6eba:108986:108986 [7] NCCL INFO threadThresholds 8/8/64 | 16/8/64 | 512 | 512
561ffbcf6eba:108986:108986 [7] NCCL INFO 2 coll channels, 2 collnet channels, 0 nvls channels, 2 p2p channels, 2 p2p channels per peer
561ffbcf6eba:108986:108986 [7] NCCL INFO Symmetric memory is not supported. cuMemEnable 1, globalGinSupport 0, globalNicFused 0 cuMemGdrSupport 0
561ffbcf6eba:108982:108982 [3] NCCL INFO threadThresholds 8/8/64 | 16/8/64 | 512 | 512
561ffbcf6eba:108982:108982 [3] NCCL INFO 2 coll channels, 2 collnet channels, 0 nvls channels, 2 p2p channels, 2 p2p channels per peer
561ffbcf6eba:108982:108982 [3] NCCL INFO Symmetric memory is not supported. cuMemEnable 1, globalGinSupport 0, globalNicFused 0 cuMemGdrSupport 0
561ffbcf6eba:108982:108982 [3] NCCL INFO CC Off, workFifoBytes 1048576
561ffbcf6eba:108986:108986 [7] NCCL INFO ncclCommSplit comm 0x5ffc64500c30 rank 1 nranks 2 cudaDev 7 nvmlDev 7 busId e1000 parent 0x5ffc5f6369b0 childCount 20 color 1211335945 key 1 - Init COMPLETE
561ffbcf6eba:108986:108986 [7] NCCL INFO Init timings - ncclCommSplit: rank 1 nranks 2 total 0.03 (kernels 0.00, alloc 0.00, boo561ffbcf6eba:108982:108982 [3] NCCL INFO ncclCommSplit comm 0x58d68bde5ad0 rank 0 nranks 2 cudaDev 3 nvmlDev 3 busId 61000 parentstrap 0.00, allgathers 0.00, topo 0.01, graphs 0.00, connections 0.00, rest 0.01)
t 0x58d686f1b450 childCount 20 color 1211335945 key 0 - Init COMPLETE
561ffbcf6eba:108982:108982 [3] NCCL INFO Init timings - ncclCommSplit: rank 0 nranks 2 total 0.03 (kernels 0.00, alloc 0.00, bootstrap 0.00, allgathers 0.00, topo 0.01, graphs 0.00, connections 0.00, rest 0.01)
561ffbcf6eba:108986:108986 [7] NCCL INFO Rank 7 has color with NCCL_SPLIT_NOCOLOR, not creating a new communicator
561ffbcf6eba:108982:108982 [3] NCCL INFO Rank 3 has color with NCCL_SPLIT_NOCOLOR, not creating a new communicator
561ffbcf6eba:108983:108983 [4] NCCL INFO Initialized NET plugin Socket
561ffbcf6eba:108979:108979 [0] NCCL INFO Initialized NET plugin Socket
561ffbcf6eba:108981:108981 [2] NCCL INFO Rank 2 has color with NCCL_SPLIT_NOCOLOR, not creating a new communicator
561ffbcf6eba:108986:108986 [7] NCCL INFO Rank 7 has color with NCCL_SPLIT_NOCOLOR, not creating a new communicator
561ffbcf6eba:108982:108982 [3] NCCL INFO Rank 3 has color with NCCL_SPLIT_NOCOLOR, not creating a new communicator
561ffbcf6eba:108985:108985 [6] NCCL INFO Rank 6 has color with NCCL_SPLIT_NOCOLOR, not creating a new communicator
561ffbcf6eba:108983:108983 [4] NCCL INFO Assigned NET plugin Socket to comm
561ffbcf6eba:108979:108979 [0] NCCL INFO Assigned NET plugin Socket to comm
561ffbcf6eba:108983:108983 [4] NCCL INFO Failed to initialize any GIN plugin
561ffbcf6eba:108979:108979 [0] NCCL INFO Failed to initialize any GIN plugin
561ffbcf6eba:108983:108983 [4] NCCL INFO Using network Socket
561ffbcf6eba:108979:108979 [0] NCCL INFO Using network Socket
561ffbcf6eba:108979:108979 [0] NCCL INFO ncclCommSplit comm 0x612c0ede0cc0 rank 0 nranks 2 cudaDev 0 nvmlDev 0 busId 1000 parent561ffbcf6eba:108983:108983 [4] NCCL INFO ncclCommSplit comm 0x562f6f20d0f0 rank 1 nranks 2 cudaDev 4 nvmlDev 4 busId 81000 paren 0x612c09c36bf0 childCount 21 color 923304772 key 0- Init START
t 0x562f6a060970 childCount 21 color 923304772 key 1- Init START
561ffbcf6eba:108979:108979 [0] NCCL INFO ncclTopoGetCpuAffinity: Affinity for GPU 0 is 0-47,96-143. (GPU affinity = 0-47,96-143 ; CPU affinity = 0-47,96-143).
561ffbcf6eba:108979:108979 [0] NCCL INFO NVLS multicast support is not available on dev 0 (NVLS_NCHANNELS 0)
561ffbcf6eba:108983:108983 [4] NCCL INFO ncclTopoGetCpuAffinity: Affinity for GPU 4 is 48-95,144-191. (GPU affinity = 48-95,144-191 ; CPU affinity = 48-95,144-191).
561ffbcf6eba:108983:108983 [4] NCCL INFO NVLS multicast support is not available on dev 4 (NVLS_NCHANNELS 0)
561ffbcf6eba:108979:108979 [0] NCCL INFO comm 0x612c0ede0cc0 rank 0 nRanks 2 nNodes 1 localRanks 2 localRank 0 MNNVL 0
561ffbcf6eba:108983:108983 [4] NCCL INFO comm 0x562f6f20d0f0 rank 1 nRanks 2 nNodes 1 localRanks 2 localRank 1 MNNVL 0
561ffbcf6eba:108979:108979 [0] NCCL INFO Channel 00/02 : 0 1
561ffbcf6eba:108979:108979 [0] NCCL INFO Channel 01/02 : 0 1
561ffbcf6eba:108983:108983 [4] NCCL INFO Trees [0] -1/-1/-1->1->0 [1] -1/-1/-1->1->0
561ffbcf6eba:108979:108979 [0] NCCL INFO Trees [0] 1/-1/-1->0->-1 [1] 1/-1/-1->0->-1
561ffbcf6eba:108983:108983 [4] NCCL INFO P2P Chunksize set to 131072
561ffbcf6eba:108979:108979 [0] NCCL INFO P2P Chunksize set to 131072
561ffbcf6eba:108983:108983 [4] NCCL INFO Check P2P Type isAllDirectP2p 0 directMode 0 isAllCudaP2p 0
561ffbcf6eba:108979:108979 [0] NCCL INFO Check P2P Type isAllDirectP2p 0 directMode 0 isAllCudaP2p 0
561ffbcf6eba:108983:109376 [0] NCCL INFO [Proxy Service] Device 4 CPU core 190
561ffbcf6eba:108979:109377 [0] NCCL INFO [Proxy Service] Device 0 CPU core 97
561ffbcf6eba:108979:109378 [0] NCCL INFO [Proxy Service UDS] Device 0 CPU core 105
561ffbcf6eba:108983:109379 [0] NCCL INFO [Proxy Service UDS] Device 4 CPU core 168
561ffbcf6eba:108979:108979 [0] NCCL INFO threadThresholds 8/8/64 | 16/8/64 | 512 | 512
561ffbcf6eba:108979:108979 [0] NCCL INFO 2 coll channels, 2 collnet channels, 0 nvls channels, 2 p2p channels, 2 p2p channels per peer
561ffbcf6eba:108979:108979 [0] NCCL INFO Symmetric memory is not supported. cuMemEnable 1, globalGinSupport 0, globalNicFused 0 cuMemGdrSupport 0
561ffbcf6eba:108983:108983 [4] NCCL INFO threadThresholds 8/8/64 | 16/8/64 | 512 | 512
561ffbcf6eba:108983:108983 [4] NCCL INFO 2 coll channels, 2 collnet channels, 0 nvls channels, 2 p2p channels, 2 p2p channels per peer
561ffbcf6eba:108983:108983 [4] NCCL INFO Symmetric memory is not supported. cuMemEnable 1, globalGinSupport 0, globalNicFused 0 cuMemGdrSupport 0
561ffbcf6eba:108979:108979 [0] NCCL INFO CC Off, workFifoBytes 1048576
561ffbcf6eba:108983:108983 [4] NCCL INFO ncclCommSplit comm 0x562f6f20d0f0 rank 1 nranks 2 cudaDev 4 nvmlDev 4 busId 81000 paren561ffbcf6eba:108979:108979 [0] NCCL INFO ncclCommSplit comm 0x612c0ede0cc0 rank 0 nranks 2 cudaDev 0 nvmlDev 0 busId 1000 parentt 0x562f6a060970 childCount 21 color 923304772 key 1 - Init COMPLETE
 0x612c09c36bf0 childCount 21 color 923304772 key 0 - Init COMPLETE
561ffbcf6eba:108983:108983 [4] NCCL INFO Init timings - ncclCommSplit: rank 1 nranks 2 total 0.03 (kernels 0.00, alloc 0.00, boo561ffbcf6eba:108979:108979 [0] NCCL INFO Init timings - ncclCommSplit: rank 0 nranks 2 total 0.03 (kernels 0.00, alloc 0.00, bootstrap 0.00, allgathers 0.00, topo 0.01, graphs 0.00, connections 0.01, rest 0.01)
tstrap 0.00, allgathers 0.00, topo 0.01, graphs 0.00, connections 0.01, rest 0.01)
561ffbcf6eba:108979:108979 [0] NCCL INFO Rank 0 has color with NCCL_SPLIT_NOCOLOR, not creating a new communicator
561ffbcf6eba:108983:108983 [4] NCCL INFO Rank 4 has color with NCCL_SPLIT_NOCOLOR, not creating a new communicator
561ffbcf6eba:108980:108980 [1] NCCL INFO Initialized NET plugin Socket
561ffbcf6eba:108984:108984 [5] NCCL INFO Initialized NET plugin Socket
561ffbcf6eba:108979:108979 [0] NCCL INFO Rank 0 has color with NCCL_SPLIT_NOCOLOR, not creating a new communicator
561ffbcf6eba:108983:108983 [4] NCCL INFO Rank 4 has color with NCCL_SPLIT_NOCOLOR, not creating a new communicator
561ffbcf6eba:108986:108986 [7] NCCL INFO Rank 7 has color with NCCL_SPLIT_NOCOLOR, not creating a new communicator
561ffbcf6eba:108982:108982 [3] NCCL INFO Rank 3 has color with NCCL_SPLIT_NOCOLOR, not creating a new communicator
561ffbcf6eba:108980:108980 [1] NCCL INFO Assigned NET plugin Socket to comm
561ffbcf6eba:108984:108984 [5] NCCL INFO Assigned NET plugin Socket to comm
561ffbcf6eba:108980:108980 [1] NCCL INFO Failed to initialize any GIN plugin
561ffbcf6eba:108984:108984 [5] NCCL INFO Failed to initialize any GIN plugin
561ffbcf6eba:108980:108980 [1] NCCL INFO Using network Socket
561ffbcf6eba:108984:108984 [5] NCCL INFO Using network Socket
561ffbcf6eba:108980:108980 [1] NCCL INFO ncclCommSplit comm 0x597dd3567350 rank 0 nranks 2 cudaDev 1 nvmlDev 1 busId 23000 paren561ffbcf6eba:108984:108984 [5] NCCL INFO ncclCommSplit comm 0x5ab8e45a5800 rank 1 nranks 2 cudaDev 5 nvmlDev 5 busId a1000 parent 0x597dce3bc000 childCount 22 color 1449462471 key 0- Init START
t 0x5ab8df3fa750 childCount 22 color 1449462471 key 1- Init START
561ffbcf6eba:108980:108980 [1] NCCL INFO ncclTopoGetCpuAffinity: Affinity for GPU 1 is 0-47,96-143. (GPU affinity = 0-47,96-143 ; CPU affinity = 0-47,96-143).
561ffbcf6eba:108980:108980 [1] NCCL INFO NVLS multicast support is not available on dev 1 (NVLS_NCHANNELS 0)
561ffbcf6eba:108984:108984 [5] NCCL INFO ncclTopoGetCpuAffinity: Affinity for GPU 5 is 48-95,144-191. (GPU affinity = 48-95,144-191 ; CPU affinity = 48-95,144-191).
561ffbcf6eba:108984:108984 [5] NCCL INFO NVLS multicast support is not available on dev 5 (NVLS_NCHANNELS 0)
561ffbcf6eba:108980:108980 [1] NCCL INFO comm 0x597dd3567350 rank 0 nRanks 2 nNodes 1 localRanks 2 localRank 0 MNNVL 0
561ffbcf6eba:108984:108984 [5] NCCL INFO comm 0x5ab8e45a5800 rank 1 nRanks 2 nNodes 1 localRanks 2 localRank 1 MNNVL 0
561ffbcf6eba:108980:108980 [1] NCCL INFO Channel 00/02 : 0 1
561ffbcf6eba:108980:108980 [1] NCCL INFO Channel 01/02 : 0 1
561ffbcf6eba:108984:108984 [5] NCCL INFO Trees [0] -1/-1/-1->1->0 [1] -1/-1/-1->1->0
561ffbcf6eba:108980:108980 [1] NCCL INFO Trees [0] 1/-1/-1->0->-1 [1] 1/-1/-1->0->-1
561ffbcf6eba:108984:108984 [5] NCCL INFO P2P Chunksize set to 131072
561ffbcf6eba:108980:108980 [1] NCCL INFO P2P Chunksize set to 131072
561ffbcf6eba:108984:108984 [5] NCCL INFO Check P2P Type isAllDirectP2p 0 directMode 0 isAllCudaP2p 0
561ffbcf6eba:108980:108980 [1] NCCL INFO Check P2P Type isAllDirectP2p 0 directMode 0 isAllCudaP2p 0
561ffbcf6eba:108984:109390 [0] NCCL INFO [Proxy Service] Device 5 CPU core 155
561ffbcf6eba:108980:109391 [0] NCCL INFO [Proxy Service] Device 1 CPU core 36
561ffbcf6eba:108984:109392 [0] NCCL INFO [Proxy Service UDS] Device 5 CPU core 82
561ffbcf6eba:108980:109393 [0] NCCL INFO [Proxy Service UDS] Device 1 CPU core 13
561ffbcf6eba:108984:108984 [5] NCCL INFO threadThresholds 8/8/64 | 16/8/64 | 512 | 512
561ffbcf6eba:108984:108984 [5] NCCL INFO 2 coll channels, 2 collnet channels, 0 nvls channels, 2 p2p channels, 2 p2p channels per peer
561ffbcf6eba:108984:108984 [5] NCCL INFO Symmetric memory is not supported. cuMemEnable 1, globalGinSupport 0, globalNicFused 0 cuMemGdrSupport 0
561ffbcf6eba:108980:108980 [1] NCCL INFO threadThresholds 8/8/64 | 16/8/64 | 512 | 512
561ffbcf6eba:108980:108980 [1] NCCL INFO 2 coll channels, 2 collnet channels, 0 nvls channels, 2 p2p channels, 2 p2p channels per peer
561ffbcf6eba:108980:108980 [1] NCCL INFO Symmetric memory is not supported. cuMemEnable 1, globalGinSupport 0, globalNicFused 0 cuMemGdrSupport 0
561ffbcf6eba:108980:108980 [1] NCCL INFO CC Off, workFifoBytes 1048576
561ffbcf6eba:108984:108984 [5] NCCL INFO ncclCommSplit comm 0x5ab8e45a5800 rank 1 nranks 2 cudaDev 5 nvmlDev 5 busId a1000 parent 0x5ab8df3fa750 childCount 22 color 1449462471 key 1 - Init COMPLETE
561ffbcf6eba:108980:108980 [1] NCCL INFO ncclCommSplit comm 0x597dd3567350 rank 0 nranks 2 cudaDev 1 nvmlDev 1 busId 23000 paren561ffbcf6eba:108984:108984 [5] NCCL INFO Init timings - ncclCommSplit: rank 1 nranks 2 total 0.03 (kernels 0.00, alloc 0.00, boot 0x597dce3bc000 childCount 22 color 1449462471 key 0 - Init COMPLETE
tstrap 0.00, allgathers 0.00, topo 0.01, graphs 0.00, connections 0.01, rest 0.01)
561ffbcf6eba:108980:108980 [1] NCCL INFO Init timings - ncclCommSplit: rank 0 nranks 2 total 0.03 (kernels 0.00, alloc 0.00, bootstrap 0.00, allgathers 0.00, topo 0.01, graphs 0.00, connections 0.01, rest 0.01)
561ffbcf6eba:108980:108980 [1] NCCL INFO Rank 1 has color with NCCL_SPLIT_NOCOLOR, not creating a new communicator
561ffbcf6eba:108984:108984 [5] NCCL INFO Rank 5 has color with NCCL_SPLIT_NOCOLOR, not creating a new communicator
561ffbcf6eba:108981:108981 [2] NCCL INFO Initialized NET plugin Socket
561ffbcf6eba:108985:108985 [6] NCCL INFO Initialized NET plugin Socket
561ffbcf6eba:108979:108979 [0] NCCL INFO Rank 0 has color with NCCL_SPLIT_NOCOLOR, not creating a new communicator
561ffbcf6eba:108980:108980 [1] NCCL INFO Rank 1 has color with NCCL_SPLIT_NOCOLOR, not creating a new communicator
561ffbcf6eba:108984:108984 [5] NCCL INFO Rank 5 has color with NCCL_SPLIT_NOCOLOR, not creating a new communicator
561ffbcf6eba:108983:108983 [4] NCCL INFO Rank 4 has color with NCCL_SPLIT_NOCOLOR, not creating a new communicator
561ffbcf6eba:108981:108981 [2] NCCL INFO Assigned NET plugin Socket to comm
561ffbcf6eba:108981:108981 [2] NCCL INFO Failed to initialize any GIN plugin
561ffbcf6eba:108985:108985 [6] NCCL INFO Assigned NET plugin Socket to comm
561ffbcf6eba:108981:108981 [2] NCCL INFO Using network Socket
561ffbcf6eba:108985:108985 [6] NCCL INFO Failed to initialize any GIN plugin
561ffbcf6eba:108985:108985 [6] NCCL INFO Using network Socket
561ffbcf6eba:108981:108981 [2] NCCL INFO ncclCommSplit comm 0x5a0a0916e300 rank 0 nranks 2 cudaDev 2 nvmlDev 2 busId 41000 parent 0x5a0a03fc3500 childCount 23 color 120142604 key 0- Init START
561ffbcf6eba:108985:108985 [6] NCCL INFO ncclCommSplit comm 0x57c0983d2cd0 rank 1 nranks 2 cudaDev 6 nvmlDev 6 busId c1000 parent 0x57c093226b10 childCount 23 color 120142604 key 1- Init START
561ffbcf6eba:108981:108981 [2] NCCL INFO ncclTopoGetCpuAffinity: Affinity for GPU 2 is 0-47,96-143. (GPU affinity = 0-47,96-143 ; CPU affinity = 0-47,96-143).
561ffbcf6eba:108981:108981 [2] NCCL INFO NVLS multicast support is not available on dev 2 (NVLS_NCHANNELS 0)
561ffbcf6eba:108985:108985 [6] NCCL INFO ncclTopoGetCpuAffinity: Affinity for GPU 6 is 48-95,144-191. (GPU affinity = 48-95,144-191 ; CPU affinity = 48-95,144-191).
561ffbcf6eba:108985:108985 [6] NCCL INFO NVLS multicast support is not available on dev 6 (NVLS_NCHANNELS 0)
561ffbcf6eba:108981:108981 [2] NCCL INFO comm 0x5a0a0916e300 rank 0 nRanks 2 nNodes 1 localRanks 2 localRank 0 MNNVL 0
561ffbcf6eba:108985:108985 [6] NCCL INFO comm 0x57c0983d2cd0 rank 1 nRanks 2 nNodes 1 localRanks 2 localRank 1 MNNVL 0
561ffbcf6eba:108981:108981 [2] NCCL INFO Channel 00/02 : 0 1
561ffbcf6eba:108981:108981 [2] NCCL INFO Channel 01/02 : 0 1
561ffbcf6eba:108985:108985 [6] NCCL INFO Trees [0] -1/-1/-1->1->0 [1] -1/-1/-1->1->0
561ffbcf6eba:108981:108981 [2] NCCL INFO Trees [0] 1/-1/-1->0->-1 [1] 1/-1/-1->0->-1
561ffbcf6eba:108985:108985 [6] NCCL INFO P2P Chunksize set to 131072
561ffbcf6eba:108981:108981 [2] NCCL INFO P2P Chunksize set to 131072
561ffbcf6eba:108985:108985 [6] NCCL INFO Check P2P Type isAllDirectP2p 0 directMode 0 isAllCudaP2p 0
561ffbcf6eba:108981:108981 [2] NCCL INFO Check P2P Type isAllDirectP2p 0 directMode 0 isAllCudaP2p 0
561ffbcf6eba:108985:109405 [0] NCCL INFO [Proxy Service] Device 6 CPU core 155
561ffbcf6eba:108981:109404 [0] NCCL INFO [Proxy Service] Device 2 CPU core 37
561ffbcf6eba:108981:109406 [0] NCCL INFO [Proxy Service UDS] Device 2 CPU core 105
561ffbcf6eba:108985:109407 [0] NCCL INFO [Proxy Service UDS] Device 6 CPU core 191
561ffbcf6eba:108981:108981 [2] NCCL INFO threadThresholds 8/8/64 | 16/8/64 | 512 | 512
561ffbcf6eba:108981:108981 [2] NCCL INFO 2 coll channels, 2 collnet channels, 0 nvls channels, 2 p2p channels, 2 p2p channels per peer
561ffbcf6eba:108981:108981 [2] NCCL INFO Symmetric memory is not supported. cuMemEnable 1, globalGinSupport 0, globalNicFused 0 cuMemGdrSupport 0
561ffbcf6eba:108985:108985 [6] NCCL INFO threadThresholds 8/8/64 | 16/8/64 | 512 | 512
561ffbcf6eba:108985:108985 [6] NCCL INFO 2 coll channels, 2 collnet channels, 0 nvls channels, 2 p2p channels, 2 p2p channels per peer
561ffbcf6eba:108985:108985 [6] NCCL INFO Symmetric memory is not supported. cuMemEnable 1, globalGinSupport 0, globalNicFused 0 cuMemGdrSupport 0
561ffbcf6eba:108981:108981 [2] NCCL INFO CC Off, workFifoBytes 1048576
561ffbcf6eba:108981:108981 [2] NCCL INFO ncclCommSplit comm 0x5a0a0916e300 rank 0 nranks 2 cudaDev 2 nvmlDev 2 busId 41000 paren561ffbcf6eba:108985:108985 [6] NCCL INFO ncclCommSplit comm 0x57c0983d2cd0 rank 1 nranks 2 cudaDev 6 nvmlDev 6 busId c1000 parent 0x5a0a03fc3500 childCount 23 color 120142604 key 0 - Init COMPLETE
t 0x57c093226b10 childCount 23 color 120142604 key 1 - Init COMPLETE
561ffbcf6eba:108981:108981 [2] NCCL INFO Init timings - ncclCommSplit: rank 0 nranks 2 total 0.03 (kernels 0.00, alloc 0.00, boo561ffbcf6eba:108985:108985 [6] NCCL INFO Init timings - ncclCommSplit: rank 1 nranks 2 total 0.03 (kernels 0.00, alloc 0.00, bootstrap 0.00, allgathers 0.00, topo 0.01, graphs 0.00, connections 0.01, rest 0.01)
tstrap 0.00, allgathers 0.00, topo 0.01, graphs 0.00, connections 0.01, rest 0.01)
561ffbcf6eba:108985:108985 [6] NCCL INFO Rank 6 has color with NCCL_SPLIT_NOCOLOR, not creating a new communicator
561ffbcf6eba:108981:108981 [2] NCCL INFO Rank 2 has color with NCCL_SPLIT_NOCOLOR, not creating a new communicator
561ffbcf6eba:108986:108986 [7] NCCL INFO Initialized NET plugin Socket
561ffbcf6eba:108982:108982 [3] NCCL INFO Initialized NET plugin Socket
561ffbcf6eba:108986:108986 [7] NCCL INFO Assigned NET plugin Socket to comm
561ffbcf6eba:108982:108982 [3] NCCL INFO Assigned NET plugin Socket to comm
561ffbcf6eba:108986:108986 [7] NCCL INFO Failed to initialize any GIN plugin
561ffbcf6eba:108982:108982 [3] NCCL INFO Failed to initialize any GIN plugin
561ffbcf6eba:108986:108986 [7] NCCL INFO Using network Socket
561ffbcf6eba:108982:108982 [3] NCCL INFO Using network Socket
561ffbcf6eba:108986:108986 [7] NCCL INFO ncclCommSplit comm 0x5ffc647e2800 rank 1 nranks 2 cudaDev 7 nvmlDev 7 busId e1000 parent 0x5ffc5f6369b0 childCount 24 color 1211335945 key 1- Init START
561ffbcf6eba:108982:108982 [3] NCCL INFO ncclCommSplit comm 0x58d68c0c6410 rank 0 nranks 2 cudaDev 3 nvmlDev 3 busId 61000 parent 0x58d686f1b450 childCount 24 color 1211335945 key 0- Init START
561ffbcf6eba:108986:108986 [7] NCCL INFO ncclTopoGetCpuAffinity: Affinity for GPU 7 is 48-95,144-191. (GPU affinity = 48-95,144-561ffbcf6eba:108982:108982 [3] NCCL INFO ncclTopoGetCpuAffinity: Affinity for GPU 3 is 0-47,96-143. (GPU affinity = 0-47,96-143 191 ; CPU affinity = 48-95,144-191).
; CPU affinity = 0-47,96-143).
561ffbcf6eba:108986:108986 [7] NCCL INFO NVLS multicast support is not available on dev 7 (NVLS_NCHANNELS 0)
561ffbcf6eba:108982:108982 [3] NCCL INFO NVLS multicast support is not available on dev 3 (NVLS_NCHANNELS 0)
561ffbcf6eba:108986:108986 [7] NCCL INFO comm 0x5ffc647e2800 rank 1 nRanks 2 nNodes 1 localRanks 2 localRank 1 MNNVL 0
561ffbcf6eba:108982:108982 [3] NCCL INFO comm 0x58d68c0c6410 rank 0 nRanks 2 nNodes 1 localRanks 2 localRank 0 MNNVL 0
561ffbcf6eba:108986:108986 [7] NCCL INFO Trees [0] -1/-1/-1->1->0 [1] -1/-1/-1->1->0
561ffbcf6eba:108982:108982 [3] NCCL INFO Channel 00/02 : 0 1
561ffbcf6eba:108986:108986 [7] NCCL INFO P2P Chunksize set to 131072
561ffbcf6eba:108982:108982 [3] NCCL INFO Channel 01/02 : 0 1
561ffbcf6eba:108986:108986 [7] NCCL INFO Check P2P Type isAllDirectP2p 0 directMode 0 isAllCudaP2p 0
561ffbcf6eba:108982:108982 [3] NCCL INFO Trees [0] 1/-1/-1->0->-1 [1] 1/-1/-1->0->-1
561ffbcf6eba:108982:108982 [3] NCCL INFO P2P Chunksize set to 131072
561ffbcf6eba:108982:108982 [3] NCCL INFO Check P2P Type isAllDirectP2p 0 directMode 0 isAllCudaP2p 0
561ffbcf6eba:108986:109408 [0] NCCL INFO [Proxy Service] Device 7 CPU core 80
561ffbcf6eba:108982:109409 [0] NCCL INFO [Proxy Service] Device 3 CPU core 20
561ffbcf6eba:108986:109410 [0] NCCL INFO [Proxy Service UDS] Device 7 CPU core 165
561ffbcf6eba:108982:109411 [0] NCCL INFO [Proxy Service UDS] Device 3 CPU core 109
561ffbcf6eba:108986:108986 [7] NCCL INFO threadThresholds 8/8/64 | 16/8/64 | 512 | 512
561ffbcf6eba:108986:108986 [7] NCCL INFO 2 coll channels, 2 collnet channels, 0 nvls channels, 2 p2p channels, 2 p2p channels per peer
561ffbcf6eba:108986:108986 [7] NCCL INFO Symmetric memory is not supported. cuMemEnable 1, globalGinSupport 0, globalNicFused 0 cuMemGdrSupport 0
561ffbcf6eba:108982:108982 [3] NCCL INFO threadThresholds 8/8/64 | 16/8/64 | 512 | 512
561ffbcf6eba:108982:108982 [3] NCCL INFO 2 coll channels, 2 collnet channels, 0 nvls channels, 2 p2p channels, 2 p2p channels per peer
561ffbcf6eba:108982:108982 [3] NCCL INFO Symmetric memory is not supported. cuMemEnable 1, globalGinSupport 0, globalNicFused 0 cuMemGdrSupport 0
561ffbcf6eba:108982:108982 [3] NCCL INFO CC Off, workFifoBytes 1048576
561ffbcf6eba:108986:108986 [7] NCCL INFO ncclCommSplit comm 0x5ffc647e2800 rank 1 nranks 2 cudaDev 7 nvmlDev 7 busId e1000 parent 0x5ffc5f6369b0 childCount 24 color 1211335945 key 1 - Init COMPLETE
561ffbcf6eba:108982:108982 [3] NCCL INFO ncclCommSplit comm 0x58d68c0c6410 rank 0 nranks 2 cudaDev 3 nvmlDev 3 busId 61000 paren561ffbcf6eba:108986:108986 [7] NCCL INFO Init timings - ncclCommSplit: rank 1 nranks 2 total 0.03 (kernels 0.00, alloc 0.00, boot 0x58d686f1b450 childCount 24 color 1211335945 key 0 - Init COMPLETE
tstrap 0.00, allgathers 0.00, topo 0.01, graphs 0.00, connections 0.01, rest 0.01)
561ffbcf6eba:108982:108982 [3] NCCL INFO Init timings - ncclCommSplit: rank 0 nranks 2 total 0.03 (kernels 0.00, alloc 0.00, bootstrap 0.00, allgathers 0.00, topo 0.01, graphs 0.00, connections 0.01, rest 0.01)
561ffbcf6eba:108985:108985 [6] NCCL INFO Recv: opCount 0 sendbuff (nil) recvbuff 0x44e191d600 count 1024 datatype 9 op 0 root 0 comm 0x57c097ed0bc0 [nranks=2] stream 0x57c09768f5d0
561ffbcf6eba:108985:108985 [6] NCCL INFO P2P is disabled between connected GPUs 6 and 4. You can repress this message with NCCL_IGNORE_DISABLED_P2P=1.
561ffbcf6eba:108985:108985 [6] NCCL INFO P2P is disabled between connected GPUs 6 and 4. You can repress this message with NCCL_IGNORE_DISABLED_P2P=1.
561ffbcf6eba:108981:108981 [2] NCCL INFO Recv: opCount 0 sendbuff (nil) recvbuff 0x44e191d600 count 1024 datatype 9 op 0 root 0 comm 0x5a0a08c6d6d0 [nranks=2] stream 0x5a0a0842c200
561ffbcf6eba:108981:108981 [2] NCCL INFO P2P is disabled between connected GPUs 2 and 0. You can repress this message with NCCL_IGNORE_DISABLED_P2P=1.
561ffbcf6eba:108981:108981 [2] NCCL INFO P2P is disabled between connected GPUs 2 and 0. You can repress this message with NCCL_IGNORE_DISABLED_P2P=1.
561ffbcf6eba:108986:108986 [7] NCCL INFO Recv: opCount 0 sendbuff (nil) recvbuff 0x44e191d600 count 1024 datatype 9 op 0 root 0 comm 0x5ffc642e0800 [nranks=2] stream 0x5ffc63a9f380
561ffbcf6eba:108986:108986 [7] NCCL INFO P2P is disabled between connected GPUs 7 and 5. You can repress this message with NCCL_IGNORE_DISABLED_P2P=1.
561ffbcf6eba:108986:108986 [7] NCCL INFO P2P is disabled between connected GPUs 7 and 5. You can repress this message with NCCL_IGNORE_DISABLED_P2P=1.
561ffbcf6eba:108982:108982 [3] NCCL INFO Recv: opCount 0 sendbuff (nil) recvbuff 0x44e191d600 count 1024 datatype 9 op 0 root 0 comm 0x58d68bbc5780 [nranks=2] stream 0x58d68b383f80
561ffbcf6eba:108982:108982 [3] NCCL INFO P2P is disabled between connected GPUs 3 and 1. You can repress this message with NCCL_IGNORE_DISABLED_P2P=1.
561ffbcf6eba:108982:108982 [3] NCCL INFO P2P is disabled between connected GPUs 3 and 1. You can repress this message with NCCL_IGNORE_DISABLED_P2P=1.
561ffbcf6eba:108979:108979 [0] NCCL INFO AllGather: opCount 0 sendbuff 0x44e191fc00 recvbuff 0x44e1920c00 count 1024 datatype 7 561ffbcf6eba:108980:108980 [1] NCCL INFO AllGather: opCount 0 sendbuff 0x44e191fc00 recvbuff 0x44e1920c00 count 1024 datatype 7 op 0 root 0 comm 0x612c0e3c0930 [nranks=2] stream (nil)
op 0 root 0 comm 0x597dd2b48200 [nranks=2] stream (nil)
561ffbcf6eba:108979:108979 [0] NCCL INFO P2P is disabled between connected GPUs 0 and 1. You can repress this message with NCCL_561ffbcf6eba:108980:108980 [1] NCCL INFO P2P is disabled between connected GPUs 1 and 0. You can repress this message with NCCL_IGNORE_DISABLED_P2P=1.
IGNORE_DISABLED_P2P=1.
561ffbcf6eba:108979:108979 [0] NCCL INFO P2P is disabled between connected GPUs 0 and 1. You can repress this message with NCCL_IGNORE_DISABLED_P2P=1.
561ffbcf6eba:108980:108980 [1] NCCL INFO P2P is disabled between connected GPUs 1 and 0. You can repress this message with NCCL_IGNORE_DISABLED_P2P=1.
561ffbcf6eba:108984:108984 [5] NCCL INFO AllGather: opCount 0 sendbuff 0x44e191fc00 recvbuff 0x44e1920c00 count 1024 datatype 7 561ffbcf6eba:108983:108983 [4] NCCL INFO AllGather: opCount 0 sendbuff 0x44e191fc00 recvbuff 0x44e1920c00 count 1024 datatype 7 561ffbcf6eba:108979:108979 [0] NCCL INFO P2P is disabled between connected GPUs 0 and 1. You can repress this message with NCCL_op 0 root 0 comm 0x5ab8e3b86ab0 [nranks=2] stream (nil)
op 0 root 0 comm 0x562f6e7ed160 [nranks=2] stream (nil)
IGNORE_DISABLED_P2P=1.
561ffbcf6eba:108983:108983 [4] NCCL INFO P2P is disabled between connected GPUs 4 and 5. You can repress this message with NCCL_561ffbcf6eba:108984:108984 [5] NCCL INFO P2P is disabled between connected GPUs 5 and 4. You can repress this message with NCCL_IGNORE_DISABLED_P2P=1.
561ffbcf6eba:108980:108980 [1] NCCL INFO P2P is disabled between connected GPUs 1 and 0. You can repress this message with NCCL_IGNORE_DISABLED_P2P=1.
IGNORE_DISABLED_P2P=1.
561ffbcf6eba:108979:108979 [0] NCCL INFO P2P is disabled between connected GPUs 0 and 1. You can repress this message with NCCL_IGNORE_DISABLED_P2P=1.
561ffbcf6eba:108980:108980 [1] NCCL INFO P2P is disabled between connected GPUs 1 and 0. You can repress this message with NCCL_IGNORE_DISABLED_P2P=1.
561ffbcf6eba:108984:108984 [5] NCCL INFO P2P is disabled between connected GPUs 5 and 4. You can repress this message with NCCL_IGNORE_DISABLED_P2P=1.
561ffbcf6eba:108983:108983 [4] NCCL INFO P2P is disabled between connected GPUs 4 and 5. You can repress this message with NCCL_IGNORE_DISABLED_P2P=1.
561ffbcf6eba:108979:108979 [0] NCCL INFO P2P is disabled between connected GPUs 0 and 1. You can repress this message with NCCL_IGNORE_DISABLED_P2P=1.
561ffbcf6eba:108980:108980 [1] NCCL INFO P2P is disabled between connected GPUs 1 and 0. You can repress this message with NCCL_IGNORE_DISABLED_P2P=1.
561ffbcf6eba:108983:108983 [4] NCCL INFO P2P is disabled between connected GPUs 4 and 5. You can repress this message with NCCL_IGNORE_DISABLED_P2P=1.
561ffbcf6eba:108984:108984 [5] NCCL INFO P2P is disabled between connected GPUs 5 and 4. You can repress this message with NCCL_IGNORE_DISABLED_P2P=1.
561ffbcf6eba:108980:108980 [1] NCCL INFO Channel 00 : 1[1] -> 0[0] via SHM/direct/direct
561ffbcf6eba:108980:108980 [1] NCCL INFO P2P is disabled between connected GPUs 1 and 0. You can repress this message with NCCL_IGNORE_DISABLED_P2P=1.
561ffbcf6eba:108979:108979 [0] NCCL INFO Channel 00 : 0[0] -> 1[1] via SHM/direct/direct
561ffbcf6eba:108979:108979 [0] NCCL INFO P2P is disabled between connected GPUs 0 and 1. You can repress this message with NCCL_IGNORE_DISABLED_P2P=1.
561ffbcf6eba:108984:108984 [5] NCCL INFO P2P is disabled between connected GPUs 5 and 4. You can repress this message with NCCL_IGNORE_DISABLED_P2P=1.
561ffbcf6eba:108983:108983 [4] NCCL INFO P2P is disabled between connected GPUs 4 and 5. You can repress this message with NCCL_IGNORE_DISABLED_P2P=1.
561ffbcf6eba:108979:108979 [0] NCCL INFO Channel 01 : 0[0] -> 1[1] via SHM/direct/direct
561ffbcf6eba:108979:108979 [0] NCCL INFO P2P is disabled between connected GPUs 0 and 1. You can repress this message with NCCL_IGNORE_DISABLED_P2P=1.
561ffbcf6eba:108980:108980 [1] NCCL INFO Channel 01 : 1[1] -> 0[0] via SHM/direct/direct
561ffbcf6eba:108980:108980 [1] NCCL INFO P2P is disabled between connected GPUs 1 and 0. You can repress this message with NCCL_IGNORE_DISABLED_P2P=1.
561ffbcf6eba:108983:108983 [4] NCCL INFO P2P is disabled between connected GPUs 4 and 5. You can repress this message with NCCL_IGNORE_DISABLED_P2P=1.
561ffbcf6eba:108984:108984 [5] NCCL INFO P2P is disabled between connected GPUs 5 and 4. You can repress this message with NCCL_IGNORE_DISABLED_P2P=1.
561ffbcf6eba:108983:108983 [4] NCCL INFO Channel 00 : 0[4] -> 1[5] via SHM/direct/direct
561ffbcf6eba:108983:108983 [4] NCCL INFO P2P is disabled between connected GPUs 4 and 5. You can repress this message with NCCL_IGNORE_DISABLED_P2P=1.
561ffbcf6eba:108980:108980 [1] NCCL INFO Channel 02 : 1[1] -> 0[0] via SHM/direct/direct
561ffbcf6eba:108980:108980 [1] NCCL INFO P2P is disabled between connected GPUs 1 and 0. You can repress this message with NCCL_IGNORE_DISABLED_P2P=1.
561ffbcf6eba:108979:108979 [0] NCCL INFO Channel 02 : 0[0] -> 1[1] via SHM/direct/direct
561ffbcf6eba:108979:108979 [0] NCCL INFO P2P is disabled between connected GPUs 0 and 1. You can repress this message with NCCL_IGNORE_DISABLED_P2P=1.
561ffbcf6eba:108984:108984 [5] NCCL INFO Channel 00 : 1[5] -> 0[4] via SHM/direct/direct
561ffbcf6eba:108984:108984 [5] NCCL INFO P2P is disabled between connected GPUs 5 and 4. You can repress this message with NCCL_IGNORE_DISABLED_P2P=1.
561ffbcf6eba:108983:108983 [4] NCCL INFO Channel 01 : 0[4] -> 1[5] via SHM/direct/direct
561ffbcf6eba:108983:108983 [4] NCCL INFO P2P is disabled between connected GPUs 4 and 5. You can repress this message with NCCL_IGNORE_DISABLED_P2P=1.
561ffbcf6eba:108979:108979 [0] NCCL INFO Channel 03 : 0[0] -> 1[1] via SHM/direct/direct
561ffbcf6eba:108984:108984 [5] NCCL INFO Channel 01 : 1[5] -> 0[4] via SHM/direct/direct
561ffbcf6eba:108984:108984 [5] NCCL INFO P2P is disabled between connected GPUs 5 and 4. You can repress this message with NCCL_IGNORE_DISABLED_P2P=1.
561ffbcf6eba:108980:108980 [1] NCCL INFO Channel 03 : 1[1] -> 0[0] via SHM/direct/direct
561ffbcf6eba:108983:108983 [4] NCCL INFO Channel 02 : 0[4] -> 1[5] via SHM/direct/direct
561ffbcf6eba:108983:108983 [4] NCCL INFO P2P is disabled between connected GPUs 4 and 5. You can repress this message with NCCL_IGNORE_DISABLED_P2P=1.
561ffbcf6eba:108984:108984 [5] NCCL INFO Channel 02 : 1[5] -> 0[4] via SHM/direct/direct
561ffbcf6eba:108984:108984 [5] NCCL INFO P2P is disabled between connected GPUs 5 and 4. You can repress this message with NCCL_IGNORE_DISABLED_P2P=1.
561ffbcf6eba:108983:108983 [4] NCCL INFO Channel 03 : 0[4] -> 1[5] via SHM/direct/direct
561ffbcf6eba:108984:108984 [5] NCCL INFO Channel 03 : 1[5] -> 0[4] via SHM/direct/direct
561ffbcf6eba:108980:108980 [1] NCCL INFO Connected all rings, use ring PXN 0 GDR 1
561ffbcf6eba:108979:108979 [0] NCCL INFO Connected all rings, use ring PXN 0 GDR 1
561ffbcf6eba:108983:108983 [4] NCCL INFO Connected all rings, use ring PXN 0 GDR 1
561ffbcf6eba:108984:108984 [5] NCCL INFO Connected all rings, use ring PXN 0 GDR 1
561ffbcf6eba:108980:108980 [1] NCCL INFO ReduceScatter: opCount 0 sendbuff 0x44e192c800 recvbuff 0x44e192d800 count 1024 datatype 9 op 0 root 0 comm 0x597dd2b48200 [nranks=2] stream (nil)
561ffbcf6eba:108979:108979 [0] NCCL INFO ReduceScatter: opCount 0 sendbuff 0x44e192c800 recvbuff 0x44e192d800 count 1024 datatype 9 op 0 root 0 comm 0x612c0e3c0930 [nranks=2] stream (nil)
561ffbcf6eba:108980:108980 [1] NCCL INFO AllGather: opCount 0 sendbuff 0x44e1930400 recvbuff 0x44e1931400 count 1024 datatype 7 561ffbcf6eba:108979:108979 [0] NCCL INFO AllGather: opCount 0 sendbuff 0x44e1930400 recvbuff 0x44e1931400 count 1024 datatype 7 op 0 root 0 comm 0x597dd2b48200 [nranks=2] stream (nil)
op 0 root 0 comm 0x612c0e3c0930 [nranks=2] stream (nil)
561ffbcf6eba:108983:108983 [4] NCCL INFO ReduceScatter: opCount 0 sendbuff 0x44e192c800 recvbuff 0x44e192d800 count 1024 datatyp561ffbcf6eba:108984:108984 [5] NCCL INFO ReduceScatter: opCount 0 sendbuff 0x44e192c800 recvbuff 0x44e192d800 count 1024 datatype 9 op 0 root 0 comm 0x562f6e7ed160 [nranks=2] stream (nil)
e 9 op 0 root 0 comm 0x5ab8e3b86ab0 [nranks=2] stream (nil)
561ffbcf6eba:108984:108984 [5] NCCL INFO AllGather: opCount 0 sendbuff 0x44e1930400 recvbuff 0x44e1931400 count 1024 datatype 7 op 0 root 0 comm 0x5ab8e3b86ab0 [nranks=2] stream (nil)
561ffbcf6eba:108983:108983 [4] NCCL INFO AllGather: opCount 0 sendbuff 0x44e1930400 recvbuff 0x44e1931400 count 1024 datatype 7 op 0 root 0 comm 0x562f6e7ed160 [nranks=2] stream (nil)
561ffbcf6eba:108979:108979 [0] NCCL INFO ReduceScatter: opCount 0 sendbuff 0x44e193f400 recvbuff 0x44e192a800 count 1024 datatyp561ffbcf6eba:108980:108980 [1] NCCL INFO ReduceScatter: opCount 0 sendbuff 0x44e193f400 recvbuff 0x44e192a800 count 1024 datatype 9 op 0 root 0 comm 0x612c0e3c0930 [nranks=2] stream (nil)
e 9 op 0 root 0 comm 0x597dd2b48200 [nranks=2] stream (nil)
561ffbcf6eba:108980:108980 [1] NCCL INFO AllGather: opCount 0 sendbuff 0x44e1940400 recvbuff 0x44e1941400 count 1024 datatype 7 op 0 root 0 comm 0x597dd2b48200 [nranks=2] stream (nil)
561ffbcf6eba:108979:108979 [0] NCCL INFO AllGather: opCount 0 sendbuff 0x44e1940400 recvbuff 0x44e1941400 count 1024 datatype 7 op 0 root 0 comm 0x612c0e3c0930 [nranks=2] stream (nil)
561ffbcf6eba:108979:108979 [0] NCCL INFO ReduceScatter: opCount 0 sendbuff 0x44e194d000 recvbuff 0x44e194e000 count 1024 datatype 9 op 0 root 0 comm 0x612c0e3c0930 [nranks=2] stream (nil)
561ffbcf6eba:108980:108980 [1] NCCL INFO ReduceScatter: opCount 0 sendbuff 0x44e194d000 recvbuff 0x44e194e000 count 1024 datatype 9 op 0 root 0 comm 0x597dd2b48200 [nranks=2] stream (nil)
