561ffbcf6eba:107638:107638 [1] NCCL INFO Rank 1 has color with NCCL_SPLIT_NOCOLOR, not creating a new communicator
561ffbcf6eba:107641:107641 [4] NCCL INFO Initialized NET plugin Socket
561ffbcf6eba:107638:107638 [1] NCCL INFO Rank 1 has color with NCCL_SPLIT_NOCOLOR, not creating a new communicator
561ffbcf6eba:107640:107640 [3] NCCL INFO Rank 3 has color with NCCL_SPLIT_NOCOLOR, not creating a new communicator
561ffbcf6eba:107639:107639 [2] NCCL INFO Rank 2 has color with NCCL_SPLIT_NOCOLOR, not creating a new communicator
561ffbcf6eba:107643:107643 [6] NCCL INFO Initialized NET plugin Socket
561ffbcf6eba:107637:107637 [0] NCCL INFO Rank 0 has color with NCCL_SPLIT_NOCOLOR, not creating a new communicator
561ffbcf6eba:107641:107641 [4] NCCL INFO Assigned NET plugin Socket to comm
561ffbcf6eba:107641:107641 [4] NCCL INFO Failed to initialize any GIN plugin
561ffbcf6eba:107643:107643 [6] NCCL INFO Assigned NET plugin Socket to comm
561ffbcf6eba:107641:107641 [4] NCCL INFO Using network Socket
561ffbcf6eba:107643:107643 [6] NCCL INFO Failed to initialize any GIN plugin
561ffbcf6eba:107643:107643 [6] NCCL INFO Using network Socket
561ffbcf6eba:107641:107641 [4] NCCL INFO ncclCommSplit comm 0x6072040ebdb0 rank 0 nranks 2 cudaDev 4 nvmlDev 4 busId 81000 parent 0x6071fd0b2f60 childCount 59 color 502283019 key 0- Init START
561ffbcf6eba:107643:107643 [6] NCCL INFO ncclCommSplit comm 0x57aeb47cddc0 rank 1 nranks 2 cudaDev 6 nvmlDev 6 busId c1000 parent 0x57aead797260 childCount 59 color 502283019 key 1- Init START
561ffbcf6eba:107643:107643 [6] NCCL INFO P2P is disabled between connected GPUs 6 and 4. You can repress this message with NCCL_IGNORE_DISABLED_P2P=1.
561ffbcf6eba:107643:107643 [6] NCCL INFO P2P is disabled between connected GPUs 6 and 4. You can repress this message with NCCL_IGNORE_DISABLED_P2P=1.
561ffbcf6eba:107643:107643 [6] NCCL INFO P2P is disabled between connected GPUs 4 and 6. You can repress this message with NCCL_IGNORE_DISABLED_P2P=1.
561ffbcf6eba:107643:107643 [6] NCCL INFO P2P is disabled between connected GPUs 4 and 6. You can repress this message with NCCL_IGNORE_DISABLED_P2P=1.
561ffbcf6eba:107643:107643 [6] NCCL INFO P2P is disabled between connected GPUs 6 and 4. You can repress this message with NCCL_IGNORE_DISABLED_P2P=1.
561ffbcf6eba:107643:107643 [6] NCCL INFO P2P is disabled between connected GPUs 6 and 4. You can repress this message with NCCL_IGNORE_DISABLED_P2P=1.
561ffbcf6eba:107643:107643 [6] NCCL INFO P2P is disabled between connected GPUs 4 and 6. You can repress this message with NCCL_IGNORE_DISABLED_P2P=1.
561ffbcf6eba:107643:107643 [6] NCCL INFO P2P is disabled between connected GPUs 4 and 6. You can repress this message with NCCL_IGNORE_DISABLED_P2P=1.
561ffbcf6eba:107643:107643 [6] NCCL INFO ncclTopoGetCpuAffinity: Affinity for GPU 6 is 48-95,144-191. (GPU affinity = 48-95,144-191 ; CPU affinity = 48-95,144-191).
561ffbcf6eba:107643:107643 [6] NCCL INFO NVLS multicast support is not available on dev 6 (NVLS_NCHANNELS 0)
561ffbcf6eba:107641:107641 [4] NCCL INFO P2P is disabled between connected GPUs 6 and 4. You can repress this message with NCCL_IGNORE_DISABLED_P2P=1.
561ffbcf6eba:107641:107641 [4] NCCL INFO P2P is disabled between connected GPUs 6 and 4. You can repress this message with NCCL_IGNORE_DISABLED_P2P=1.
561ffbcf6eba:107641:107641 [4] NCCL INFO P2P is disabled between connected GPUs 4 and 6. You can repress this message with NCCL_IGNORE_DISABLED_P2P=1.
561ffbcf6eba:107641:107641 [4] NCCL INFO P2P is disabled between connected GPUs 4 and 6. You can repress this message with NCCL_IGNORE_DISABLED_P2P=1.
561ffbcf6eba:107641:107641 [4] NCCL INFO P2P is disabled between connected GPUs 6 and 4. You can repress this message with NCCL_IGNORE_DISABLED_P2P=1.
561ffbcf6eba:107641:107641 [4] NCCL INFO P2P is disabled between connected GPUs 6 and 4. You can repress this message with NCCL_IGNORE_DISABLED_P2P=1.
561ffbcf6eba:107641:107641 [4] NCCL INFO P2P is disabled between connected GPUs 4 and 6. You can repress this message with NCCL_IGNORE_DISABLED_P2P=1.
561ffbcf6eba:107641:107641 [4] NCCL INFO P2P is disabled between connected GPUs 4 and 6. You can repress this message with NCCL_IGNORE_DISABLED_P2P=1.
561ffbcf6eba:107641:107641 [4] NCCL INFO ncclTopoGetCpuAffinity: Affinity for GPU 4 is 48-95,144-191. (GPU affinity = 48-95,144-191 ; CPU affinity = 48-95,144-191).
561ffbcf6eba:107641:107641 [4] NCCL INFO NVLS multicast support is not available on dev 4 (NVLS_NCHANNELS 0)
561ffbcf6eba:107641:107641 [4] NCCL INFO comm 0x6072040ebdb0 rank 0 nRanks 2 nNodes 1 localRanks 2 localRank 0 MNNVL 0
561ffbcf6eba:107643:107643 [6] NCCL INFO comm 0x57aeb47cddc0 rank 1 nRanks 2 nNodes 1 localRanks 2 localRank 1 MNNVL 0
561ffbcf6eba:107641:107641 [4] NCCL INFO Channel 00/04 : 0 1
561ffbcf6eba:107643:107643 [6] NCCL INFO Trees [0] -1/-1/-1->1->0 [1] 0/-1/-1->1->-1 [2] -1/-1/-1->1->0 [3] 0/-1/-1->1->-1
561ffbcf6eba:107641:107641 [4] NCCL INFO Channel 01/04 : 0 1
561ffbcf6eba:107643:107643 [6] NCCL INFO P2P Chunksize set to 131072
561ffbcf6eba:107641:107641 [4] NCCL INFO Channel 02/04 : 0 1
561ffbcf6eba:107643:107643 [6] NCCL INFO P2P is disabled between connected GPUs 4 and 6. You can repress this message with NCCL_561ffbcf6eba:107641:107641 [4] NCCL INFO Channel 03/04 : 0 1
IGNORE_DISABLED_P2P=1.
561ffbcf6eba:107641:107641 [4] NCCL INFO Trees [0] 1/-1/-1->0->-1 [1] -1/-1/-1->0->1 [2] 1/-1/-1->0->-1 [3] -1/-1/-1->0->1
561ffbcf6eba:107643:107643 [6] NCCL INFO Check P2P Type isAllDirectP2p 0 directMode 0 isAllCudaP2p 0
561ffbcf6eba:107641:107641 [4] NCCL INFO P2P Chunksize set to 131072
561ffbcf6eba:107641:107641 [4] NCCL INFO P2P is disabled between connected GPUs 4 and 6. You can repress this message with NCCL_IGNORE_DISABLED_P2P=1.
561ffbcf6eba:107641:107641 [4] NCCL INFO Check P2P Type isAllDirectP2p 0 directMode 0 isAllCudaP2p 0
561ffbcf6eba:107641:108442 [0] NCCL INFO [Proxy Service] Device 4 CPU core 65
561ffbcf6eba:107643:108445 [0] NCCL INFO [Proxy Service UDS] Device 6 CPU core 169
561ffbcf6eba:107641:108444 [0] NCCL INFO [Proxy Service UDS] Device 4 CPU core 159
561ffbcf6eba:107643:108443 [0] NCCL INFO [Proxy Service] Device 6 CPU core 65
561ffbcf6eba:107643:107643 [6] NCCL INFO threadThresholds 8/8/64 | 16/8/64 | 512 | 512
561ffbcf6eba:107643:107643 [6] NCCL INFO 4 coll channels, 4 collnet channels, 0 nvls channels, 4 p2p channels, 2 p2p channels per peer
561ffbcf6eba:107643:107643 [6] NCCL INFO Symmetric memory is not supported. cuMemEnable 1, globalGinSupport 0, globalNicFused 0 cuMemGdrSupport 0
561ffbcf6eba:107641:107641 [4] NCCL INFO threadThresholds 8/8/64 | 16/8/64 | 512 | 512
561ffbcf6eba:107641:107641 [4] NCCL INFO 4 coll channels, 4 collnet channels, 0 nvls channels, 4 p2p channels, 2 p2p channels per peer
561ffbcf6eba:107641:107641 [4] NCCL INFO Symmetric memory is not supported. cuMemEnable 1, globalGinSupport 0, globalNicFused 0 cuMemGdrSupport 0
561ffbcf6eba:107641:107641 [4] NCCL INFO CC Off, workFifoBytes 1048576
561ffbcf6eba:107641:107641 [4] NCCL INFO ncclCommSplit comm 0x6072040ebdb0 rank 0 nranks 2 cudaDev 4 nvmlDev 4 busId 81000 paren561ffbcf6eba:107643:107643 [6] NCCL INFO ncclCommSplit comm 0x57aeb47cddc0 rank 1 nranks 2 cudaDev 6 nvmlDev 6 busId c1000 parent 0x6071fd0b2f60 childCount 59 color 502283019 key 0 - Init COMPLETE
t 0x57aead797260 childCount 59 color 502283019 key 1 - Init COMPLETE
561ffbcf6eba:107641:107641 [4] NCCL INFO Init timings - ncclCommSplit: rank 0 nranks 2 total 0.03 (kernels 0.00, alloc 0.00, boo561ffbcf6eba:107643:107643 [6] NCCL INFO Init timings - ncclCommSplit: rank 1 nranks 2 total 0.03 (kernels 0.00, alloc 0.00, bootstrap 0.00, allgathers 0.00, topo 0.01, graphs 0.00, connections 0.01, rest 0.01)
tstrap 0.00, allgathers 0.00, topo 0.01, graphs 0.00, connections 0.01, rest 0.01)
561ffbcf6eba:107641:107641 [4] NCCL INFO Rank 4 has color with NCCL_SPLIT_NOCOLOR, not creating a new communicator
561ffbcf6eba:107643:107643 [6] NCCL INFO Rank 6 has color with NCCL_SPLIT_NOCOLOR, not creating a new communicator
561ffbcf6eba:107642:107642 [5] NCCL INFO Initialized NET plugin Socket
561ffbcf6eba:107643:107643 [6] NCCL INFO Rank 6 has color with NCCL_SPLIT_NOCOLOR, not creating a new communicator
561ffbcf6eba:107644:107644 [7] NCCL INFO Initialized NET plugin Socket
561ffbcf6eba:107640:107640 [3] NCCL INFO Rank 3 has color with NCCL_SPLIT_NOCOLOR, not creating a new communicator
561ffbcf6eba:107639:107639 [2] NCCL INFO Rank 2 has color with NCCL_SPLIT_NOCOLOR, not creating a new communicator
561ffbcf6eba:107638:107638 [1] NCCL INFO Rank 1 has color with NCCL_SPLIT_NOCOLOR, not creating a new communicator
561ffbcf6eba:107642:107642 [5] NCCL INFO Assigned NET plugin Socket to comm
561ffbcf6eba:107644:107644 [7] NCCL INFO Assigned NET plugin Socket to comm
561ffbcf6eba:107642:107642 [5] NCCL INFO Failed to initialize any GIN plugin
561ffbcf6eba:107644:107644 [7] NCCL INFO Failed to initialize any GIN plugin
561ffbcf6eba:107642:107642 [5] NCCL INFO Using network Socket
561ffbcf6eba:107644:107644 [7] NCCL INFO Using network Socket
561ffbcf6eba:107644:107644 [7] NCCL INFO ncclCommSplit comm 0x64f5ce8e3de0 rank 1 nranks 2 cudaDev 7 nvmlDev 7 busId e1000 parent 0x64f5c78ac5b0 childCount 60 color 1119042930 key 1- Init START
561ffbcf6eba:107642:107642 [5] NCCL INFO ncclCommSplit comm 0x630503f61520 rank 0 nranks 2 cudaDev 5 nvmlDev 5 busId a1000 parent 0x6304fcf290f0 childCount 60 color 1119042930 key 0- Init START
561ffbcf6eba:107644:107644 [7] NCCL INFO P2P is disabled between connected GPUs 7 and 5. You can repress this message with NCCL_561ffbcf6eba:107642:107642 [5] NCCL INFO P2P is disabled between connected GPUs 7 and 5. You can repress this message with NCCL_IGNORE_DISABLED_P2P=1.
IGNORE_DISABLED_P2P=1.
561ffbcf6eba:107644:107644 [7] NCCL INFO P2P is disabled between connected GPUs 7 and 5. You can repress this message with NCCL_561ffbcf6eba:107642:107642 [5] NCCL INFO P2P is disabled between connected GPUs 7 and 5. You can repress this message with NCCL_IGNORE_DISABLED_P2P=1.
IGNORE_DISABLED_P2P=1.
561ffbcf6eba:107644:107644 [7] NCCL INFO P2P is disabled between connected GPUs 5 and 7. You can repress this message with NCCL_561ffbcf6eba:107642:107642 [5] NCCL INFO P2P is disabled between connected GPUs 5 and 7. You can repress this message with NCCL_IGNORE_DISABLED_P2P=1.
IGNORE_DISABLED_P2P=1.
561ffbcf6eba:107644:107644 [7] NCCL INFO P2P is disabled between connected GPUs 5 and 7. You can repress this message with NCCL_561ffbcf6eba:107642:107642 [5] NCCL INFO P2P is disabled between connected GPUs 5 and 7. You can repress this message with NCCL_IGNORE_DISABLED_P2P=1.
IGNORE_DISABLED_P2P=1.
561ffbcf6eba:107642:107642 [5] NCCL INFO P2P is disabled between connected GPUs 7 and 5. You can repress this message with NCCL_561ffbcf6eba:107644:107644 [7] NCCL INFO P2P is disabled between connected GPUs 7 and 5. You can repress this message with NCCL_IGNORE_DISABLED_P2P=1.
IGNORE_DISABLED_P2P=1.
561ffbcf6eba:107642:107642 [5] NCCL INFO P2P is disabled between connected GPUs 7 and 5. You can repress this message with NCCL_561ffbcf6eba:107644:107644 [7] NCCL INFO P2P is disabled between connected GPUs 7 and 5. You can repress this message with NCCL_IGNORE_DISABLED_P2P=1.
IGNORE_DISABLED_P2P=1.
561ffbcf6eba:107642:107642 [5] NCCL INFO P2P is disabled between connected GPUs 5 and 7. You can repress this message with NCCL_561ffbcf6eba:107644:107644 [7] NCCL INFO P2P is disabled between connected GPUs 5 and 7. You can repress this message with NCCL_IGNORE_DISABLED_P2P=1.
IGNORE_DISABLED_P2P=1.
561ffbcf6eba:107642:107642 [5] NCCL INFO P2P is disabled between connected GPUs 5 and 7. You can repress this message with NCCL_561ffbcf6eba:107644:107644 [7] NCCL INFO P2P is disabled between connected GPUs 5 and 7. You can repress this message with NCCL_IGNORE_DISABLED_P2P=1.
IGNORE_DISABLED_P2P=1.
561ffbcf6eba:107644:107644 [7] NCCL INFO ncclTopoGetCpuAffinity: Affinity for GPU 7 is 48-95,144-191. (GPU affinity = 48-95,144-561ffbcf6eba:107642:107642 [5] NCCL INFO ncclTopoGetCpuAffinity: Affinity for GPU 5 is 48-95,144-191. (GPU affinity = 48-95,144-191 ; CPU affinity = 48-95,144-191).
191 ; CPU affinity = 48-95,144-191).
561ffbcf6eba:107642:107642 [5] NCCL INFO NVLS multicast support is not available on dev 5 (NVLS_NCHANNELS 0)
561ffbcf6eba:107644:107644 [7] NCCL INFO NVLS multicast support is not available on dev 7 (NVLS_NCHANNELS 0)
561ffbcf6eba:107642:107642 [5] NCCL INFO comm 0x630503f61520 rank 0 nRanks 2 nNodes 1 localRanks 2 localRank 0 MNNVL 0
561ffbcf6eba:107644:107644 [7] NCCL INFO comm 0x64f5ce8e3de0 rank 1 nRanks 2 nNodes 1 localRanks 2 localRank 1 MNNVL 0
561ffbcf6eba:107642:107642 [5] NCCL INFO Channel 00/04 : 0 1
561ffbcf6eba:107644:107644 [7] NCCL INFO Trees [0] -1/-1/-1->1->0 [1] 0/-1/-1->1->-1 [2] -1/-1/-1->1->0 [3] 0/-1/-1->1->-1
561ffbcf6eba:107642:107642 [5] NCCL INFO Channel 01/04 : 0 1
561ffbcf6eba:107644:107644 [7] NCCL INFO P2P Chunksize set to 131072
561ffbcf6eba:107642:107642 [5] NCCL INFO Channel 02/04 : 0 1
561ffbcf6eba:107644:107644 [7] NCCL INFO P2P is disabled between connected GPUs 5 and 7. You can repress this message with NCCL_561ffbcf6eba:107642:107642 [5] NCCL INFO Channel 03/04 : 0 1
IGNORE_DISABLED_P2P=1.
561ffbcf6eba:107642:107642 [5] NCCL INFO Trees [0] 1/-1/-1->0->-1 [1] -1/-1/-1->0->1 [2] 1/-1/-1->0->-1 [3] -1/-1/-1->0->1
561ffbcf6eba:107644:107644 [7] NCCL INFO Check P2P Type isAllDirectP2p 0 directMode 0 isAllCudaP2p 0
561ffbcf6eba:107642:107642 [5] NCCL INFO P2P Chunksize set to 131072
561ffbcf6eba:107642:107642 [5] NCCL INFO P2P is disabled between connected GPUs 5 and 7. You can repress this message with NCCL_IGNORE_DISABLED_P2P=1.
561ffbcf6eba:107642:107642 [5] NCCL INFO Check P2P Type isAllDirectP2p 0 directMode 0 isAllCudaP2p 0
561ffbcf6eba:107644:108455 [0] NCCL INFO [Proxy Service] Device 7 CPU core 87
561ffbcf6eba:107642:108457 [0] NCCL INFO [Proxy Service UDS] Device 5 CPU core 65
561ffbcf6eba:107644:108456 [0] NCCL INFO [Proxy Service UDS] Device 7 CPU core 168
561ffbcf6eba:107642:108454 [0] NCCL INFO [Proxy Service] Device 5 CPU core 183
561ffbcf6eba:107644:107644 [7] NCCL INFO threadThresholds 8/8/64 | 16/8/64 | 512 | 512
561ffbcf6eba:107644:107644 [7] NCCL INFO 4 coll channels, 4 collnet channels, 0 nvls channels, 4 p2p channels, 2 p2p channels per peer
561ffbcf6eba:107644:107644 [7] NCCL INFO Symmetric memory is not supported. cuMemEnable 1, globalGinSupport 0, globalNicFused 0 cuMemGdrSupport 0
561ffbcf6eba:107642:107642 [5] NCCL INFO threadThresholds 8/8/64 | 16/8/64 | 512 | 512
561ffbcf6eba:107642:107642 [5] NCCL INFO 4 coll channels, 4 collnet channels, 0 nvls channels, 4 p2p channels, 2 p2p channels per peer
561ffbcf6eba:107642:107642 [5] NCCL INFO Symmetric memory is not supported. cuMemEnable 1, globalGinSupport 0, globalNicFused 0 cuMemGdrSupport 0
561ffbcf6eba:107642:107642 [5] NCCL INFO CC Off, workFifoBytes 1048576
561ffbcf6eba:107642:107642 [5] NCCL INFO ncclCommSplit comm 0x630503f61520 rank 0 nranks 2 cudaDev 5 nvmlDev 5 busId a1000 paren561ffbcf6eba:107644:107644 [7] NCCL INFO ncclCommSplit comm 0x64f5ce8e3de0 rank 1 nranks 2 cudaDev 7 nvmlDev 7 busId e1000 parent 0x6304fcf290f0 childCount 60 color 1119042930 key 0 - Init COMPLETE
t 0x64f5c78ac5b0 childCount 60 color 1119042930 key 1 - Init COMPLETE
561ffbcf6eba:107642:107642 [5] NCCL INFO Init timings - ncclCommSplit: rank 0 nranks 2 total 0.03 (kernels 0.00, alloc 0.00, boo561ffbcf6eba:107644:107644 [7] NCCL INFO Init timings - ncclCommSplit: rank 1 nranks 2 total 0.03 (kernels 0.00, alloc 0.00, bootstrap 0.00, allgathers 0.00, topo 0.01, graphs 0.00, connections 0.01, rest 0.02)
tstrap 0.00, allgathers 0.00, topo 0.01, graphs 0.00, connections 0.01, rest 0.02)
561ffbcf6eba:107644:107644 [7] NCCL INFO Rank 7 has color with NCCL_SPLIT_NOCOLOR, not creating a new communicator
561ffbcf6eba:107642:107642 [5] NCCL INFO Rank 5 has color with NCCL_SPLIT_NOCOLOR, not creating a new communicator
561ffbcf6eba:107641:107641 [4] NCCL INFO Initialized NET plugin Socket
561ffbcf6eba:107637:107637 [0] NCCL INFO Initialized NET plugin Socket
561ffbcf6eba:107639:107639 [2] NCCL INFO Rank 2 has color with NCCL_SPLIT_NOCOLOR, not creating a new communicator
561ffbcf6eba:107643:107643 [6] NCCL INFO Rank 6 has color with NCCL_SPLIT_NOCOLOR, not creating a new communicator
561ffbcf6eba:107640:107640 [3] NCCL INFO Rank 3 has color with NCCL_SPLIT_NOCOLOR, not creating a new communicator
561ffbcf6eba:107644:107644 [7] NCCL INFO Rank 7 has color with NCCL_SPLIT_NOCOLOR, not creating a new communicator
561ffbcf6eba:107641:107641 [4] NCCL INFO Assigned NET plugin Socket to comm
561ffbcf6eba:107637:107637 [0] NCCL INFO Assigned NET plugin Socket to comm
561ffbcf6eba:107641:107641 [4] NCCL INFO Failed to initialize any GIN plugin
561ffbcf6eba:107637:107637 [0] NCCL INFO Failed to initialize any GIN plugin
561ffbcf6eba:107641:107641 [4] NCCL INFO Using network Socket
561ffbcf6eba:107637:107637 [0] NCCL INFO Using network Socket
561ffbcf6eba:107641:107641 [4] NCCL INFO ncclCommSplit comm 0x607204316e10 rank 1 nranks 2 cudaDev 4 nvmlDev 4 busId 81000 paren561ffbcf6eba:107637:107637 [0] NCCL INFO ncclCommSplit comm 0x56d16c5dfb60 rank 0 nranks 2 cudaDev 0 nvmlDev 0 busId 1000 parentt 0x6071fd0b2f60 childCount 61 color 923304772 key 1- Init START
 0x56d16537d720 childCount 61 color 923304772 key 0- Init START
561ffbcf6eba:107637:107637 [0] NCCL INFO ncclTopoGetCpuAffinity: Affinity for GPU 0 is 0-47,96-143. (GPU affinity = 0-47,96-143 ; CPU affinity = 0-47,96-143).
561ffbcf6eba:107637:107637 [0] NCCL INFO NVLS multicast support is not available on dev 0 (NVLS_NCHANNELS 0)
561ffbcf6eba:107641:107641 [4] NCCL INFO ncclTopoGetCpuAffinity: Affinity for GPU 4 is 48-95,144-191. (GPU affinity = 48-95,144-191 ; CPU affinity = 48-95,144-191).
561ffbcf6eba:107641:107641 [4] NCCL INFO NVLS multicast support is not available on dev 4 (NVLS_NCHANNELS 0)
561ffbcf6eba:107637:107637 [0] NCCL INFO comm 0x56d16c5dfb60 rank 0 nRanks 2 nNodes 1 localRanks 2 localRank 0 MNNVL 0
561ffbcf6eba:107641:107641 [4] NCCL INFO comm 0x607204316e10 rank 1 nRanks 2 nNodes 1 localRanks 2 localRank 1 MNNVL 0
561ffbcf6eba:107637:107637 [0] NCCL INFO Channel 00/02 : 0 1
561ffbcf6eba:107637:107637 [0] NCCL INFO Channel 01/02 : 0 1
561ffbcf6eba:107641:107641 [4] NCCL INFO Trees [0] -1/-1/-1->1->0 [1] -1/-1/-1->1->0
561ffbcf6eba:107637:107637 [0] NCCL INFO Trees [0] 1/-1/-1->0->-1 [1] 1/-1/-1->0->-1
561ffbcf6eba:107641:107641 [4] NCCL INFO P2P Chunksize set to 131072
561ffbcf6eba:107637:107637 [0] NCCL INFO P2P Chunksize set to 131072
561ffbcf6eba:107641:107641 [4] NCCL INFO Check P2P Type isAllDirectP2p 0 directMode 0 isAllCudaP2p 0
561ffbcf6eba:107637:107637 [0] NCCL INFO Check P2P Type isAllDirectP2p 0 directMode 0 isAllCudaP2p 0
561ffbcf6eba:107641:108469 [0] NCCL INFO [Proxy Service] Device 4 CPU core 65
561ffbcf6eba:107637:108468 [0] NCCL INFO [Proxy Service] Device 0 CPU core 41
561ffbcf6eba:107637:108470 [0] NCCL INFO [Proxy Service UDS] Device 0 CPU core 113
561ffbcf6eba:107641:108471 [0] NCCL INFO [Proxy Service UDS] Device 4 CPU core 186
561ffbcf6eba:107637:107637 [0] NCCL INFO threadThresholds 8/8/64 | 16/8/64 | 512 | 512
561ffbcf6eba:107637:107637 [0] NCCL INFO 2 coll channels, 2 collnet channels, 0 nvls channels, 2 p2p channels, 2 p2p channels per peer
561ffbcf6eba:107637:107637 [0] NCCL INFO Symmetric memory is not supported. cuMemEnable 1, globalGinSupport 0, globalNicFused 0 cuMemGdrSupport 0
561ffbcf6eba:107641:107641 [4] NCCL INFO threadThresholds 8/8/64 | 16/8/64 | 512 | 512
561ffbcf6eba:107641:107641 [4] NCCL INFO 2 coll channels, 2 collnet channels, 0 nvls channels, 2 p2p channels, 2 p2p channels per peer
561ffbcf6eba:107641:107641 [4] NCCL INFO Symmetric memory is not supported. cuMemEnable 1, globalGinSupport 0, globalNicFused 0 cuMemGdrSupport 0
561ffbcf6eba:107637:107637 [0] NCCL INFO CC Off, workFifoBytes 1048576
561ffbcf6eba:107637:107637 [0] NCCL INFO ncclCommSplit comm 0x56d16c5dfb60 rank 0 nranks 2 cudaDev 0 nvmlDev 0 busId 1000 parent 0x56d16537d720 childCount 61 color 923304772 key 0 - Init COMPLETE
561ffbcf6eba:107641:107641 [4] NCCL INFO ncclCommSplit comm 0x607204316e10 rank 1 nranks 2 cudaDev 4 nvmlDev 4 busId 81000 paren561ffbcf6eba:107637:107637 [0] NCCL INFO Init timings - ncclCommSplit: rank 0 nranks 2 total 0.03 (kernels 0.00, alloc 0.00, boot 0x6071fd0b2f60 childCount 61 color 923304772 key 1 - Init COMPLETE
tstrap 0.00, allgathers 0.00, topo 0.01, graphs 0.00, connections 0.00, rest 0.02)
561ffbcf6eba:107641:107641 [4] NCCL INFO Init timings - ncclCommSplit: rank 1 nranks 2 total 0.01 (kernels 0.00, alloc 0.00, bootstrap 0.00, allgathers 0.00, topo 0.01, graphs 0.00, connections 0.00, rest 0.00)
561ffbcf6eba:107637:107637 [0] NCCL INFO Rank 0 has color with NCCL_SPLIT_NOCOLOR, not creating a new communicator
561ffbcf6eba:107641:107641 [4] NCCL INFO Rank 4 has color with NCCL_SPLIT_NOCOLOR, not creating a new communicator
561ffbcf6eba:107642:107642 [5] NCCL INFO Initialized NET plugin Socket
561ffbcf6eba:107638:107638 [1] NCCL INFO Initialized NET plugin Socket
561ffbcf6eba:107640:107640 [3] NCCL INFO Rank 3 has color with NCCL_SPLIT_NOCOLOR, not creating a new communicator
561ffbcf6eba:107641:107641 [4] NCCL INFO Rank 4 has color with NCCL_SPLIT_NOCOLOR, not creating a new communicator
561ffbcf6eba:107637:107637 [0] NCCL INFO Rank 0 has color with NCCL_SPLIT_NOCOLOR, not creating a new communicator
561ffbcf6eba:107644:107644 [7] NCCL INFO Rank 7 has color with NCCL_SPLIT_NOCOLOR, not creating a new communicator
561ffbcf6eba:107642:107642 [5] NCCL INFO Assigned NET plugin Socket to comm
561ffbcf6eba:107642:107642 [5] NCCL INFO Failed to initialize any GIN plugin
561ffbcf6eba:107642:107642 [5] NCCL INFO Using network Socket
561ffbcf6eba:107642:107642 [5] NCCL INFO ncclCommSplit comm 0x63050418d600 rank 1 nranks 2 cudaDev 5 nvmlDev 5 busId a1000 parent 0x6304fcf290f0 childCount 62 color 1449462471 key 1- Init START
561ffbcf6eba:107638:107638 [1] NCCL INFO Assigned NET plugin Socket to comm
561ffbcf6eba:107638:107638 [1] NCCL INFO Failed to initialize any GIN plugin
561ffbcf6eba:107638:107638 [1] NCCL INFO Using network Socket
561ffbcf6eba:107638:107638 [1] NCCL INFO ncclCommSplit comm 0x6432d9a48330 rank 0 nranks 2 cudaDev 1 nvmlDev 1 busId 23000 parent 0x6432d27e4f60 childCount 62 color 1449462471 key 0- Init START
561ffbcf6eba:107638:107638 [1] NCCL INFO ncclTopoGetCpuAffinity: Affinity for GPU 1 is 0-47,96-143. (GPU affinity = 0-47,96-143 ; CPU affinity = 0-47,96-143).
561ffbcf6eba:107638:107638 [1] NCCL INFO NVLS multicast support is not available on dev 1 (NVLS_NCHANNELS 0)
561ffbcf6eba:107642:107642 [5] NCCL INFO ncclTopoGetCpuAffinity: Affinity for GPU 5 is 48-95,144-191. (GPU affinity = 48-95,144-191 ; CPU affinity = 48-95,144-191).
561ffbcf6eba:107642:107642 [5] NCCL INFO NVLS multicast support is not available on dev 5 (NVLS_NCHANNELS 0)
561ffbcf6eba:107638:107638 [1] NCCL INFO comm 0x6432d9a48330 rank 0 nRanks 2 nNodes 1 localRanks 2 localRank 0 MNNVL 0
561ffbcf6eba:107642:107642 [5] NCCL INFO comm 0x63050418d600 rank 1 nRanks 2 nNodes 1 localRanks 2 localRank 1 MNNVL 0
561ffbcf6eba:107638:107638 [1] NCCL INFO Channel 00/02 : 0 1
561ffbcf6eba:107638:107638 [1] NCCL INFO Channel 01/02 : 0 1
561ffbcf6eba:107638:107638 [1] NCCL INFO Trees [0] 1/-1/-1->0->-1 [1] 1/-1/-1->0->-1
561ffbcf6eba:107642:107642 [5] NCCL INFO Trees [0] -1/-1/-1->1->0 [1] -1/-1/-1->1->0
561ffbcf6eba:107638:107638 [1] NCCL INFO P2P Chunksize set to 131072
561ffbcf6eba:107642:107642 [5] NCCL INFO P2P Chunksize set to 131072
561ffbcf6eba:107638:107638 [1] NCCL INFO Check P2P Type isAllDirectP2p 0 directMode 0 isAllCudaP2p 0
561ffbcf6eba:107642:107642 [5] NCCL INFO Check P2P Type isAllDirectP2p 0 directMode 0 isAllCudaP2p 0
561ffbcf6eba:107638:108484 [0] NCCL INFO [Proxy Service] Device 1 CPU core 113
561ffbcf6eba:107642:108485 [0] NCCL INFO [Proxy Service] Device 5 CPU core 54
561ffbcf6eba:107638:108486 [0] NCCL INFO [Proxy Service UDS] Device 1 CPU core 139
561ffbcf6eba:107642:108487 [0] NCCL INFO [Proxy Service UDS] Device 5 CPU core 185
561ffbcf6eba:107638:107638 [1] NCCL INFO threadThresholds 8/8/64 | 16/8/64 | 512 | 512
561ffbcf6eba:107638:107638 [1] NCCL INFO 2 coll channels, 2 collnet channels, 0 nvls channels, 2 p2p channels, 2 p2p channels per peer
561ffbcf6eba:107638:107638 [1] NCCL INFO Symmetric memory is not supported. cuMemEnable 1, globalGinSupport 0, globalNicFused 0 cuMemGdrSupport 0
561ffbcf6eba:107642:107642 [5] NCCL INFO threadThresholds 8/8/64 | 16/8/64 | 512 | 512
561ffbcf6eba:107642:107642 [5] NCCL INFO 2 coll channels, 2 collnet channels, 0 nvls channels, 2 p2p channels, 2 p2p channels per peer
561ffbcf6eba:107642:107642 [5] NCCL INFO Symmetric memory is not supported. cuMemEnable 1, globalGinSupport 0, globalNicFused 0 cuMemGdrSupport 0
561ffbcf6eba:107638:107638 [1] NCCL INFO CC Off, workFifoBytes 1048576
561ffbcf6eba:107638:107638 [1] NCCL INFO ncclCommSplit comm 0x6432d9a48330 rank 0 nranks 2 cudaDev 1 nvmlDev 1 busId 23000 parent 0x6432d27e4f60 childCount 62 color 1449462471 key 0 - Init COMPLETE
561ffbcf6eba:107642:107642 [5] NCCL INFO ncclCommSplit comm 0x63050418d600 rank 1 nranks 2 cudaDev 5 nvmlDev 5 busId a1000 paren561ffbcf6eba:107638:107638 [1] NCCL INFO Init timings - ncclCommSplit: rank 0 nranks 2 total 0.05 (kernels 0.00, alloc 0.02, boot 0x6304fcf290f0 childCount 62 color 1449462471 key 1 - Init COMPLETE
tstrap 0.00, allgathers 0.00, topo 0.01, graphs 0.00, connections 0.00, rest 0.02)
561ffbcf6eba:107642:107642 [5] NCCL INFO Init timings - ncclCommSplit: rank 1 nranks 2 total 0.03 (kernels 0.00, alloc 0.00, bootstrap 0.02, allgathers 0.00, topo 0.01, graphs 0.00, connections 0.00, rest 0.00)
561ffbcf6eba:107638:107638 [1] NCCL INFO Rank 1 has color with NCCL_SPLIT_NOCOLOR, not creating a new communicator
561ffbcf6eba:107642:107642 [5] NCCL INFO Rank 5 has color with NCCL_SPLIT_NOCOLOR, not creating a new communicator
561ffbcf6eba:107639:107639 [2] NCCL INFO Initialized NET plugin Socket
561ffbcf6eba:107643:107643 [6] NCCL INFO Initialized NET plugin Socket
561ffbcf6eba:107638:107638 [1] NCCL INFO Rank 1 has color with NCCL_SPLIT_NOCOLOR, not creating a new communicator
561ffbcf6eba:107637:107637 [0] NCCL INFO Rank 0 has color with NCCL_SPLIT_NOCOLOR, not creating a new communicator
561ffbcf6eba:107642:107642 [5] NCCL INFO Rank 5 has color with NCCL_SPLIT_NOCOLOR, not creating a new communicator
561ffbcf6eba:107643:107643 [6] NCCL INFO Assigned NET plugin Socket to comm
561ffbcf6eba:107643:107643 [6] NCCL INFO Failed to initialize any GIN plugin
561ffbcf6eba:107643:107643 [6] NCCL INFO Using network Socket
561ffbcf6eba:107643:107643 [6] NCCL INFO ncclCommSplit comm 0x57aeb49fa070 rank 1 nranks 2 cudaDev 6 nvmlDev 6 busId c1000 parent 0x57aead797260 childCount 63 color 120142604 key 1- Init START
561ffbcf6eba:107641:107641 [4] NCCL INFO Rank 4 has color with NCCL_SPLIT_NOCOLOR, not creating a new communicator
561ffbcf6eba:107639:107639 [2] NCCL INFO Assigned NET plugin Socket to comm
561ffbcf6eba:107639:107639 [2] NCCL INFO Failed to initialize any GIN plugin
561ffbcf6eba:107639:107639 [2] NCCL INFO Using network Socket
561ffbcf6eba:107639:107639 [2] NCCL INFO ncclCommSplit comm 0x6517d7c49030 rank 0 nranks 2 cudaDev 2 nvmlDev 2 busId 41000 parent 0x6517d09e4c60 childCount 63 color 120142604 key 0- Init START
561ffbcf6eba:107639:107639 [2] NCCL INFO ncclTopoGetCpuAffinity: Affinity for GPU 2 is 0-47,96-143. (GPU affinity = 0-47,96-143 561ffbcf6eba:107643:107643 [6] NCCL INFO ncclTopoGetCpuAffinity: Affinity for GPU 6 is 48-95,144-191. (GPU affinity = 48-95,144-; CPU affinity = 0-47,96-143).
191 ; CPU affinity = 48-95,144-191).
561ffbcf6eba:107639:107639 [2] NCCL INFO NVLS multicast support is not available on dev 2 (NVLS_NCHANNELS 0)
561ffbcf6eba:107643:107643 [6] NCCL INFO NVLS multicast support is not available on dev 6 (NVLS_NCHANNELS 0)
561ffbcf6eba:107639:107639 [2] NCCL INFO comm 0x6517d7c49030 rank 0 nRanks 2 nNodes 1 localRanks 2 localRank 0 MNNVL 0
561ffbcf6eba:107639:107639 [2] NCCL INFO Channel 00/02 : 0 1
561ffbcf6eba:107639:107639 [2] NCCL INFO Channel 01/02 : 0 1
561ffbcf6eba:107639:107639 [2] NCCL INFO Trees [0] 1/-1/-1->0->-1 [1] 1/-1/-1->0->-1
561ffbcf6eba:107639:107639 [2] NCCL INFO P2P Chunksize set to 131072
561ffbcf6eba:107639:107639 [2] NCCL INFO Check P2P Type isAllDirectP2p 0 directMode 0 isAllCudaP2p 0
561ffbcf6eba:107643:107643 [6] NCCL INFO comm 0x57aeb49fa070 rank 1 nRanks 2 nNodes 1 localRanks 2 localRank 1 MNNVL 0
561ffbcf6eba:107643:107643 [6] NCCL INFO Trees [0] -1/-1/-1->1->0 [1] -1/-1/-1->1->0
561ffbcf6eba:107643:107643 [6] NCCL INFO P2P Chunksize set to 131072
561ffbcf6eba:107643:107643 [6] NCCL INFO Check P2P Type isAllDirectP2p 0 directMode 0 isAllCudaP2p 0
561ffbcf6eba:107639:108497 [0] NCCL INFO [Proxy Service] Device 2 CPU core 29
561ffbcf6eba:107639:108499 [0] NCCL INFO [Proxy Service UDS] Device 2 CPU core 38
561ffbcf6eba:107643:108501 [0] NCCL INFO [Proxy Service] Device 6 CPU core 186
561ffbcf6eba:107643:108502 [0] NCCL INFO [Proxy Service UDS] Device 6 CPU core 171
561ffbcf6eba:107639:107639 [2] NCCL INFO threadThresholds 8/8/64 | 16/8/64 | 512 | 512
561ffbcf6eba:107639:107639 [2] NCCL INFO 2 coll channels, 2 collnet channels, 0 nvls channels, 2 p2p channels, 2 p2p channels per peer
561ffbcf6eba:107639:107639 [2] NCCL INFO Symmetric memory is not supported. cuMemEnable 1, globalGinSupport 0, globalNicFused 0 cuMemGdrSupport 0
561ffbcf6eba:107643:107643 [6] NCCL INFO threadThresholds 8/8/64 | 16/8/64 | 512 | 512
561ffbcf6eba:107643:107643 [6] NCCL INFO 2 coll channels, 2 collnet channels, 0 nvls channels, 2 p2p channels, 2 p2p channels per peer
561ffbcf6eba:107643:107643 [6] NCCL INFO Symmetric memory is not supported. cuMemEnable 1, globalGinSupport 0, globalNicFused 0 cuMemGdrSupport 0
561ffbcf6eba:107639:107639 [2] NCCL INFO CC Off, workFifoBytes 1048576
561ffbcf6eba:107639:107639 [2] NCCL INFO ncclCommSplit comm 0x6517d7c49030 rank 0 nranks 2 cudaDev 2 nvmlDev 2 busId 41000 parent 0x6517d09e4c60 childCount 63 color 120142604 key 0 - Init COMPLETE
561ffbcf6eba:107639:107639 [2] NCCL INFO Init timings - ncclCommSplit: rank 0 nranks 2 total 0.06 (kernels 0.00, alloc 0.02, boo561ffbcf6eba:107643:107643 [6] NCCL INFO ncclCommSplit comm 0x57aeb49fa070 rank 1 nranks 2 cudaDev 6 nvmlDev 6 busId c1000 parentstrap 0.00, allgathers 0.00, topo 0.01, graphs 0.00, connections 0.00, rest 0.03)
t 0x57aead797260 childCount 63 color 120142604 key 1 - Init COMPLETE
561ffbcf6eba:107643:107643 [6] NCCL INFO Init timings - ncclCommSplit: rank 1 nranks 2 total 0.04 (kernels 0.00, alloc 0.00, bootstrap 0.02, allgathers 0.00, topo 0.01, graphs 0.00, connections 0.00, rest 0.02)
561ffbcf6eba:107639:107639 [2] NCCL INFO Rank 2 has color with NCCL_SPLIT_NOCOLOR, not creating a new communicator
561ffbcf6eba:107643:107643 [6] NCCL INFO Rank 6 has color with NCCL_SPLIT_NOCOLOR, not creating a new communicator
561ffbcf6eba:107640:107640 [3] NCCL INFO Initialized NET plugin Socket
561ffbcf6eba:107644:107644 [7] NCCL INFO Initialized NET plugin Socket
561ffbcf6eba:107643:107643 [6] NCCL INFO Rank 6 has color with NCCL_SPLIT_NOCOLOR, not creating a new communicator
561ffbcf6eba:107642:107642 [5] NCCL INFO Rank 5 has color with NCCL_SPLIT_NOCOLOR, not creating a new communicator
561ffbcf6eba:107644:107644 [7] NCCL INFO Assigned NET plugin Socket to comm
561ffbcf6eba:107639:107639 [2] NCCL INFO Rank 2 has color with NCCL_SPLIT_NOCOLOR, not creating a new communicator
561ffbcf6eba:107644:107644 [7] NCCL INFO Failed to initialize any GIN plugin
561ffbcf6eba:107638:107638 [1] NCCL INFO Rank 1 has color with NCCL_SPLIT_NOCOLOR, not creating a new communicator
561ffbcf6eba:107644:107644 [7] NCCL INFO Using network Socket
561ffbcf6eba:107644:107644 [7] NCCL INFO ncclCommSplit comm 0x64f5ceb0ffd0 rank 1 nranks 2 cudaDev 7 nvmlDev 7 busId e1000 parent 0x64f5c78ac5b0 childCount 64 color 1211335945 key 1- Init START
561ffbcf6eba:107640:107640 [3] NCCL INFO Assigned NET plugin Socket to comm
561ffbcf6eba:107640:107640 [3] NCCL INFO Failed to initialize any GIN plugin
561ffbcf6eba:107640:107640 [3] NCCL INFO Using network Socket
561ffbcf6eba:107640:107640 [3] NCCL INFO ncclCommSplit comm 0x633d72799b30 rank 0 nranks 2 cudaDev 3 nvmlDev 3 busId 61000 parent 0x633d6b536340 childCount 64 color 1211335945 key 0- Init START
561ffbcf6eba:107640:107640 [3] NCCL INFO ncclTopoGetCpuAffinity: Affinity for GPU 3 is 0-47,96-143. (GPU affinity = 0-47,96-143 ; CPU affinity = 0-47,96-143).
561ffbcf6eba:107640:107640 [3] NCCL INFO NVLS multicast support is not available on dev 3 (NVLS_NCHANNELS 0)
561ffbcf6eba:107644:107644 [7] NCCL INFO ncclTopoGetCpuAffinity: Affinity for GPU 7 is 48-95,144-191. (GPU affinity = 48-95,144-191 ; CPU affinity = 48-95,144-191).
561ffbcf6eba:107644:107644 [7] NCCL INFO NVLS multicast support is not available on dev 7 (NVLS_NCHANNELS 0)
561ffbcf6eba:107640:107640 [3] NCCL INFO comm 0x633d72799b30 rank 0 nRanks 2 nNodes 1 localRanks 2 localRank 0 MNNVL 0
561ffbcf6eba:107644:107644 [7] NCCL INFO comm 0x64f5ceb0ffd0 rank 1 nRanks 2 nNodes 1 localRanks 2 localRank 1 MNNVL 0
561ffbcf6eba:107640:107640 [3] NCCL INFO Channel 00/02 : 0 1
561ffbcf6eba:107640:107640 [3] NCCL INFO Channel 01/02 : 0 1
561ffbcf6eba:107644:107644 [7] NCCL INFO Trees [0] -1/-1/-1->1->0 [1] -1/-1/-1->1->0
561ffbcf6eba:107640:107640 [3] NCCL INFO Trees [0] 1/-1/-1->0->-1 [1] 1/-1/-1->0->-1
561ffbcf6eba:107644:107644 [7] NCCL INFO P2P Chunksize set to 131072
561ffbcf6eba:107640:107640 [3] NCCL INFO P2P Chunksize set to 131072
561ffbcf6eba:107644:107644 [7] NCCL INFO Check P2P Type isAllDirectP2p 0 directMode 0 isAllCudaP2p 0
561ffbcf6eba:107640:107640 [3] NCCL INFO Check P2P Type isAllDirectP2p 0 directMode 0 isAllCudaP2p 0
561ffbcf6eba:107640:108517 [0] NCCL INFO [Proxy Service] Device 3 CPU core 14
561ffbcf6eba:107644:108518 [0] NCCL INFO [Proxy Service] Device 7 CPU core 187
561ffbcf6eba:107644:108520 [0] NCCL INFO [Proxy Service UDS] Device 7 CPU core 58
561ffbcf6eba:107640:108519 [0] NCCL INFO [Proxy Service UDS] Device 3 CPU core 39
561ffbcf6eba:107640:107640 [3] NCCL INFO threadThresholds 8/8/64 | 16/8/64 | 512 | 512
561ffbcf6eba:107640:107640 [3] NCCL INFO 2 coll channels, 2 collnet channels, 0 nvls channels, 2 p2p channels, 2 p2p channels per peer
561ffbcf6eba:107640:107640 [3] NCCL INFO Symmetric memory is not supported. cuMemEnable 1, globalGinSupport 0, globalNicFused 0 cuMemGdrSupport 0
561ffbcf6eba:107644:107644 [7] NCCL INFO threadThresholds 8/8/64 | 16/8/64 | 512 | 512
561ffbcf6eba:107644:107644 [7] NCCL INFO 2 coll channels, 2 collnet channels, 0 nvls channels, 2 p2p channels, 2 p2p channels per peer
561ffbcf6eba:107644:107644 [7] NCCL INFO Symmetric memory is not supported. cuMemEnable 1, globalGinSupport 0, globalNicFused 0 cuMemGdrSupport 0
561ffbcf6eba:107640:107640 [3] NCCL INFO CC Off, workFifoBytes 1048576
561ffbcf6eba:107640:107640 [3] NCCL INFO ncclCommSplit comm 0x633d72799b30 rank 0 nranks 2 cudaDev 3 nvmlDev 3 busId 61000 parent 0x633d6b536340 childCount 64 color 1211335945 key 0 - Init COMPLETE
561ffbcf6eba:107640:107640 [3] NCCL INFO Init timings - ncclCommSplit: rank 0 nranks 2 total 0.06 (kernels 0.00, alloc 0.02, bootstrap 0.00, allgathers 0.00, topo 0.01, graphs 0.00, connections 0.00, rest 0.03)
561ffbcf6eba:107644:107644 [7] NCCL INFO ncclCommSplit comm 0x64f5ceb0ffd0 rank 1 nranks 2 cudaDev 7 nvmlDev 7 busId e1000 parent 0x64f5c78ac5b0 childCount 64 color 1211335945 key 1 - Init COMPLETE
561ffbcf6eba:107644:107644 [7] NCCL INFO Init timings - ncclCommSplit: rank 1 nranks 2 total 0.04 (kernels 0.00, alloc 0.00, bootstrap 0.02, allgathers 0.00, topo 0.01, graphs 0.00, connections 0.00, rest 0.01)
561ffbcf6eba:107640:107640 [3] NCCL INFO Rank 3 has color with NCCL_SPLIT_NOCOLOR, not creating a new communicator
561ffbcf6eba:107644:107644 [7] NCCL INFO Rank 7 has color with NCCL_SPLIT_NOCOLOR, not creating a new communicator
561ffbcf6eba:107637:107637 [0] NCCL INFO Initialized NET plugin Socket
561ffbcf6eba:107643:107643 [6] NCCL INFO Rank 6 has color with NCCL_SPLIT_NOCOLOR, not creating a new communicator
561ffbcf6eba:107641:107641 [4] NCCL INFO Initialized NET plugin Socket
561ffbcf6eba:107644:107644 [7] NCCL INFO Rank 7 has color with NCCL_SPLIT_NOCOLOR, not creating a new communicator
561ffbcf6eba:107640:107640 [3] NCCL INFO Rank 3 has color with NCCL_SPLIT_NOCOLOR, not creating a new communicator
561ffbcf6eba:107639:107639 [2] NCCL INFO Rank 2 has color with NCCL_SPLIT_NOCOLOR, not creating a new communicator
561ffbcf6eba:107637:107637 [0] NCCL INFO Assigned NET plugin Socket to comm
561ffbcf6eba:107641:107641 [4] NCCL INFO Assigned NET plugin Socket to comm
561ffbcf6eba:107637:107637 [0] NCCL INFO Failed to initialize any GIN plugin
561ffbcf6eba:107641:107641 [4] NCCL INFO Failed to initialize any GIN plugin
561ffbcf6eba:107637:107637 [0] NCCL INFO Using network Socket
561ffbcf6eba:107641:107641 [4] NCCL INFO Using network Socket
561ffbcf6eba:107637:107637 [0] NCCL INFO ncclCommSplit comm 0x56d16c8b6500 rank 0 nranks 2 cudaDev 0 nvmlDev 0 busId 1000 parent561ffbcf6eba:107641:107641 [4] NCCL INFO ncclCommSplit comm 0x6072045ee300 rank 1 nranks 2 cudaDev 4 nvmlDev 4 busId 81000 paren 0x56d16537d720 childCount 65 color 923304772 key 0- Init START
t 0x6071fd0b2f60 childCount 65 color 923304772 key 1- Init START
561ffbcf6eba:107637:107637 [0] NCCL INFO ncclTopoGetCpuAffinity: Affinity for GPU 0 is 0-47,96-143. (GPU affinity = 0-47,96-143 561ffbcf6eba:107641:107641 [4] NCCL INFO ncclTopoGetCpuAffinity: Affinity for GPU 4 is 48-95,144-191. (GPU affinity = 48-95,144-; CPU affinity = 0-47,96-143).
191 ; CPU affinity = 48-95,144-191).
561ffbcf6eba:107637:107637 [0] NCCL INFO NVLS multicast support is not available on dev 0 (NVLS_NCHANNELS 0)
561ffbcf6eba:107641:107641 [4] NCCL INFO NVLS multicast support is not available on dev 4 (NVLS_NCHANNELS 0)
561ffbcf6eba:107637:107637 [0] NCCL INFO comm 0x56d16c8b6500 rank 0 nRanks 2 nNodes 1 localRanks 2 localRank 0 MNNVL 0
561ffbcf6eba:107641:107641 [4] NCCL INFO comm 0x6072045ee300 rank 1 nRanks 2 nNodes 1 localRanks 2 localRank 1 MNNVL 0
561ffbcf6eba:107637:107637 [0] NCCL INFO Channel 00/02 : 0 1
561ffbcf6eba:107637:107637 [0] NCCL INFO Channel 01/02 : 0 1
561ffbcf6eba:107641:107641 [4] NCCL INFO Trees [0] -1/-1/-1->1->0 [1] -1/-1/-1->1->0
561ffbcf6eba:107637:107637 [0] NCCL INFO Trees [0] 1/-1/-1->0->-1 [1] 1/-1/-1->0->-1
561ffbcf6eba:107641:107641 [4] NCCL INFO P2P Chunksize set to 131072
561ffbcf6eba:107637:107637 [0] NCCL INFO P2P Chunksize set to 131072
561ffbcf6eba:107641:107641 [4] NCCL INFO Check P2P Type isAllDirectP2p 0 directMode 0 isAllCudaP2p 0
561ffbcf6eba:107637:107637 [0] NCCL INFO Check P2P Type isAllDirectP2p 0 directMode 0 isAllCudaP2p 0
561ffbcf6eba:107641:108532 [0] NCCL INFO [Proxy Service] Device 4 CPU core 58
561ffbcf6eba:107641:108534 [0] NCCL INFO [Proxy Service UDS] Device 4 CPU core 159
561ffbcf6eba:107637:108531 [0] NCCL INFO [Proxy Service] Device 0 CPU core 32
561ffbcf6eba:107637:108533 [0] NCCL INFO [Proxy Service UDS] Device 0 CPU core 108
561ffbcf6eba:107637:107637 [0] NCCL INFO threadThresholds 8/8/64 | 16/8/64 | 512 | 512
561ffbcf6eba:107641:107641 [4] NCCL INFO threadThresholds 8/8/64 | 16/8/64 | 512 | 512
561ffbcf6eba:107637:107637 [0] NCCL INFO 2 coll channels, 2 collnet channels, 0 nvls channels, 2 p2p channels, 2 p2p channels pe561ffbcf6eba:107641:107641 [4] NCCL INFO 2 coll channels, 2 collnet channels, 0 nvls channels, 2 p2p channels, 2 p2p channels per peer
r peer
561ffbcf6eba:107637:107637 [0] NCCL INFO Symmetric memory is not supported. cuMemEnable 1, globalGinSupport 0, globalNicFused 0 561ffbcf6eba:107641:107641 [4] NCCL INFO Symmetric memory is not supported. cuMemEnable 1, globalGinSupport 0, globalNicFused 0 cuMemGdrSupport 0
cuMemGdrSupport 0
561ffbcf6eba:107637:107637 [0] NCCL INFO CC Off, workFifoBytes 1048576
561ffbcf6eba:107641:107641 [4] NCCL INFO ncclCommSplit comm 0x6072045ee300 rank 1 nranks 2 cudaDev 4 nvmlDev 4 busId 81000 paren561ffbcf6eba:107637:107637 [0] NCCL INFO ncclCommSplit comm 0x56d16c8b6500 rank 0 nranks 2 cudaDev 0 nvmlDev 0 busId 1000 parentt 0x6071fd0b2f60 childCount 65 color 923304772 key 1 - Init COMPLETE
 0x56d16537d720 childCount 65 color 923304772 key 0 - Init COMPLETE
561ffbcf6eba:107641:107641 [4] NCCL INFO Init timings - ncclCommSplit: rank 1 nranks 2 total 0.05 (kernels 0.00, alloc 0.00, boo561ffbcf6eba:107637:107637 [0] NCCL INFO Init timings - ncclCommSplit: rank 0 nranks 2 total 0.05 (kernels 0.00, alloc 0.00, bootstrap 0.00, allgathers 0.00, topo 0.01, graphs 0.00, connections 0.01, rest 0.03)
tstrap 0.00, allgathers 0.00, topo 0.01, graphs 0.00, connections 0.01, rest 0.03)
561ffbcf6eba:107641:107641 [4] NCCL INFO Rank 4 has color with NCCL_SPLIT_NOCOLOR, not creating a new communicator
561ffbcf6eba:107637:107637 [0] NCCL INFO Rank 0 has color with NCCL_SPLIT_NOCOLOR, not creating a new communicator
561ffbcf6eba:107638:107638 [1] NCCL INFO Initialized NET plugin Socket
561ffbcf6eba:107637:107637 [0] NCCL INFO Rank 0 has color with NCCL_SPLIT_NOCOLOR, not creating a new communicator
561ffbcf6eba:107642:107642 [5] NCCL INFO Initialized NET plugin Socket
561ffbcf6eba:107644:107644 [7] NCCL INFO Rank 7 has color with NCCL_SPLIT_NOCOLOR, not creating a new communicator
561ffbcf6eba:107641:107641 [4] NCCL INFO Rank 4 has color with NCCL_SPLIT_NOCOLOR, not creating a new communicator
561ffbcf6eba:107640:107640 [3] NCCL INFO Rank 3 has color with NCCL_SPLIT_NOCOLOR, not creating a new communicator
561ffbcf6eba:107638:107638 [1] NCCL INFO Assigned NET plugin Socket to comm
561ffbcf6eba:107638:107638 [1] NCCL INFO Failed to initialize any GIN plugin
561ffbcf6eba:107638:107638 [1] NCCL INFO Using network Socket
561ffbcf6eba:107642:107642 [5] NCCL INFO Assigned NET plugin Socket to comm
561ffbcf6eba:107642:107642 [5] NCCL INFO Failed to initialize any GIN plugin
561ffbcf6eba:107642:107642 [5] NCCL INFO Using network Socket
561ffbcf6eba:107638:107638 [1] NCCL INFO ncclCommSplit comm 0x6432d9d1f9a0 rank 0 nranks 2 cudaDev 1 nvmlDev 1 busId 23000 parent 0x6432d27e4f60 childCount 66 color 1449462471 key 0- Init START
561ffbcf6eba:107642:107642 [5] NCCL INFO ncclCommSplit comm 0x630504464ad0 rank 1 nranks 2 cudaDev 5 nvmlDev 5 busId a1000 parent 0x6304fcf290f0 childCount 66 color 1449462471 key 1- Init START
561ffbcf6eba:107638:107638 [1] NCCL INFO ncclTopoGetCpuAffinity: Affinity for GPU 1 is 0-47,96-143. (GPU affinity = 0-47,96-143 ; CPU affinity = 0-47,96-143).
561ffbcf6eba:107638:107638 [1] NCCL INFO NVLS multicast support is not available on dev 1 (NVLS_NCHANNELS 0)
561ffbcf6eba:107642:107642 [5] NCCL INFO ncclTopoGetCpuAffinity: Affinity for GPU 5 is 48-95,144-191. (GPU affinity = 48-95,144-191 ; CPU affinity = 48-95,144-191).
561ffbcf6eba:107642:107642 [5] NCCL INFO NVLS multicast support is not available on dev 5 (NVLS_NCHANNELS 0)
561ffbcf6eba:107638:107638 [1] NCCL INFO comm 0x6432d9d1f9a0 rank 0 nRanks 2 nNodes 1 localRanks 2 localRank 0 MNNVL 0
561ffbcf6eba:107642:107642 [5] NCCL INFO comm 0x630504464ad0 rank 1 nRanks 2 nNodes 1 localRanks 2 localRank 1 MNNVL 0
561ffbcf6eba:107638:107638 [1] NCCL INFO Channel 00/02 : 0 1
561ffbcf6eba:107638:107638 [1] NCCL INFO Channel 01/02 : 0 1
561ffbcf6eba:107642:107642 [5] NCCL INFO Trees [0] -1/-1/-1->1->0 [1] -1/-1/-1->1->0
561ffbcf6eba:107638:107638 [1] NCCL INFO Trees [0] 1/-1/-1->0->-1 [1] 1/-1/-1->0->-1
561ffbcf6eba:107642:107642 [5] NCCL INFO P2P Chunksize set to 131072
561ffbcf6eba:107638:107638 [1] NCCL INFO P2P Chunksize set to 131072
561ffbcf6eba:107642:107642 [5] NCCL INFO Check P2P Type isAllDirectP2p 0 directMode 0 isAllCudaP2p 0
561ffbcf6eba:107638:107638 [1] NCCL INFO Check P2P Type isAllDirectP2p 0 directMode 0 isAllCudaP2p 0
561ffbcf6eba:107642:108545 [0] NCCL INFO [Proxy Service] Device 5 CPU core 159
561ffbcf6eba:107638:108546 [0] NCCL INFO [Proxy Service] Device 1 CPU core 40
561ffbcf6eba:107638:108547 [0] NCCL INFO [Proxy Service UDS] Device 1 CPU core 130
561ffbcf6eba:107642:108548 [0] NCCL INFO [Proxy Service UDS] Device 5 CPU core 87
561ffbcf6eba:107638:107638 [1] NCCL INFO threadThresholds 8/8/64 | 16/8/64 | 512 | 512
561ffbcf6eba:107642:107642 [5] NCCL INFO threadThresholds 8/8/64 | 16/8/64 | 512 | 512
561ffbcf6eba:107638:107638 [1] NCCL INFO 2 coll channels, 2 collnet channels, 0 nvls channels, 2 p2p channels, 2 p2p channels pe561ffbcf6eba:107642:107642 [5] NCCL INFO 2 coll channels, 2 collnet channels, 0 nvls channels, 2 p2p channels, 2 p2p channels per peer
r peer
561ffbcf6eba:107638:107638 [1] NCCL INFO Symmetric memory is not supported. cuMemEnable 1, globalGinSupport 0, globalNicFused 0 561ffbcf6eba:107642:107642 [5] NCCL INFO Symmetric memory is not supported. cuMemEnable 1, globalGinSupport 0, globalNicFused 0 cuMemGdrSupport 0
cuMemGdrSupport 0
561ffbcf6eba:107638:107638 [1] NCCL INFO CC Off, workFifoBytes 1048576
561ffbcf6eba:107638:107638 [1] NCCL INFO ncclCommSplit comm 0x6432d9d1f9a0 rank 0 nranks 2 cudaDev 1 nvmlDev 1 busId 23000 parent 0x6432d27e4f60 childCount 66 color 1449462471 key 0 - Init COMPLETE
561ffbcf6eba:107642:107642 [5] NCCL INFO ncclCommSplit comm 0x630504464ad0 rank 1 nranks 2 cudaDev 5 nvmlDev 5 busId a1000 paren561ffbcf6eba:107638:107638 [1] NCCL INFO Init timings - ncclCommSplit: rank 0 nranks 2 total 0.03 (kernels 0.00, alloc 0.00, boot 0x6304fcf290f0 childCount 66 color 1449462471 key 1 - Init COMPLETE
tstrap 0.00, allgathers 0.00, topo 0.01, graphs 0.00, connections 0.01, rest 0.02)
561ffbcf6eba:107642:107642 [5] NCCL INFO Init timings - ncclCommSplit: rank 1 nranks 2 total 0.03 (kernels 0.00, alloc 0.00, bootstrap 0.00, allgathers 0.00, topo 0.01, graphs 0.00, connections 0.01, rest 0.02)
561ffbcf6eba:107638:107638 [1] NCCL INFO Rank 1 has color with NCCL_SPLIT_NOCOLOR, not creating a new communicator
561ffbcf6eba:107642:107642 [5] NCCL INFO Rank 5 has color with NCCL_SPLIT_NOCOLOR, not creating a new communicator
561ffbcf6eba:107639:107639 [2] NCCL INFO Initialized NET plugin Socket
561ffbcf6eba:107643:107643 [6] NCCL INFO Initialized NET plugin Socket
561ffbcf6eba:107638:107638 [1] NCCL INFO Rank 1 has color with NCCL_SPLIT_NOCOLOR, not creating a new communicator
561ffbcf6eba:107642:107642 [5] NCCL INFO Rank 5 has color with NCCL_SPLIT_NOCOLOR, not creating a new communicator
561ffbcf6eba:107637:107637 [0] NCCL INFO Rank 0 has color with NCCL_SPLIT_NOCOLOR, not creating a new communicator
561ffbcf6eba:107641:107641 [4] NCCL INFO Rank 4 has color with NCCL_SPLIT_NOCOLOR, not creating a new communicator
561ffbcf6eba:107639:107639 [2] NCCL INFO Assigned NET plugin Socket to comm
561ffbcf6eba:107643:107643 [6] NCCL INFO Assigned NET plugin Socket to comm
561ffbcf6eba:107639:107639 [2] NCCL INFO Failed to initialize any GIN plugin
561ffbcf6eba:107643:107643 [6] NCCL INFO Failed to initialize any GIN plugin
561ffbcf6eba:107639:107639 [2] NCCL INFO Using network Socket
561ffbcf6eba:107643:107643 [6] NCCL INFO Using network Socket
561ffbcf6eba:107643:107643 [6] NCCL INFO ncclCommSplit comm 0x57aeb4cd1540 rank 1 nranks 2 cudaDev 6 nvmlDev 6 busId c1000 paren561ffbcf6eba:107639:107639 [2] NCCL INFO ncclCommSplit comm 0x6517d7f1f750 rank 0 nranks 2 cudaDev 2 nvmlDev 2 busId 41000 parent 0x57aead797260 childCount 67 color 120142604 key 1- Init START
t 0x6517d09e4c60 childCount 67 color 120142604 key 0- Init START
561ffbcf6eba:107639:107639 [2] NCCL INFO ncclTopoGetCpuAffinity: Affinity for GPU 2 is 0-47,96-143. (GPU affinity = 0-47,96-143 ; CPU affinity = 0-47,96-143).
561ffbcf6eba:107639:107639 [2] NCCL INFO NVLS multicast support is not available on dev 2 (NVLS_NCHANNELS 0)
561ffbcf6eba:107643:107643 [6] NCCL INFO ncclTopoGetCpuAffinity: Affinity for GPU 6 is 48-95,144-191. (GPU affinity = 48-95,144-191 ; CPU affinity = 48-95,144-191).
561ffbcf6eba:107643:107643 [6] NCCL INFO NVLS multicast support is not available on dev 6 (NVLS_NCHANNELS 0)
561ffbcf6eba:107643:107643 [6] NCCL INFO comm 0x57aeb4cd1540 rank 1 nRanks 2 nNodes 1 localRanks 2 localRank 1 MNNVL 0
561ffbcf6eba:107639:107639 [2] NCCL INFO comm 0x6517d7f1f750 rank 0 nRanks 2 nNodes 1 localRanks 2 localRank 0 MNNVL 0
561ffbcf6eba:107643:107643 [6] NCCL INFO Trees [0] -1/-1/-1->1->0 [1] -1/-1/-1->1->0
561ffbcf6eba:107639:107639 [2] NCCL INFO Channel 00/02 : 0 1
561ffbcf6eba:107643:107643 [6] NCCL INFO P2P Chunksize set to 131072
561ffbcf6eba:107639:107639 [2] NCCL INFO Channel 01/02 : 0 1
561ffbcf6eba:107643:107643 [6] NCCL INFO Check P2P Type isAllDirectP2p 0 directMode 0 isAllCudaP2p 0
561ffbcf6eba:107639:107639 [2] NCCL INFO Trees [0] 1/-1/-1->0->-1 [1] 1/-1/-1->0->-1
561ffbcf6eba:107639:107639 [2] NCCL INFO P2P Chunksize set to 131072
561ffbcf6eba:107639:107639 [2] NCCL INFO Check P2P Type isAllDirectP2p 0 directMode 0 isAllCudaP2p 0
561ffbcf6eba:107643:108559 [0] NCCL INFO [Proxy Service] Device 6 CPU core 53
561ffbcf6eba:107639:108560 [0] NCCL INFO [Proxy Service] Device 2 CPU core 127
561ffbcf6eba:107639:108562 [0] NCCL INFO [Proxy Service UDS] Device 2 CPU core 40
561ffbcf6eba:107643:108561 [0] NCCL INFO [Proxy Service UDS] Device 6 CPU core 57
561ffbcf6eba:107643:107643 [6] NCCL INFO threadThresholds 8/8/64 | 16/8/64 | 512 | 512
561ffbcf6eba:107643:107643 [6] NCCL INFO 2 coll channels, 2 collnet channels, 0 nvls channels, 2 p2p channels, 2 p2p channels per peer
561ffbcf6eba:107643:107643 [6] NCCL INFO Symmetric memory is not supported. cuMemEnable 1, globalGinSupport 0, globalNicFused 0 cuMemGdrSupport 0
561ffbcf6eba:107639:107639 [2] NCCL INFO threadThresholds 8/8/64 | 16/8/64 | 512 | 512
561ffbcf6eba:107639:107639 [2] NCCL INFO 2 coll channels, 2 collnet channels, 0 nvls channels, 2 p2p channels, 2 p2p channels per peer
561ffbcf6eba:107639:107639 [2] NCCL INFO Symmetric memory is not supported. cuMemEnable 1, globalGinSupport 0, globalNicFused 0 cuMemGdrSupport 0
561ffbcf6eba:107639:107639 [2] NCCL INFO CC Off, workFifoBytes 1048576
