561ffbcf6eba:107639:107639 [2] NCCL INFO 4 coll channels, 4 collnet channels, 0 nvls channels, 4 p2p channels, 2 p2p channels per peer
561ffbcf6eba:107639:107639 [2] NCCL INFO Symmetric memory is not supported. cuMemEnable 1, globalGinSupport 0, globalNicFused 0 cuMemGdrSupport 0
561ffbcf6eba:107637:107637 [0] NCCL INFO threadThresholds 8/8/64 | 16/8/64 | 512 | 512
561ffbcf6eba:107637:107637 [0] NCCL INFO 4 coll channels, 4 collnet channels, 0 nvls channels, 4 p2p channels, 2 p2p channels per peer
561ffbcf6eba:107637:107637 [0] NCCL INFO Symmetric memory is not supported. cuMemEnable 1, globalGinSupport 0, globalNicFused 0 cuMemGdrSupport 0
561ffbcf6eba:107637:107637 [0] NCCL INFO CC Off, workFifoBytes 1048576
561ffbcf6eba:107639:107639 [2] NCCL INFO ncclCommSplit comm 0x6517d62ce6f0 rank 1 nranks 2 cudaDev 2 nvmlDev 2 busId 41000 paren561ffbcf6eba:107637:107637 [0] NCCL INFO ncclCommSplit comm 0x56d16ac64f70 rank 0 nranks 2 cudaDev 0 nvmlDev 0 busId 1000 parentt 0x6517d09e4c60 childCount 23 color 1684518034 key 1 - Init COMPLETE
 0x56d16537d720 childCount 23 color 1684518034 key 0 - Init COMPLETE
561ffbcf6eba:107639:107639 [2] NCCL INFO Init timings - ncclCommSplit: rank 1 nranks 2 total 0.05 (kernels 0.00, alloc 0.00, boo561ffbcf6eba:107637:107637 [0] NCCL INFO Init timings - ncclCommSplit: rank 0 nranks 2 total 0.05 (kernels 0.00, alloc 0.00, bootstrap 0.00, allgathers 0.00, topo 0.01, graphs 0.00, connections 0.01, rest 0.04)
tstrap 0.00, allgathers 0.00, topo 0.01, graphs 0.00, connections 0.01, rest 0.04)
561ffbcf6eba:107639:107639 [2] NCCL INFO Rank 2 has color with NCCL_SPLIT_NOCOLOR, not creating a new communicator
561ffbcf6eba:107637:107637 [0] NCCL INFO Rank 0 has color with NCCL_SPLIT_NOCOLOR, not creating a new communicator
561ffbcf6eba:107640:107640 [3] NCCL INFO Initialized NET plugin Socket
561ffbcf6eba:107638:107638 [1] NCCL INFO Initialized NET plugin Socket
561ffbcf6eba:107642:107642 [5] NCCL INFO Rank 5 has color with NCCL_SPLIT_NOCOLOR, not creating a new communicator
561ffbcf6eba:107639:107639 [2] NCCL INFO Rank 2 has color with NCCL_SPLIT_NOCOLOR, not creating a new communicator
561ffbcf6eba:107644:107644 [7] NCCL INFO Rank 7 has color with NCCL_SPLIT_NOCOLOR, not creating a new communicator
561ffbcf6eba:107637:107637 [0] NCCL INFO Rank 0 has color with NCCL_SPLIT_NOCOLOR, not creating a new communicator
561ffbcf6eba:107638:107638 [1] NCCL INFO Assigned NET plugin Socket to comm
561ffbcf6eba:107640:107640 [3] NCCL INFO Assigned NET plugin Socket to comm
561ffbcf6eba:107638:107638 [1] NCCL INFO Failed to initialize any GIN plugin
561ffbcf6eba:107640:107640 [3] NCCL INFO Failed to initialize any GIN plugin
561ffbcf6eba:107638:107638 [1] NCCL INFO Using network Socket
561ffbcf6eba:107640:107640 [3] NCCL INFO Using network Socket
561ffbcf6eba:107640:107640 [3] NCCL INFO ncclCommSplit comm 0x633d70e1f6c0 rank 1 nranks 2 cudaDev 3 nvmlDev 3 busId 61000 parent 0x633d6b536340 childCount 24 color 1984952676 key 1- Init START
561ffbcf6eba:107638:107638 [1] NCCL INFO ncclCommSplit comm 0x6432d80ce4a0 rank 0 nranks 2 cudaDev 1 nvmlDev 1 busId 23000 parent 0x6432d27e4f60 childCount 24 color 1984952676 key 0- Init START
561ffbcf6eba:107640:107640 [3] NCCL INFO P2P is disabled between connected GPUs 3 and 1. You can repress this message with NCCL_561ffbcf6eba:107638:107638 [1] NCCL INFO P2P is disabled between connected GPUs 3 and 1. You can repress this message with NCCL_IGNORE_DISABLED_P2P=1.
IGNORE_DISABLED_P2P=1.
561ffbcf6eba:107638:107638 [1] NCCL INFO P2P is disabled between connected GPUs 3 and 1. You can repress this message with NCCL_561ffbcf6eba:107640:107640 [3] NCCL INFO P2P is disabled between connected GPUs 3 and 1. You can repress this message with NCCL_IGNORE_DISABLED_P2P=1.
IGNORE_DISABLED_P2P=1.
561ffbcf6eba:107638:107638 [1] NCCL INFO P2P is disabled between connected GPUs 1 and 3. You can repress this message with NCCL_561ffbcf6eba:107640:107640 [3] NCCL INFO P2P is disabled between connected GPUs 1 and 3. You can repress this message with NCCL_IGNORE_DISABLED_P2P=1.
IGNORE_DISABLED_P2P=1.
561ffbcf6eba:107638:107638 [1] NCCL INFO P2P is disabled between connected GPUs 1 and 3. You can repress this message with NCCL_561ffbcf6eba:107640:107640 [3] NCCL INFO P2P is disabled between connected GPUs 1 and 3. You can repress this message with NCCL_IGNORE_DISABLED_P2P=1.
IGNORE_DISABLED_P2P=1.
561ffbcf6eba:107638:107638 [1] NCCL INFO P2P is disabled between connected GPUs 3 and 1. You can repress this message with NCCL_561ffbcf6eba:107640:107640 [3] NCCL INFO P2P is disabled between connected GPUs 3 and 1. You can repress this message with NCCL_IGNORE_DISABLED_P2P=1.
IGNORE_DISABLED_P2P=1.
561ffbcf6eba:107638:107638 [1] NCCL INFO P2P is disabled between connected GPUs 3 and 1. You can repress this message with NCCL_561ffbcf6eba:107640:107640 [3] NCCL INFO P2P is disabled between connected GPUs 3 and 1. You can repress this message with NCCL_IGNORE_DISABLED_P2P=1.
IGNORE_DISABLED_P2P=1.
561ffbcf6eba:107638:107638 [1] NCCL INFO P2P is disabled between connected GPUs 1 and 3. You can repress this message with NCCL_561ffbcf6eba:107640:107640 [3] NCCL INFO P2P is disabled between connected GPUs 1 and 3. You can repress this message with NCCL_IGNORE_DISABLED_P2P=1.
IGNORE_DISABLED_P2P=1.
561ffbcf6eba:107638:107638 [1] NCCL INFO P2P is disabled between connected GPUs 1 and 3. You can repress this message with NCCL_561ffbcf6eba:107640:107640 [3] NCCL INFO P2P is disabled between connected GPUs 1 and 3. You can repress this message with NCCL_IGNORE_DISABLED_P2P=1.
IGNORE_DISABLED_P2P=1.
561ffbcf6eba:107638:107638 [1] NCCL INFO ncclTopoGetCpuAffinity: Affinity for GPU 1 is 0-47,96-143. (GPU affinity = 0-47,96-143 561ffbcf6eba:107640:107640 [3] NCCL INFO ncclTopoGetCpuAffinity: Affinity for GPU 3 is 0-47,96-143. (GPU affinity = 0-47,96-143 ; CPU affinity = 0-47,96-143).
; CPU affinity = 0-47,96-143).
561ffbcf6eba:107638:107638 [1] NCCL INFO NVLS multicast support is not available on dev 1 (NVLS_NCHANNELS 0)
561ffbcf6eba:107640:107640 [3] NCCL INFO NVLS multicast support is not available on dev 3 (NVLS_NCHANNELS 0)
561ffbcf6eba:107638:107638 [1] NCCL INFO comm 0x6432d80ce4a0 rank 0 nRanks 2 nNodes 1 localRanks 2 localRank 0 MNNVL 0
561ffbcf6eba:107640:107640 [3] NCCL INFO comm 0x633d70e1f6c0 rank 1 nRanks 2 nNodes 1 localRanks 2 localRank 1 MNNVL 0
561ffbcf6eba:107638:107638 [1] NCCL INFO Channel 00/04 : 0 1
561ffbcf6eba:107640:107640 [3] NCCL INFO Trees [0] -1/-1/-1->1->0 [1] 0/-1/-1->1->-1 [2] -1/-1/-1->1->0 [3] 0/-1/-1->1->-1
561ffbcf6eba:107638:107638 [1] NCCL INFO Channel 01/04 : 0 1
561ffbcf6eba:107640:107640 [3] NCCL INFO P2P Chunksize set to 131072
561ffbcf6eba:107638:107638 [1] NCCL INFO Channel 02/04 : 0 1
561ffbcf6eba:107640:107640 [3] NCCL INFO P2P is disabled between connected GPUs 1 and 3. You can repress this message with NCCL_561ffbcf6eba:107638:107638 [1] NCCL INFO Channel 03/04 : 0 1
IGNORE_DISABLED_P2P=1.
561ffbcf6eba:107638:107638 [1] NCCL INFO Trees [0] 1/-1/-1->0->-1 [1] -1/-1/-1->0->1 [2] 1/-1/-1->0->-1 [3] -1/-1/-1->0->1
561ffbcf6eba:107640:107640 [3] NCCL INFO Check P2P Type isAllDirectP2p 0 directMode 0 isAllCudaP2p 0
561ffbcf6eba:107638:107638 [1] NCCL INFO P2P Chunksize set to 131072
561ffbcf6eba:107638:107638 [1] NCCL INFO P2P is disabled between connected GPUs 1 and 3. You can repress this message with NCCL_IGNORE_DISABLED_P2P=1.
561ffbcf6eba:107638:107638 [1] NCCL INFO Check P2P Type isAllDirectP2p 0 directMode 0 isAllCudaP2p 0
561ffbcf6eba:107638:108027 [0] NCCL INFO [Proxy Service] Device 1 CPU core 99
561ffbcf6eba:107640:108029 [0] NCCL INFO [Proxy Service UDS] Device 3 CPU core 35
561ffbcf6eba:107640:108026 [0] NCCL INFO [Proxy Service] Device 3 CPU core 99
561ffbcf6eba:107638:108028 [0] NCCL INFO [Proxy Service UDS] Device 1 CPU core 35
561ffbcf6eba:107640:107640 [3] NCCL INFO threadThresholds 8/8/64 | 16/8/64 | 512 | 512
561ffbcf6eba:107640:107640 [3] NCCL INFO 4 coll channels, 4 collnet channels, 0 nvls channels, 4 p2p channels, 2 p2p channels per peer
561ffbcf6eba:107640:107640 [3] NCCL INFO Symmetric memory is not supported. cuMemEnable 1, globalGinSupport 0, globalNicFused 0 cuMemGdrSupport 0
561ffbcf6eba:107638:107638 [1] NCCL INFO threadThresholds 8/8/64 | 16/8/64 | 512 | 512
561ffbcf6eba:107638:107638 [1] NCCL INFO 4 coll channels, 4 collnet channels, 0 nvls channels, 4 p2p channels, 2 p2p channels per peer
561ffbcf6eba:107638:107638 [1] NCCL INFO Symmetric memory is not supported. cuMemEnable 1, globalGinSupport 0, globalNicFused 0 cuMemGdrSupport 0
561ffbcf6eba:107638:107638 [1] NCCL INFO CC Off, workFifoBytes 1048576
561ffbcf6eba:107638:107638 [1] NCCL INFO ncclCommSplit comm 0x6432d80ce4a0 rank 0 nranks 2 cudaDev 1 nvmlDev 1 busId 23000 paren561ffbcf6eba:107640:107640 [3] NCCL INFO ncclCommSplit comm 0x633d70e1f6c0 rank 1 nranks 2 cudaDev 3 nvmlDev 3 busId 61000 parent 0x6432d27e4f60 childCount 24 color 1984952676 key 0 - Init COMPLETE
t 0x633d6b536340 childCount 24 color 1984952676 key 1 - Init COMPLETE
561ffbcf6eba:107638:107638 [1] NCCL INFO Init timings - ncclCommSplit: rank 0 nranks 2 total 0.03 (kernels 0.00, alloc 0.00, boo561ffbcf6eba:107640:107640 [3] NCCL INFO Init timings - ncclCommSplit: rank 1 nranks 2 total 0.03 (kernels 0.00, alloc 0.00, bootstrap 0.00, allgathers 0.00, topo 0.01, graphs 0.00, connections 0.01, rest 0.01)
tstrap 0.00, allgathers 0.00, topo 0.01, graphs 0.00, connections 0.01, rest 0.01)
561ffbcf6eba:107638:107638 [1] NCCL INFO Rank 1 has color with NCCL_SPLIT_NOCOLOR, not creating a new communicator
561ffbcf6eba:107640:107640 [3] NCCL INFO Rank 3 has color with NCCL_SPLIT_NOCOLOR, not creating a new communicator
561ffbcf6eba:107638:107638 [1] NCCL INFO Rank 1 has color with NCCL_SPLIT_NOCOLOR, not creating a new communicator
561ffbcf6eba:107643:107643 [6] NCCL INFO Initialized NET plugin Socket
561ffbcf6eba:107641:107641 [4] NCCL INFO Initialized NET plugin Socket
561ffbcf6eba:107637:107637 [0] NCCL INFO Rank 0 has color with NCCL_SPLIT_NOCOLOR, not creating a new communicator
561ffbcf6eba:107640:107640 [3] NCCL INFO Rank 3 has color with NCCL_SPLIT_NOCOLOR, not creating a new communicator
561ffbcf6eba:107639:107639 [2] NCCL INFO Rank 2 has color with NCCL_SPLIT_NOCOLOR, not creating a new communicator
561ffbcf6eba:107641:107641 [4] NCCL INFO Assigned NET plugin Socket to comm
561ffbcf6eba:107643:107643 [6] NCCL INFO Assigned NET plugin Socket to comm
561ffbcf6eba:107641:107641 [4] NCCL INFO Failed to initialize any GIN plugin
561ffbcf6eba:107643:107643 [6] NCCL INFO Failed to initialize any GIN plugin
561ffbcf6eba:107641:107641 [4] NCCL INFO Using network Socket
561ffbcf6eba:107643:107643 [6] NCCL INFO Using network Socket
561ffbcf6eba:107643:107643 [6] NCCL INFO ncclCommSplit comm 0x57aeb307f910 rank 1 nranks 2 cudaDev 6 nvmlDev 6 busId c1000 parent 0x57aead797260 childCount 25 color 502283019 key 1- Init START
561ffbcf6eba:107641:107641 [4] NCCL INFO ncclCommSplit comm 0x60720299c8d0 rank 0 nranks 2 cudaDev 4 nvmlDev 4 busId 81000 parent 0x6071fd0b2f60 childCount 25 color 502283019 key 0- Init START
561ffbcf6eba:107643:107643 [6] NCCL INFO P2P is disabled between connected GPUs 6 and 4. You can repress this message with NCCL_IGNORE_DISABLED_P2P=1.
561ffbcf6eba:107643:107643 [6] NCCL INFO P2P is disabled between connected GPUs 6 and 4. You can repress this message with NCCL_IGNORE_DISABLED_P2P=1.
561ffbcf6eba:107643:107643 [6] NCCL INFO P2P is disabled between connected GPUs 4 and 6. You can repress this message with NCCL_IGNORE_DISABLED_P2P=1.
561ffbcf6eba:107643:107643 [6] NCCL INFO P2P is disabled between connected GPUs 4 and 6. You can repress this message with NCCL_IGNORE_DISABLED_P2P=1.
561ffbcf6eba:107643:107643 [6] NCCL INFO P2P is disabled between connected GPUs 6 and 4. You can repress this message with NCCL_IGNORE_DISABLED_P2P=1.
561ffbcf6eba:107643:107643 [6] NCCL INFO P2P is disabled between connected GPUs 6 and 4. You can repress this message with NCCL_IGNORE_DISABLED_P2P=1.
561ffbcf6eba:107643:107643 [6] NCCL INFO P2P is disabled between connected GPUs 4 and 6. You can repress this message with NCCL_IGNORE_DISABLED_P2P=1.
561ffbcf6eba:107643:107643 [6] NCCL INFO P2P is disabled between connected GPUs 4 and 6. You can repress this message with NCCL_IGNORE_DISABLED_P2P=1.
561ffbcf6eba:107643:107643 [6] NCCL INFO ncclTopoGetCpuAffinity: Affinity for GPU 6 is 48-95,144-191. (GPU affinity = 48-95,144-191 ; CPU affinity = 48-95,144-191).
561ffbcf6eba:107643:107643 [6] NCCL INFO NVLS multicast support is not available on dev 6 (NVLS_NCHANNELS 0)
561ffbcf6eba:107641:107641 [4] NCCL INFO P2P is disabled between connected GPUs 6 and 4. You can repress this message with NCCL_IGNORE_DISABLED_P2P=1.
561ffbcf6eba:107641:107641 [4] NCCL INFO P2P is disabled between connected GPUs 6 and 4. You can repress this message with NCCL_IGNORE_DISABLED_P2P=1.
561ffbcf6eba:107641:107641 [4] NCCL INFO P2P is disabled between connected GPUs 4 and 6. You can repress this message with NCCL_IGNORE_DISABLED_P2P=1.
561ffbcf6eba:107641:107641 [4] NCCL INFO P2P is disabled between connected GPUs 4 and 6. You can repress this message with NCCL_IGNORE_DISABLED_P2P=1.
561ffbcf6eba:107641:107641 [4] NCCL INFO P2P is disabled between connected GPUs 6 and 4. You can repress this message with NCCL_IGNORE_DISABLED_P2P=1.
561ffbcf6eba:107641:107641 [4] NCCL INFO P2P is disabled between connected GPUs 6 and 4. You can repress this message with NCCL_IGNORE_DISABLED_P2P=1.
561ffbcf6eba:107641:107641 [4] NCCL INFO P2P is disabled between connected GPUs 4 and 6. You can repress this message with NCCL_IGNORE_DISABLED_P2P=1.
561ffbcf6eba:107641:107641 [4] NCCL INFO P2P is disabled between connected GPUs 4 and 6. You can repress this message with NCCL_IGNORE_DISABLED_P2P=1.
561ffbcf6eba:107641:107641 [4] NCCL INFO ncclTopoGetCpuAffinity: Affinity for GPU 4 is 48-95,144-191. (GPU affinity = 48-95,144-191 ; CPU affinity = 48-95,144-191).
561ffbcf6eba:107641:107641 [4] NCCL INFO NVLS multicast support is not available on dev 4 (NVLS_NCHANNELS 0)
561ffbcf6eba:107641:107641 [4] NCCL INFO comm 0x60720299c8d0 rank 0 nRanks 2 nNodes 1 localRanks 2 localRank 0 MNNVL 0
561ffbcf6eba:107643:107643 [6] NCCL INFO comm 0x57aeb307f910 rank 1 nRanks 2 nNodes 1 localRanks 2 localRank 1 MNNVL 0
561ffbcf6eba:107641:107641 [4] NCCL INFO Channel 00/04 : 0 1
561ffbcf6eba:107643:107643 [6] NCCL INFO Trees [0] -1/-1/-1->1->0 [1] 0/-1/-1->1->-1 [2] -1/-1/-1->1->0 [3] 0/-1/-1->1->-1
561ffbcf6eba:107641:107641 [4] NCCL INFO Channel 01/04 : 0 1
561ffbcf6eba:107643:107643 [6] NCCL INFO P2P Chunksize set to 131072
561ffbcf6eba:107641:107641 [4] NCCL INFO Channel 02/04 : 0 1
561ffbcf6eba:107643:107643 [6] NCCL INFO P2P is disabled between connected GPUs 4 and 6. You can repress this message with NCCL_561ffbcf6eba:107641:107641 [4] NCCL INFO Channel 03/04 : 0 1
IGNORE_DISABLED_P2P=1.
561ffbcf6eba:107641:107641 [4] NCCL INFO Trees [0] 1/-1/-1->0->-1 [1] -1/-1/-1->0->1 [2] 1/-1/-1->0->-1 [3] -1/-1/-1->0->1
561ffbcf6eba:107643:107643 [6] NCCL INFO Check P2P Type isAllDirectP2p 0 directMode 0 isAllCudaP2p 0
561ffbcf6eba:107641:107641 [4] NCCL INFO P2P Chunksize set to 131072
561ffbcf6eba:107641:107641 [4] NCCL INFO P2P is disabled between connected GPUs 4 and 6. You can repress this message with NCCL_IGNORE_DISABLED_P2P=1.
561ffbcf6eba:107641:107641 [4] NCCL INFO Check P2P Type isAllDirectP2p 0 directMode 0 isAllCudaP2p 0
561ffbcf6eba:107641:108040 [0] NCCL INFO [Proxy Service] Device 4 CPU core 167
561ffbcf6eba:107641:108043 [0] NCCL INFO [Proxy Service UDS] Device 4 CPU core 60
561ffbcf6eba:107643:108041 [0] NCCL INFO [Proxy Service] Device 6 CPU core 167
561ffbcf6eba:107643:108042 [0] NCCL INFO [Proxy Service UDS] Device 6 CPU core 60
561ffbcf6eba:107643:107643 [6] NCCL INFO threadThresholds 8/8/64 | 16/8/64 | 512 | 512
561ffbcf6eba:107643:107643 [6] NCCL INFO 4 coll channels, 4 collnet channels, 0 nvls channels, 4 p2p channels, 2 p2p channels per peer
561ffbcf6eba:107643:107643 [6] NCCL INFO Symmetric memory is not supported. cuMemEnable 1, globalGinSupport 0, globalNicFused 0 cuMemGdrSupport 0
561ffbcf6eba:107641:107641 [4] NCCL INFO threadThresholds 8/8/64 | 16/8/64 | 512 | 512
561ffbcf6eba:107641:107641 [4] NCCL INFO 4 coll channels, 4 collnet channels, 0 nvls channels, 4 p2p channels, 2 p2p channels per peer
561ffbcf6eba:107641:107641 [4] NCCL INFO Symmetric memory is not supported. cuMemEnable 1, globalGinSupport 0, globalNicFused 0 cuMemGdrSupport 0
561ffbcf6eba:107641:107641 [4] NCCL INFO CC Off, workFifoBytes 1048576
561ffbcf6eba:107641:107641 [4] NCCL INFO ncclCommSplit comm 0x60720299c8d0 rank 0 nranks 2 cudaDev 4 nvmlDev 4 busId 81000 paren561ffbcf6eba:107643:107643 [6] NCCL INFO ncclCommSplit comm 0x57aeb307f910 rank 1 nranks 2 cudaDev 6 nvmlDev 6 busId c1000 parent 0x6071fd0b2f60 childCount 25 color 502283019 key 0 - Init COMPLETE
t 0x57aead797260 childCount 25 color 502283019 key 1 - Init COMPLETE
561ffbcf6eba:107641:107641 [4] NCCL INFO Init timings - ncclCommSplit: rank 0 nranks 2 total 0.03 (kernels 0.00, alloc 0.00, boo561ffbcf6eba:107643:107643 [6] NCCL INFO Init timings - ncclCommSplit: rank 1 nranks 2 total 0.03 (kernels 0.00, alloc 0.00, bootstrap 0.00, allgathers 0.00, topo 0.01, graphs 0.00, connections 0.01, rest 0.01)
tstrap 0.00, allgathers 0.00, topo 0.01, graphs 0.00, connections 0.01, rest 0.01)
561ffbcf6eba:107641:107641 [4] NCCL INFO Rank 4 has color with NCCL_SPLIT_NOCOLOR, not creating a new communicator
561ffbcf6eba:107643:107643 [6] NCCL INFO Rank 6 has color with NCCL_SPLIT_NOCOLOR, not creating a new communicator
561ffbcf6eba:107644:107644 [7] NCCL INFO Initialized NET plugin Socket
561ffbcf6eba:107642:107642 [5] NCCL INFO Initialized NET plugin Socket
561ffbcf6eba:107638:107638 [1] NCCL INFO Rank 1 has color with NCCL_SPLIT_NOCOLOR, not creating a new communicator
561ffbcf6eba:107639:107639 [2] NCCL INFO Rank 2 has color with NCCL_SPLIT_NOCOLOR, not creating a new communicator
561ffbcf6eba:107643:107643 [6] NCCL INFO Rank 6 has color with NCCL_SPLIT_NOCOLOR, not creating a new communicator
561ffbcf6eba:107640:107640 [3] NCCL INFO Rank 3 has color with NCCL_SPLIT_NOCOLOR, not creating a new communicator
561ffbcf6eba:107644:107644 [7] NCCL INFO Assigned NET plugin Socket to comm
561ffbcf6eba:107642:107642 [5] NCCL INFO Assigned NET plugin Socket to comm
561ffbcf6eba:107644:107644 [7] NCCL INFO Failed to initialize any GIN plugin
561ffbcf6eba:107642:107642 [5] NCCL INFO Failed to initialize any GIN plugin
561ffbcf6eba:107644:107644 [7] NCCL INFO Using network Socket
561ffbcf6eba:107642:107642 [5] NCCL INFO Using network Socket
561ffbcf6eba:107644:107644 [7] NCCL INFO ncclCommSplit comm 0x64f5cd194b50 rank 1 nranks 2 cudaDev 7 nvmlDev 7 busId e1000 parent 0x64f5c78ac5b0 childCount 26 color 1119042930 key 1- Init START
561ffbcf6eba:107642:107642 [5] NCCL INFO ncclCommSplit comm 0x630502812a40 rank 0 nranks 2 cudaDev 5 nvmlDev 5 busId a1000 parent 0x6304fcf290f0 childCount 26 color 1119042930 key 0- Init START
561ffbcf6eba:107644:107644 [7] NCCL INFO P2P is disabled between connected GPUs 7 and 5. You can repress this message with NCCL_561ffbcf6eba:107642:107642 [5] NCCL INFO P2P is disabled between connected GPUs 7 and 5. You can repress this message with NCCL_IGNORE_DISABLED_P2P=1.
IGNORE_DISABLED_P2P=1.
561ffbcf6eba:107644:107644 [7] NCCL INFO P2P is disabled between connected GPUs 7 and 5. You can repress this message with NCCL_561ffbcf6eba:107642:107642 [5] NCCL INFO P2P is disabled between connected GPUs 7 and 5. You can repress this message with NCCL_IGNORE_DISABLED_P2P=1.
IGNORE_DISABLED_P2P=1.
561ffbcf6eba:107644:107644 [7] NCCL INFO P2P is disabled between connected GPUs 5 and 7. You can repress this message with NCCL_561ffbcf6eba:107642:107642 [5] NCCL INFO P2P is disabled between connected GPUs 5 and 7. You can repress this message with NCCL_IGNORE_DISABLED_P2P=1.
IGNORE_DISABLED_P2P=1.
561ffbcf6eba:107644:107644 [7] NCCL INFO P2P is disabled between connected GPUs 5 and 7. You can repress this message with NCCL_561ffbcf6eba:107642:107642 [5] NCCL INFO P2P is disabled between connected GPUs 5 and 7. You can repress this message with NCCL_IGNORE_DISABLED_P2P=1.
IGNORE_DISABLED_P2P=1.
561ffbcf6eba:107642:107642 [5] NCCL INFO P2P is disabled between connected GPUs 7 and 5. You can repress this message with NCCL_561ffbcf6eba:107644:107644 [7] NCCL INFO P2P is disabled between connected GPUs 7 and 5. You can repress this message with NCCL_IGNORE_DISABLED_P2P=1.
IGNORE_DISABLED_P2P=1.
561ffbcf6eba:107642:107642 [5] NCCL INFO P2P is disabled between connected GPUs 7 and 5. You can repress this message with NCCL_561ffbcf6eba:107644:107644 [7] NCCL INFO P2P is disabled between connected GPUs 7 and 5. You can repress this message with NCCL_IGNORE_DISABLED_P2P=1.
IGNORE_DISABLED_P2P=1.
561ffbcf6eba:107642:107642 [5] NCCL INFO P2P is disabled between connected GPUs 5 and 7. You can repress this message with NCCL_561ffbcf6eba:107644:107644 [7] NCCL INFO P2P is disabled between connected GPUs 5 and 7. You can repress this message with NCCL_IGNORE_DISABLED_P2P=1.
IGNORE_DISABLED_P2P=1.
561ffbcf6eba:107642:107642 [5] NCCL INFO P2P is disabled between connected GPUs 5 and 7. You can repress this message with NCCL_561ffbcf6eba:107644:107644 [7] NCCL INFO P2P is disabled between connected GPUs 5 and 7. You can repress this message with NCCL_IGNORE_DISABLED_P2P=1.
IGNORE_DISABLED_P2P=1.
561ffbcf6eba:107642:107642 [5] NCCL INFO ncclTopoGetCpuAffinity: Affinity for GPU 5 is 48-95,144-191. (GPU affinity = 48-95,144-561ffbcf6eba:107644:107644 [7] NCCL INFO ncclTopoGetCpuAffinity: Affinity for GPU 7 is 48-95,144-191. (GPU affinity = 48-95,144-191 ; CPU affinity = 48-95,144-191).
191 ; CPU affinity = 48-95,144-191).
561ffbcf6eba:107644:107644 [7] NCCL INFO NVLS multicast support is not available on dev 7 (NVLS_NCHANNELS 0)
561ffbcf6eba:107642:107642 [5] NCCL INFO NVLS multicast support is not available on dev 5 (NVLS_NCHANNELS 0)
561ffbcf6eba:107642:107642 [5] NCCL INFO comm 0x630502812a40 rank 0 nRanks 2 nNodes 1 localRanks 2 localRank 0 MNNVL 0
561ffbcf6eba:107644:107644 [7] NCCL INFO comm 0x64f5cd194b50 rank 1 nRanks 2 nNodes 1 localRanks 2 localRank 1 MNNVL 0
561ffbcf6eba:107642:107642 [5] NCCL INFO Channel 00/04 : 0 1
561ffbcf6eba:107644:107644 [7] NCCL INFO Trees [0] -1/-1/-1->1->0 [1] 0/-1/-1->1->-1 [2] -1/-1/-1->1->0 [3] 0/-1/-1->1->-1
561ffbcf6eba:107642:107642 [5] NCCL INFO Channel 01/04 : 0 1
561ffbcf6eba:107644:107644 [7] NCCL INFO P2P Chunksize set to 131072
561ffbcf6eba:107642:107642 [5] NCCL INFO Channel 02/04 : 0 1
561ffbcf6eba:107644:107644 [7] NCCL INFO P2P is disabled between connected GPUs 5 and 7. You can repress this message with NCCL_561ffbcf6eba:107642:107642 [5] NCCL INFO Channel 03/04 : 0 1
IGNORE_DISABLED_P2P=1.
561ffbcf6eba:107642:107642 [5] NCCL INFO Trees [0] 1/-1/-1->0->-1 [1] -1/-1/-1->0->1 [2] 1/-1/-1->0->-1 [3] -1/-1/-1->0->1
561ffbcf6eba:107644:107644 [7] NCCL INFO Check P2P Type isAllDirectP2p 0 directMode 0 isAllCudaP2p 0
561ffbcf6eba:107642:107642 [5] NCCL INFO P2P Chunksize set to 131072
561ffbcf6eba:107642:107642 [5] NCCL INFO P2P is disabled between connected GPUs 5 and 7. You can repress this message with NCCL_IGNORE_DISABLED_P2P=1.
561ffbcf6eba:107642:107642 [5] NCCL INFO Check P2P Type isAllDirectP2p 0 directMode 0 isAllCudaP2p 0
561ffbcf6eba:107642:108055 [0] NCCL INFO [Proxy Service] Device 5 CPU core 185
561ffbcf6eba:107644:108054 [0] NCCL INFO [Proxy Service] Device 7 CPU core 185
561ffbcf6eba:107642:108056 [0] NCCL INFO [Proxy Service UDS] Device 5 CPU core 80
561ffbcf6eba:107644:108057 [0] NCCL INFO [Proxy Service UDS] Device 7 CPU core 81
561ffbcf6eba:107644:107644 [7] NCCL INFO threadThresholds 8/8/64 | 16/8/64 | 512 | 512
561ffbcf6eba:107644:107644 [7] NCCL INFO 4 coll channels, 4 collnet channels, 0 nvls channels, 4 p2p channels, 2 p2p channels per peer
561ffbcf6eba:107644:107644 [7] NCCL INFO Symmetric memory is not supported. cuMemEnable 1, globalGinSupport 0, globalNicFused 0 cuMemGdrSupport 0
561ffbcf6eba:107642:107642 [5] NCCL INFO threadThresholds 8/8/64 | 16/8/64 | 512 | 512
561ffbcf6eba:107642:107642 [5] NCCL INFO 4 coll channels, 4 collnet channels, 0 nvls channels, 4 p2p channels, 2 p2p channels per peer
561ffbcf6eba:107642:107642 [5] NCCL INFO Symmetric memory is not supported. cuMemEnable 1, globalGinSupport 0, globalNicFused 0 cuMemGdrSupport 0
561ffbcf6eba:107642:107642 [5] NCCL INFO CC Off, workFifoBytes 1048576
561ffbcf6eba:107642:107642 [5] NCCL INFO ncclCommSplit comm 0x630502812a40 rank 0 nranks 2 cudaDev 5 nvmlDev 5 busId a1000 paren561ffbcf6eba:107644:107644 [7] NCCL INFO ncclCommSplit comm 0x64f5cd194b50 rank 1 nranks 2 cudaDev 7 nvmlDev 7 busId e1000 parent 0x6304fcf290f0 childCount 26 color 1119042930 key 0 - Init COMPLETE
t 0x64f5c78ac5b0 childCount 26 color 1119042930 key 1 - Init COMPLETE
561ffbcf6eba:107642:107642 [5] NCCL INFO Init timings - ncclCommSplit: rank 0 nranks 2 total 0.03 (kernels 0.00, alloc 0.00, boo561ffbcf6eba:107644:107644 [7] NCCL INFO Init timings - ncclCommSplit: rank 1 nranks 2 total 0.03 (kernels 0.00, alloc 0.00, bootstrap 0.00, allgathers 0.00, topo 0.01, graphs 0.00, connections 0.01, rest 0.01)
tstrap 0.00, allgathers 0.00, topo 0.01, graphs 0.00, connections 0.01, rest 0.01)
561ffbcf6eba:107644:107644 [7] NCCL INFO Rank 7 has color with NCCL_SPLIT_NOCOLOR, not creating a new communicator
561ffbcf6eba:107642:107642 [5] NCCL INFO Rank 5 has color with NCCL_SPLIT_NOCOLOR, not creating a new communicator
561ffbcf6eba:107641:107641 [4] NCCL INFO Initialized NET plugin Socket
561ffbcf6eba:107637:107637 [0] NCCL INFO Initialized NET plugin Socket
561ffbcf6eba:107639:107639 [2] NCCL INFO Rank 2 has color with NCCL_SPLIT_NOCOLOR, not creating a new communicator
561ffbcf6eba:107643:107643 [6] NCCL INFO Rank 6 has color with NCCL_SPLIT_NOCOLOR, not creating a new communicator
561ffbcf6eba:107644:107644 [7] NCCL INFO Rank 7 has color with NCCL_SPLIT_NOCOLOR, not creating a new communicator
561ffbcf6eba:107640:107640 [3] NCCL INFO Rank 3 has color with NCCL_SPLIT_NOCOLOR, not creating a new communicator
561ffbcf6eba:107641:107641 [4] NCCL INFO Assigned NET plugin Socket to comm
561ffbcf6eba:107637:107637 [0] NCCL INFO Assigned NET plugin Socket to comm
561ffbcf6eba:107641:107641 [4] NCCL INFO Failed to initialize any GIN plugin
561ffbcf6eba:107637:107637 [0] NCCL INFO Failed to initialize any GIN plugin
561ffbcf6eba:107641:107641 [4] NCCL INFO Using network Socket
561ffbcf6eba:107637:107637 [0] NCCL INFO Using network Socket
561ffbcf6eba:107637:107637 [0] NCCL INFO ncclCommSplit comm 0x56d16ae876d0 rank 0 nranks 2 cudaDev 0 nvmlDev 0 busId 1000 parent561ffbcf6eba:107641:107641 [4] NCCL INFO ncclCommSplit comm 0x607202bbdf50 rank 1 nranks 2 cudaDev 4 nvmlDev 4 busId 81000 paren 0x56d16537d720 childCount 27 color 923304772 key 0- Init START
t 0x6071fd0b2f60 childCount 27 color 923304772 key 1- Init START
561ffbcf6eba:107637:107637 [0] NCCL INFO ncclTopoGetCpuAffinity: Affinity for GPU 0 is 0-47,96-143. (GPU affinity = 0-47,96-143 ; CPU affinity = 0-47,96-143).
561ffbcf6eba:107637:107637 [0] NCCL INFO NVLS multicast support is not available on dev 0 (NVLS_NCHANNELS 0)
561ffbcf6eba:107641:107641 [4] NCCL INFO ncclTopoGetCpuAffinity: Affinity for GPU 4 is 48-95,144-191. (GPU affinity = 48-95,144-191 ; CPU affinity = 48-95,144-191).
561ffbcf6eba:107641:107641 [4] NCCL INFO NVLS multicast support is not available on dev 4 (NVLS_NCHANNELS 0)
561ffbcf6eba:107637:107637 [0] NCCL INFO comm 0x56d16ae876d0 rank 0 nRanks 2 nNodes 1 localRanks 2 localRank 0 MNNVL 0
561ffbcf6eba:107641:107641 [4] NCCL INFO comm 0x607202bbdf50 rank 1 nRanks 2 nNodes 1 localRanks 2 localRank 1 MNNVL 0
561ffbcf6eba:107637:107637 [0] NCCL INFO Channel 00/02 : 0 1
561ffbcf6eba:107637:107637 [0] NCCL INFO Channel 01/02 : 0 1
561ffbcf6eba:107641:107641 [4] NCCL INFO Trees [0] -1/-1/-1->1->0 [1] -1/-1/-1->1->0
561ffbcf6eba:107637:107637 [0] NCCL INFO Trees [0] 1/-1/-1->0->-1 [1] 1/-1/-1->0->-1
561ffbcf6eba:107641:107641 [4] NCCL INFO P2P Chunksize set to 131072
561ffbcf6eba:107637:107637 [0] NCCL INFO P2P Chunksize set to 131072
561ffbcf6eba:107641:107641 [4] NCCL INFO Check P2P Type isAllDirectP2p 0 directMode 0 isAllCudaP2p 0
561ffbcf6eba:107637:107637 [0] NCCL INFO Check P2P Type isAllDirectP2p 0 directMode 0 isAllCudaP2p 0
561ffbcf6eba:107641:108068 [0] NCCL INFO [Proxy Service] Device 4 CPU core 71
561ffbcf6eba:107637:108069 [0] NCCL INFO [Proxy Service] Device 0 CPU core 118
561ffbcf6eba:107641:108070 [0] NCCL INFO [Proxy Service UDS] Device 4 CPU core 145
561ffbcf6eba:107637:108071 [0] NCCL INFO [Proxy Service UDS] Device 0 CPU core 28
561ffbcf6eba:107641:107641 [4] NCCL INFO threadThresholds 8/8/64 | 16/8/64 | 512 | 512
561ffbcf6eba:107641:107641 [4] NCCL INFO 2 coll channels, 2 collnet channels, 0 nvls channels, 2 p2p channels, 2 p2p channels per peer
561ffbcf6eba:107641:107641 [4] NCCL INFO Symmetric memory is not supported. cuMemEnable 1, globalGinSupport 0, globalNicFused 0 cuMemGdrSupport 0
561ffbcf6eba:107637:107637 [0] NCCL INFO threadThresholds 8/8/64 | 16/8/64 | 512 | 512
561ffbcf6eba:107637:107637 [0] NCCL INFO 2 coll channels, 2 collnet channels, 0 nvls channels, 2 p2p channels, 2 p2p channels per peer
561ffbcf6eba:107637:107637 [0] NCCL INFO Symmetric memory is not supported. cuMemEnable 1, globalGinSupport 0, globalNicFused 0 cuMemGdrSupport 0
561ffbcf6eba:107637:107637 [0] NCCL INFO CC Off, workFifoBytes 1048576
561ffbcf6eba:107641:107641 [4] NCCL INFO ncclCommSplit comm 0x607202bbdf50 rank 1 nranks 2 cudaDev 4 nvmlDev 4 busId 81000 parent 0x6071fd0b2f60 childCount 27 color 923304772 key 1 - Init COMPLETE
561ffbcf6eba:107637:107637 [0] NCCL INFO ncclCommSplit comm 0x56d16ae876d0 rank 0 nranks 2 cudaDev 0 nvmlDev 0 busId 1000 parent561ffbcf6eba:107641:107641 [4] NCCL INFO Init timings - ncclCommSplit: rank 1 nranks 2 total 0.03 (kernels 0.00, alloc 0.00, boo 0x56d16537d720 childCount 27 color 923304772 key 0 - Init COMPLETE
tstrap 0.00, allgathers 0.00, topo 0.01, graphs 0.00, connections 0.00, rest 0.01)
561ffbcf6eba:107637:107637 [0] NCCL INFO Init timings - ncclCommSplit: rank 0 nranks 2 total 0.03 (kernels 0.00, alloc 0.00, bootstrap 0.00, allgathers 0.00, topo 0.01, graphs 0.00, connections 0.00, rest 0.01)
561ffbcf6eba:107637:107637 [0] NCCL INFO Rank 0 has color with NCCL_SPLIT_NOCOLOR, not creating a new communicator
561ffbcf6eba:107641:107641 [4] NCCL INFO Rank 4 has color with NCCL_SPLIT_NOCOLOR, not creating a new communicator
561ffbcf6eba:107638:107638 [1] NCCL INFO Initialized NET plugin Socket
561ffbcf6eba:107642:107642 [5] NCCL INFO Initialized NET plugin Socket
561ffbcf6eba:107644:107644 [7] NCCL INFO Rank 7 has color with NCCL_SPLIT_NOCOLOR, not creating a new communicator
561ffbcf6eba:107637:107637 [0] NCCL INFO Rank 0 has color with NCCL_SPLIT_NOCOLOR, not creating a new communicator
561ffbcf6eba:107641:107641 [4] NCCL INFO Rank 4 has color with NCCL_SPLIT_NOCOLOR, not creating a new communicator
561ffbcf6eba:107640:107640 [3] NCCL INFO Rank 3 has color with NCCL_SPLIT_NOCOLOR, not creating a new communicator
561ffbcf6eba:107638:107638 [1] NCCL INFO Assigned NET plugin Socket to comm
561ffbcf6eba:107638:107638 [1] NCCL INFO Failed to initialize any GIN plugin
561ffbcf6eba:107638:107638 [1] NCCL INFO Using network Socket
561ffbcf6eba:107642:107642 [5] NCCL INFO Assigned NET plugin Socket to comm
561ffbcf6eba:107642:107642 [5] NCCL INFO Failed to initialize any GIN plugin
561ffbcf6eba:107642:107642 [5] NCCL INFO Using network Socket
561ffbcf6eba:107638:107638 [1] NCCL INFO ncclCommSplit comm 0x6432d82efc50 rank 0 nranks 2 cudaDev 1 nvmlDev 1 busId 23000 parent 0x6432d27e4f60 childCount 28 color 1449462471 key 0- Init START
561ffbcf6eba:107642:107642 [5] NCCL INFO ncclCommSplit comm 0x630502a340c0 rank 1 nranks 2 cudaDev 5 nvmlDev 5 busId a1000 parent 0x6304fcf290f0 childCount 28 color 1449462471 key 1- Init START
561ffbcf6eba:107638:107638 [1] NCCL INFO ncclTopoGetCpuAffinity: Affinity for GPU 1 is 0-47,96-143. (GPU affinity = 0-47,96-143 561ffbcf6eba:107642:107642 [5] NCCL INFO ncclTopoGetCpuAffinity: Affinity for GPU 5 is 48-95,144-191. (GPU affinity = 48-95,144-; CPU affinity = 0-47,96-143).
191 ; CPU affinity = 48-95,144-191).
561ffbcf6eba:107638:107638 [1] NCCL INFO NVLS multicast support is not available on dev 1 (NVLS_NCHANNELS 0)
561ffbcf6eba:107642:107642 [5] NCCL INFO NVLS multicast support is not available on dev 5 (NVLS_NCHANNELS 0)
561ffbcf6eba:107638:107638 [1] NCCL INFO comm 0x6432d82efc50 rank 0 nRanks 2 nNodes 1 localRanks 2 localRank 0 MNNVL 0
561ffbcf6eba:107642:107642 [5] NCCL INFO comm 0x630502a340c0 rank 1 nRanks 2 nNodes 1 localRanks 2 localRank 1 MNNVL 0
561ffbcf6eba:107638:107638 [1] NCCL INFO Channel 00/02 : 0 1
561ffbcf6eba:107638:107638 [1] NCCL INFO Channel 01/02 : 0 1
561ffbcf6eba:107642:107642 [5] NCCL INFO Trees [0] -1/-1/-1->1->0 [1] -1/-1/-1->1->0
561ffbcf6eba:107638:107638 [1] NCCL INFO Trees [0] 1/-1/-1->0->-1 [1] 1/-1/-1->0->-1
561ffbcf6eba:107642:107642 [5] NCCL INFO P2P Chunksize set to 131072
561ffbcf6eba:107638:107638 [1] NCCL INFO P2P Chunksize set to 131072
561ffbcf6eba:107642:107642 [5] NCCL INFO Check P2P Type isAllDirectP2p 0 directMode 0 isAllCudaP2p 0
561ffbcf6eba:107638:107638 [1] NCCL INFO Check P2P Type isAllDirectP2p 0 directMode 0 isAllCudaP2p 0
561ffbcf6eba:107638:108086 [0] NCCL INFO [Proxy Service] Device 1 CPU core 28
561ffbcf6eba:107642:108087 [0] NCCL INFO [Proxy Service UDS] Device 5 CPU core 185
561ffbcf6eba:107638:108088 [0] NCCL INFO [Proxy Service UDS] Device 1 CPU core 21
561ffbcf6eba:107642:108085 [0] NCCL INFO [Proxy Service] Device 5 CPU core 86
561ffbcf6eba:107638:107638 [1] NCCL INFO threadThresholds 8/8/64 | 16/8/64 | 512 | 512
561ffbcf6eba:107638:107638 [1] NCCL INFO 2 coll channels, 2 collnet channels, 0 nvls channels, 2 p2p channels, 2 p2p channels per peer
561ffbcf6eba:107638:107638 [1] NCCL INFO Symmetric memory is not supported. cuMemEnable 1, globalGinSupport 0, globalNicFused 0 cuMemGdrSupport 0
561ffbcf6eba:107642:107642 [5] NCCL INFO threadThresholds 8/8/64 | 16/8/64 | 512 | 512
561ffbcf6eba:107642:107642 [5] NCCL INFO 2 coll channels, 2 collnet channels, 0 nvls channels, 2 p2p channels, 2 p2p channels per peer
561ffbcf6eba:107642:107642 [5] NCCL INFO Symmetric memory is not supported. cuMemEnable 1, globalGinSupport 0, globalNicFused 0 cuMemGdrSupport 0
561ffbcf6eba:107638:107638 [1] NCCL INFO CC Off, workFifoBytes 1048576
561ffbcf6eba:107638:107638 [1] NCCL INFO ncclCommSplit comm 0x6432d82efc50 rank 0 nranks 2 cudaDev 1 nvmlDev 1 busId 23000 parent 0x6432d27e4f60 childCount 28 color 1449462471 key 0 - Init COMPLETE
561ffbcf6eba:107638:107638 [1] NCCL INFO Init timings - ncclCommSplit: rank 0 nranks 2 total 0.03 (kernels 0.00, alloc 0.00, bootstrap 0.00, allgathers 0.00, topo 0.01, graphs 0.00, connections 0.00, rest 0.01)
561ffbcf6eba:107642:107642 [5] NCCL INFO ncclCommSplit comm 0x630502a340c0 rank 1 nranks 2 cudaDev 5 nvmlDev 5 busId a1000 parent 0x6304fcf290f0 childCount 28 color 1449462471 key 1 - Init COMPLETE
561ffbcf6eba:107642:107642 [5] NCCL INFO Init timings - ncclCommSplit: rank 1 nranks 2 total 0.03 (kernels 0.00, alloc 0.00, bootstrap 0.00, allgathers 0.00, topo 0.01, graphs 0.00, connections 0.00, rest 0.01)
561ffbcf6eba:107638:107638 [1] NCCL INFO Rank 1 has color with NCCL_SPLIT_NOCOLOR, not creating a new communicator
561ffbcf6eba:107642:107642 [5] NCCL INFO Rank 5 has color with NCCL_SPLIT_NOCOLOR, not creating a new communicator
561ffbcf6eba:107639:107639 [2] NCCL INFO Initialized NET plugin Socket
561ffbcf6eba:107638:107638 [1] NCCL INFO Rank 1 has color with NCCL_SPLIT_NOCOLOR, not creating a new communicator
561ffbcf6eba:107643:107643 [6] NCCL INFO Initialized NET plugin Socket
561ffbcf6eba:107642:107642 [5] NCCL INFO Rank 5 has color with NCCL_SPLIT_NOCOLOR, not creating a new communicator
561ffbcf6eba:107641:107641 [4] NCCL INFO Rank 4 has color with NCCL_SPLIT_NOCOLOR, not creating a new communicator
561ffbcf6eba:107637:107637 [0] NCCL INFO Rank 0 has color with NCCL_SPLIT_NOCOLOR, not creating a new communicator
561ffbcf6eba:107639:107639 [2] NCCL INFO Assigned NET plugin Socket to comm
561ffbcf6eba:107639:107639 [2] NCCL INFO Failed to initialize any GIN plugin
561ffbcf6eba:107639:107639 [2] NCCL INFO Using network Socket
561ffbcf6eba:107643:107643 [6] NCCL INFO Assigned NET plugin Socket to comm
561ffbcf6eba:107643:107643 [6] NCCL INFO Failed to initialize any GIN plugin
561ffbcf6eba:107643:107643 [6] NCCL INFO Using network Socket
561ffbcf6eba:107639:107639 [2] NCCL INFO ncclCommSplit comm 0x6517d64efd70 rank 0 nranks 2 cudaDev 2 nvmlDev 2 busId 41000 parent 0x6517d09e4c60 childCount 29 color 120142604 key 0- Init START
561ffbcf6eba:107643:107643 [6] NCCL INFO ncclCommSplit comm 0x57aeb32a1f70 rank 1 nranks 2 cudaDev 6 nvmlDev 6 busId c1000 parent 0x57aead797260 childCount 29 color 120142604 key 1- Init START
561ffbcf6eba:107639:107639 [2] NCCL INFO ncclTopoGetCpuAffinity: Affinity for GPU 2 is 0-47,96-143. (GPU affinity = 0-47,96-143 561ffbcf6eba:107643:107643 [6] NCCL INFO ncclTopoGetCpuAffinity: Affinity for GPU 6 is 48-95,144-191. (GPU affinity = 48-95,144-; CPU affinity = 0-47,96-143).
191 ; CPU affinity = 48-95,144-191).
561ffbcf6eba:107639:107639 [2] NCCL INFO NVLS multicast support is not available on dev 2 (NVLS_NCHANNELS 0)
561ffbcf6eba:107643:107643 [6] NCCL INFO NVLS multicast support is not available on dev 6 (NVLS_NCHANNELS 0)
561ffbcf6eba:107639:107639 [2] NCCL INFO comm 0x6517d64efd70 rank 0 nRanks 2 nNodes 1 localRanks 2 localRank 0 MNNVL 0
561ffbcf6eba:107643:107643 [6] NCCL INFO comm 0x57aeb32a1f70 rank 1 nRanks 2 nNodes 1 localRanks 2 localRank 1 MNNVL 0
561ffbcf6eba:107639:107639 [2] NCCL INFO Channel 00/02 : 0 1
561ffbcf6eba:107639:107639 [2] NCCL INFO Channel 01/02 : 0 1
561ffbcf6eba:107643:107643 [6] NCCL INFO Trees [0] -1/-1/-1->1->0 [1] -1/-1/-1->1->0
561ffbcf6eba:107639:107639 [2] NCCL INFO Trees [0] 1/-1/-1->0->-1 [1] 1/-1/-1->0->-1
561ffbcf6eba:107643:107643 [6] NCCL INFO P2P Chunksize set to 131072
561ffbcf6eba:107639:107639 [2] NCCL INFO P2P Chunksize set to 131072
561ffbcf6eba:107643:107643 [6] NCCL INFO Check P2P Type isAllDirectP2p 0 directMode 0 isAllCudaP2p 0
561ffbcf6eba:107639:107639 [2] NCCL INFO Check P2P Type isAllDirectP2p 0 directMode 0 isAllCudaP2p 0
561ffbcf6eba:107643:108100 [0] NCCL INFO [Proxy Service] Device 6 CPU core 56
561ffbcf6eba:107643:108102 [0] NCCL INFO [Proxy Service UDS] Device 6 CPU core 89
561ffbcf6eba:107639:108101 [0] NCCL INFO [Proxy Service] Device 2 CPU core 122
561ffbcf6eba:107639:108103 [0] NCCL INFO [Proxy Service UDS] Device 2 CPU core 13
561ffbcf6eba:107643:107643 [6] NCCL INFO threadThresholds 8/8/64 | 16/8/64 | 512 | 512
561ffbcf6eba:107643:107643 [6] NCCL INFO 2 coll channels, 2 collnet channels, 0 nvls channels, 2 p2p channels, 2 p2p channels per peer
561ffbcf6eba:107643:107643 [6] NCCL INFO Symmetric memory is not supported. cuMemEnable 1, globalGinSupport 0, globalNicFused 0 cuMemGdrSupport 0
561ffbcf6eba:107639:107639 [2] NCCL INFO threadThresholds 8/8/64 | 16/8/64 | 512 | 512
561ffbcf6eba:107639:107639 [2] NCCL INFO 2 coll channels, 2 collnet channels, 0 nvls channels, 2 p2p channels, 2 p2p channels per peer
561ffbcf6eba:107639:107639 [2] NCCL INFO Symmetric memory is not supported. cuMemEnable 1, globalGinSupport 0, globalNicFused 0 cuMemGdrSupport 0
561ffbcf6eba:107639:107639 [2] NCCL INFO CC Off, workFifoBytes 1048576
561ffbcf6eba:107643:107643 [6] NCCL INFO ncclCommSplit comm 0x57aeb32a1f70 rank 1 nranks 2 cudaDev 6 nvmlDev 6 busId c1000 parent 0x57aead797260 childCount 29 color 120142604 key 1 - Init COMPLETE
561ffbcf6eba:107643:107643 [6] NCCL INFO Init timings - ncclCommSplit: rank 1 nranks 2 total 0.03 (kernels 0.00, alloc 0.00, boo561ffbcf6eba:107639:107639 [2] NCCL INFO ncclCommSplit comm 0x6517d64efd70 rank 0 nranks 2 cudaDev 2 nvmlDev 2 busId 41000 parentstrap 0.00, allgathers 0.00, topo 0.01, graphs 0.00, connections 0.00, rest 0.01)
t 0x6517d09e4c60 childCount 29 color 120142604 key 0 - Init COMPLETE
561ffbcf6eba:107639:107639 [2] NCCL INFO Init timings - ncclCommSplit: rank 0 nranks 2 total 0.03 (kernels 0.00, alloc 0.00, bootstrap 0.00, allgathers 0.00, topo 0.01, graphs 0.00, connections 0.00, rest 0.01)
561ffbcf6eba:107639:107639 [2] NCCL INFO Rank 2 has color with NCCL_SPLIT_NOCOLOR, not creating a new communicator
561ffbcf6eba:107643:107643 [6] NCCL INFO Rank 6 has color with NCCL_SPLIT_NOCOLOR, not creating a new communicator
561ffbcf6eba:107640:107640 [3] NCCL INFO Initialized NET plugin Socket
561ffbcf6eba:107644:107644 [7] NCCL INFO Initialized NET plugin Socket
561ffbcf6eba:107640:107640 [3] NCCL INFO Assigned NET plugin Socket to comm
561ffbcf6eba:107640:107640 [3] NCCL INFO Failed to initialize any GIN plugin
561ffbcf6eba:107639:107639 [2] NCCL INFO Rank 2 has color with NCCL_SPLIT_NOCOLOR, not creating a new communicator
561ffbcf6eba:107640:107640 [3] NCCL INFO Using network Socket
561ffbcf6eba:107644:107644 [7] NCCL INFO Assigned NET plugin Socket to comm
561ffbcf6eba:107638:107638 [1] NCCL INFO Rank 1 has color with NCCL_SPLIT_NOCOLOR, not creating a new communicator
561ffbcf6eba:107644:107644 [7] NCCL INFO Failed to initialize any GIN plugin
561ffbcf6eba:107644:107644 [7] NCCL INFO Using network Socket
561ffbcf6eba:107643:107643 [6] NCCL INFO Rank 6 has color with NCCL_SPLIT_NOCOLOR, not creating a new communicator
561ffbcf6eba:107642:107642 [5] NCCL INFO Rank 5 has color with NCCL_SPLIT_NOCOLOR, not creating a new communicator
561ffbcf6eba:107640:107640 [3] NCCL INFO ncclCommSplit comm 0x633d71041e20 rank 0 nranks 2 cudaDev 3 nvmlDev 3 busId 61000 parent 0x633d6b536340 childCount 30 color 1211335945 key 0- Init START
561ffbcf6eba:107644:107644 [7] NCCL INFO ncclCommSplit comm 0x64f5cd3b72b0 rank 1 nranks 2 cudaDev 7 nvmlDev 7 busId e1000 parent 0x64f5c78ac5b0 childCount 30 color 1211335945 key 1- Init START
561ffbcf6eba:107640:107640 [3] NCCL INFO ncclTopoGetCpuAffinity: Affinity for GPU 3 is 0-47,96-143. (GPU affinity = 0-47,96-143 ; CPU affinity = 0-47,96-143).
561ffbcf6eba:107640:107640 [3] NCCL INFO NVLS multicast support is not available on dev 3 (NVLS_NCHANNELS 0)
561ffbcf6eba:107644:107644 [7] NCCL INFO ncclTopoGetCpuAffinity: Affinity for GPU 7 is 48-95,144-191. (GPU affinity = 48-95,144-191 ; CPU affinity = 48-95,144-191).
561ffbcf6eba:107644:107644 [7] NCCL INFO NVLS multicast support is not available on dev 7 (NVLS_NCHANNELS 0)
561ffbcf6eba:107640:107640 [3] NCCL INFO comm 0x633d71041e20 rank 0 nRanks 2 nNodes 1 localRanks 2 localRank 0 MNNVL 0
561ffbcf6eba:107644:107644 [7] NCCL INFO comm 0x64f5cd3b72b0 rank 1 nRanks 2 nNodes 1 localRanks 2 localRank 1 MNNVL 0
561ffbcf6eba:107640:107640 [3] NCCL INFO Channel 00/02 : 0 1
561ffbcf6eba:107640:107640 [3] NCCL INFO Channel 01/02 : 0 1
561ffbcf6eba:107644:107644 [7] NCCL INFO Trees [0] -1/-1/-1->1->0 [1] -1/-1/-1->1->0
561ffbcf6eba:107640:107640 [3] NCCL INFO Trees [0] 1/-1/-1->0->-1 [1] 1/-1/-1->0->-1
561ffbcf6eba:107644:107644 [7] NCCL INFO P2P Chunksize set to 131072
561ffbcf6eba:107640:107640 [3] NCCL INFO P2P Chunksize set to 131072
561ffbcf6eba:107644:107644 [7] NCCL INFO Check P2P Type isAllDirectP2p 0 directMode 0 isAllCudaP2p 0
561ffbcf6eba:107640:107640 [3] NCCL INFO Check P2P Type isAllDirectP2p 0 directMode 0 isAllCudaP2p 0
561ffbcf6eba:107640:108117 [0] NCCL INFO [Proxy Service] Device 3 CPU core 129
561ffbcf6eba:107644:108118 [0] NCCL INFO [Proxy Service UDS] Device 7 CPU core 86
561ffbcf6eba:107644:108116 [0] NCCL INFO [Proxy Service] Device 7 CPU core 55
561ffbcf6eba:107640:108119 [0] NCCL INFO [Proxy Service UDS] Device 3 CPU core 1
561ffbcf6eba:107644:107644 [7] NCCL INFO threadThresholds 8/8/64 | 16/8/64 | 512 | 512
561ffbcf6eba:107644:107644 [7] NCCL INFO 2 coll channels, 2 collnet channels, 0 nvls channels, 2 p2p channels, 2 p2p channels per peer
561ffbcf6eba:107644:107644 [7] NCCL INFO Symmetric memory is not supported. cuMemEnable 1, globalGinSupport 0, globalNicFused 0 cuMemGdrSupport 0
561ffbcf6eba:107640:107640 [3] NCCL INFO threadThresholds 8/8/64 | 16/8/64 | 512 | 512
561ffbcf6eba:107640:107640 [3] NCCL INFO 2 coll channels, 2 collnet channels, 0 nvls channels, 2 p2p channels, 2 p2p channels per peer
561ffbcf6eba:107640:107640 [3] NCCL INFO Symmetric memory is not supported. cuMemEnable 1, globalGinSupport 0, globalNicFused 0 cuMemGdrSupport 0
561ffbcf6eba:107640:107640 [3] NCCL INFO CC Off, workFifoBytes 1048576
561ffbcf6eba:107644:107644 [7] NCCL INFO ncclCommSplit comm 0x64f5cd3b72b0 rank 1 nranks 2 cudaDev 7 nvmlDev 7 busId e1000 parent 0x64f5c78ac5b0 childCount 30 color 1211335945 key 1 - Init COMPLETE
561ffbcf6eba:107644:107644 [7] NCCL INFO Init timings - ncclCommSplit: rank 1 nranks 2 total 0.03 (kernels 0.00, alloc 0.00, boo561ffbcf6eba:107640:107640 [3] NCCL INFO ncclCommSplit comm 0x633d71041e20 rank 0 nranks 2 cudaDev 3 nvmlDev 3 busId 61000 parentstrap 0.00, allgathers 0.00, topo 0.01, graphs 0.00, connections 0.00, rest 0.01)
t 0x633d6b536340 childCount 30 color 1211335945 key 0 - Init COMPLETE
561ffbcf6eba:107640:107640 [3] NCCL INFO Init timings - ncclCommSplit: rank 0 nranks 2 total 0.03 (kernels 0.00, alloc 0.00, bootstrap 0.00, allgathers 0.00, topo 0.01, graphs 0.00, connections 0.00, rest 0.01)
561ffbcf6eba:107640:107640 [3] NCCL INFO Rank 3 has color with NCCL_SPLIT_NOCOLOR, not creating a new communicator
561ffbcf6eba:107644:107644 [7] NCCL INFO Rank 7 has color with NCCL_SPLIT_NOCOLOR, not creating a new communicator
561ffbcf6eba:107641:107641 [4] NCCL INFO Initialized NET plugin Socket
561ffbcf6eba:107637:107637 [0] NCCL INFO Initialized NET plugin Socket
561ffbcf6eba:107639:107639 [2] NCCL INFO Rank 2 has color with NCCL_SPLIT_NOCOLOR, not creating a new communicator
561ffbcf6eba:107640:107640 [3] NCCL INFO Rank 3 has color with NCCL_SPLIT_NOCOLOR, not creating a new communicator
561ffbcf6eba:107641:107641 [4] NCCL INFO Assigned NET plugin Socket to comm
561ffbcf6eba:107644:107644 [7] NCCL INFO Rank 7 has color with NCCL_SPLIT_NOCOLOR, not creating a new communicator
561ffbcf6eba:107643:107643 [6] NCCL INFO Rank 6 has color with NCCL_SPLIT_NOCOLOR, not creating a new communicator
561ffbcf6eba:107641:107641 [4] NCCL INFO Failed to initialize any GIN plugin
561ffbcf6eba:107637:107637 [0] NCCL INFO Assigned NET plugin Socket to comm
561ffbcf6eba:107641:107641 [4] NCCL INFO Using network Socket
561ffbcf6eba:107637:107637 [0] NCCL INFO Failed to initialize any GIN plugin
561ffbcf6eba:107637:107637 [0] NCCL INFO Using network Socket
561ffbcf6eba:107641:107641 [4] NCCL INFO ncclCommSplit comm 0x607202e950b0 rank 1 nranks 2 cudaDev 4 nvmlDev 4 busId 81000 parent 0x6071fd0b2f60 childCount 31 color 923304772 key 1- Init START
561ffbcf6eba:107637:107637 [0] NCCL INFO ncclCommSplit comm 0x56d16b15e6b0 rank 0 nranks 2 cudaDev 0 nvmlDev 0 busId 1000 parent 0x56d16537d720 childCount 31 color 923304772 key 0- Init START
561ffbcf6eba:107641:107641 [4] NCCL INFO ncclTopoGetCpuAffinity: Affinity for GPU 4 is 48-95,144-191. (GPU affinity = 48-95,144-561ffbcf6eba:107637:107637 [0] NCCL INFO ncclTopoGetCpuAffinity: Affinity for GPU 0 is 0-47,96-143. (GPU affinity = 0-47,96-143 191 ; CPU affinity = 48-95,144-191).
; CPU affinity = 0-47,96-143).
561ffbcf6eba:107641:107641 [4] NCCL INFO NVLS multicast support is not available on dev 4 (NVLS_NCHANNELS 0)
561ffbcf6eba:107637:107637 [0] NCCL INFO NVLS multicast support is not available on dev 0 (NVLS_NCHANNELS 0)
561ffbcf6eba:107637:107637 [0] NCCL INFO comm 0x56d16b15e6b0 rank 0 nRanks 2 nNodes 1 localRanks 2 localRank 0 MNNVL 0
561ffbcf6eba:107641:107641 [4] NCCL INFO comm 0x607202e950b0 rank 1 nRanks 2 nNodes 1 localRanks 2 localRank 1 MNNVL 0
561ffbcf6eba:107637:107637 [0] NCCL INFO Channel 00/02 : 0 1
561ffbcf6eba:107637:107637 [0] NCCL INFO Channel 01/02 : 0 1
561ffbcf6eba:107641:107641 [4] NCCL INFO Trees [0] -1/-1/-1->1->0 [1] -1/-1/-1->1->0
561ffbcf6eba:107637:107637 [0] NCCL INFO Trees [0] 1/-1/-1->0->-1 [1] 1/-1/-1->0->-1
561ffbcf6eba:107641:107641 [4] NCCL INFO P2P Chunksize set to 131072
561ffbcf6eba:107637:107637 [0] NCCL INFO P2P Chunksize set to 131072
561ffbcf6eba:107641:107641 [4] NCCL INFO Check P2P Type isAllDirectP2p 0 directMode 0 isAllCudaP2p 0
561ffbcf6eba:107637:107637 [0] NCCL INFO Check P2P Type isAllDirectP2p 0 directMode 0 isAllCudaP2p 0
561ffbcf6eba:107641:108134 [0] NCCL INFO [Proxy Service] Device 4 CPU core 86
561ffbcf6eba:107637:108133 [0] NCCL INFO [Proxy Service] Device 0 CPU core 40
561ffbcf6eba:107641:108136 [0] NCCL INFO [Proxy Service UDS] Device 4 CPU core 145
561ffbcf6eba:107637:108135 [0] NCCL INFO [Proxy Service UDS] Device 0 CPU core 115
561ffbcf6eba:107637:107637 [0] NCCL INFO threadThresholds 8/8/64 | 16/8/64 | 512 | 512
561ffbcf6eba:107637:107637 [0] NCCL INFO 2 coll channels, 2 collnet channels, 0 nvls channels, 2 p2p channels, 2 p2p channels per peer
561ffbcf6eba:107637:107637 [0] NCCL INFO Symmetric memory is not supported. cuMemEnable 1, globalGinSupport 0, globalNicFused 0 cuMemGdrSupport 0
561ffbcf6eba:107641:107641 [4] NCCL INFO threadThresholds 8/8/64 | 16/8/64 | 512 | 512
561ffbcf6eba:107641:107641 [4] NCCL INFO 2 coll channels, 2 collnet channels, 0 nvls channels, 2 p2p channels, 2 p2p channels per peer
561ffbcf6eba:107641:107641 [4] NCCL INFO Symmetric memory is not supported. cuMemEnable 1, globalGinSupport 0, globalNicFused 0 cuMemGdrSupport 0
561ffbcf6eba:107637:107637 [0] NCCL INFO CC Off, workFifoBytes 1048576
561ffbcf6eba:107637:107637 [0] NCCL INFO ncclCommSplit comm 0x56d16b15e6b0 rank 0 nranks 2 cudaDev 0 nvmlDev 0 busId 1000 parent 0x56d16537d720 childCount 31 color 923304772 key 0 - Init COMPLETE
